[2m2026-09-18T00:08:56.230242Z[0m [32m INFO[0m [2mrooms[0m[2m:[0m rooms clone [3msnapshot_dir[0m[2m=[0m"/home/rooms/lab/snapshot" [3mimage[0m[2m=[0m"/home/rooms/rooms/images/agent-alpine.ext4" [3mcount[0m[2m=[0m12 [3mkeep[0m[2m=[0mfalse
[2m2026-09-18T00:08:57.247238Z[0m [32m INFO[0m [2mrooms::firecracker[0m[2m:[0m spawning restore firecracker via barriered jailer [3msocket[0m[2m=[0m/home/rooms/.local/state/rooms/jailer/firecracker/01m2rxghn853qxfdf65p5d3jad/root/api.sock
[2m2026-09-18T00:08:57.247525Z[0m [32m INFO[0m [2mrooms::firecracker[0m[2m:[0m spawning restore firecracker via barriered jailer [3msocket[0m[2m=[0m/home/rooms/.local/state/rooms/jailer/firecracker/01m2rxghn8s5tkv9vxak7132q2/root/api.sock
[2m2026-09-18T00:08:57.247538Z[0m [32m INFO[0m [2mrooms::firecracker[0m[2m:[0m spawning restore firecracker via barriered jailer [3msocket[0m[2m=[0m/home/rooms/.local/state/rooms/jailer/firecracker/01m2rxghn893yvrb34k1nk13ea/root/api.sock
[2m2026-09-18T00:08:57.248085Z[0m [32m INFO[0m [2mrooms::firecracker[0m[2m:[0m spawning restore firecracker via barriered jailer [3msocket[0m[2m=[0m/home/rooms/.local/state/rooms/jailer/firecracker/01m2rxghn8f0xkppe9qk7rp94a/root/api.sock
[2m2026-09-18T00:08:57.248093Z[0m [32m INFO[0m [2mrooms::firecracker[0m[2m:[0m spawning restore firecracker via barriered jailer [3msocket[0m[2m=[0m/home/rooms/.local/state/rooms/jailer/firecracker/01m2rxghn8yepm806d1c0qhndm/root/api.sock
[2m2026-09-18T00:08:57.248107Z[0m [32m INFO[0m [2mrooms::firecracker[0m[2m:[0m spawning restore firecracker via barriered jailer [3msocket[0m[2m=[0m/home/rooms/.local/state/rooms/jailer/firecracker/01m2rxghn88zcg72q9yyx3z35r/root/api.sock
[2m2026-09-18T00:08:57.248111Z[0m [32m INFO[0m [2mrooms::firecracker[0m[2m:[0m spawning restore firecracker via barriered jailer [3msocket[0m[2m=[0m/home/rooms/.local/state/rooms/jailer/firecracker/01m2rxghn840y6wfck26r0y5mr/root/api.sock
[2m2026-09-18T00:08:57.248193Z[0m [32m INFO[0m [2mrooms::firecracker[0m[2m:[0m spawning restore firecracker via barriered jailer [3msocket[0m[2m=[0m/home/rooms/.local/state/rooms/jailer/firecracker/01m2rxghn87krwxpv35ygk5ey1/root/api.sock
[2m2026-09-18T00:08:57.249962Z[0m [32m INFO[0m [2mrooms::firecracker[0m[2m:[0m spawning restore firecracker via barriered jailer [3msocket[0m[2m=[0m/home/rooms/.local/state/rooms/jailer/firecracker/01m2rxghn8teajjv93dny2m2kd/root/api.sock
[2m2026-09-18T00:08:57.249995Z[0m [32m INFO[0m [2mrooms::firecracker[0m[2m:[0m spawning restore firecracker via barriered jailer [3msocket[0m[2m=[0m/home/rooms/.local/state/rooms/jailer/firecracker/01m2rxghn8jkaqc3vxkke2734t/root/api.sock
[2m2026-09-18T00:08:57.254733Z[0m [32m INFO[0m [2mrooms::firecracker[0m[2m:[0m spawning restore firecracker via barriered jailer [3msocket[0m[2m=[0m/home/rooms/.local/state/rooms/jailer/firecracker/01m2rxghn8vdzcgnsz9m84xx3c/root/api.sock
[2m2026-09-18T00:08:57.255786Z[0m [32m INFO[0m [2mrooms::firecracker[0m[2m:[0m spawning restore firecracker via barriered jailer [3msocket[0m[2m=[0m/home/rooms/.local/state/rooms/jailer/firecracker/01m2rxghn8kdbxajj7ekb3ycp7/root/api.sock
[2m2026-09-18T00:08:57.355305Z[0m [32m INFO[0m [2mrooms::restore_exec[0m[2m:[0m microVM resumed from snapshot [3mroom[0m[2m=[0m01m2rxghn853qxfdf65p5d3jad [3msnapshot[0m[2m=[0m01m2rwy5jsnmf3d9ntarp6mp4g
[2m2026-09-18T00:08:57.382768Z[0m [32m INFO[0m [2mrooms::restore_exec[0m[2m:[0m microVM resumed from snapshot [3mroom[0m[2m=[0m01m2rxghn8kdbxajj7ekb3ycp7 [3msnapshot[0m[2m=[0m01m2rwy5jsnmf3d9ntarp6mp4g
[2m2026-09-18T00:08:57.386668Z[0m [32m INFO[0m [2mrooms::restore_exec[0m[2m:[0m microVM resumed from snapshot [3mroom[0m[2m=[0m01m2rxghn8s5tkv9vxak7132q2 [3msnapshot[0m[2m=[0m01m2rwy5jsnmf3d9ntarp6mp4g
[2m2026-09-18T00:08:57.393746Z[0m [32m INFO[0m [2mrooms::restore_exec[0m[2m:[0m microVM resumed from snapshot [3mroom[0m[2m=[0m01m2rxghn87krwxpv35ygk5ey1 [3msnapshot[0m[2m=[0m01m2rwy5jsnmf3d9ntarp6mp4g
[2m2026-09-18T00:08:57.400918Z[0m [32m INFO[0m [2mrooms::restore_exec[0m[2m:[0m microVM resumed from snapshot [3mroom[0m[2m=[0m01m2rxghn8jkaqc3vxkke2734t [3msnapshot[0m[2m=[0m01m2rwy5jsnmf3d9ntarp6mp4g
[2m2026-09-18T00:08:57.409858Z[0m [32m INFO[0m [2mrooms::restore_exec[0m[2m:[0m microVM resumed from snapshot [3mroom[0m[2m=[0m01m2rxghn8yepm806d1c0qhndm [3msnapshot[0m[2m=[0m01m2rwy5jsnmf3d9ntarp6mp4g
[2m2026-09-18T00:08:57.418643Z[0m [32m INFO[0m [2mrooms::restore_exec[0m[2m:[0m microVM resumed from snapshot [3mroom[0m[2m=[0m01m2rxghn8teajjv93dny2m2kd [3msnapshot[0m[2m=[0m01m2rwy5jsnmf3d9ntarp6mp4g
[2m2026-09-18T00:08:57.426066Z[0m [32m INFO[0m [2mrooms::restore_exec[0m[2m:[0m microVM resumed from snapshot [3mroom[0m[2m=[0m01m2rxghn88zcg72q9yyx3z35r [3msnapshot[0m[2m=[0m01m2rwy5jsnmf3d9ntarp6mp4g
[2m2026-09-18T00:08:57.435172Z[0m [32m INFO[0m [2mrooms::restore_exec[0m[2m:[0m microVM resumed from snapshot [3mroom[0m[2m=[0m01m2rxghn840y6wfck26r0y5mr [3msnapshot[0m[2m=[0m01m2rwy5jsnmf3d9ntarp6mp4g
[2m2026-09-18T00:08:57.445222Z[0m [32m INFO[0m [2mrooms::restore_exec[0m[2m:[0m microVM resumed from snapshot [3mroom[0m[2m=[0m01m2rxghn8vdzcgnsz9m84xx3c [3msnapshot[0m[2m=[0m01m2rwy5jsnmf3d9ntarp6mp4g
[2m2026-09-18T00:08:57.452999Z[0m [32m INFO[0m [2mrooms::restore_exec[0m[2m:[0m microVM resumed from snapshot [3mroom[0m[2m=[0m01m2rxghn8f0xkppe9qk7rp94a [3msnapshot[0m[2m=[0m01m2rwy5jsnmf3d9ntarp6mp4g
[2m2026-09-18T00:08:57.460568Z[0m [32m INFO[0m [2mrooms::restore_exec[0m[2m:[0m microVM resumed from snapshot [3mroom[0m[2m=[0m01m2rxghn893yvrb34k1nk13ea [3msnapshot[0m[2m=[0m01m2rwy5jsnmf3d9ntarp6mp4g
[2m2026-09-18T00:08:58.001584Z[0m [32m INFO[0m [2mrooms::runner[0m[2m:[0m sshd accepted pubkey connection [3mguest_ip[0m[2m=[0m"172.16.0.6"
[2m2026-09-18T00:08:58.009363Z[0m [32m INFO[0m [2mrooms::runner[0m[2m:[0m sshd accepted pubkey connection [3mguest_ip[0m[2m=[0m"172.16.0.6"
[2m2026-09-18T00:08:58.049251Z[0m [32m INFO[0m [2mrooms::runner[0m[2m:[0m sshd accepted pubkey connection [3mguest_ip[0m[2m=[0m"172.16.0.6"
[2m2026-09-18T00:08:58.050491Z[0m [32m INFO[0m [2mrooms::runner[0m[2m:[0m sshd accepted pubkey connection [3mguest_ip[0m[2m=[0m"172.16.0.6"
[2m2026-09-18T00:08:58.051374Z[0m [32m INFO[0m [2mrooms::runner[0m[2m:[0m sshd accepted pubkey connection [3mguest_ip[0m[2m=[0m"172.16.0.6"
[2m2026-09-18T00:08:58.051869Z[0m [32m INFO[0m [2mrooms::runner[0m[2m:[0m sshd accepted pubkey connection [3mguest_ip[0m[2m=[0m"172.16.0.6"
[2m2026-09-18T00:08:58.057856Z[0m [32m INFO[0m [2mrooms::runner[0m[2m:[0m sshd accepted pubkey connection [3mguest_ip[0m[2m=[0m"172.16.0.6"
[2m2026-09-18T00:08:58.058576Z[0m [32m INFO[0m [2mrooms::runner[0m[2m:[0m sshd accepted pubkey connection [3mguest_ip[0m[2m=[0m"172.16.0.6"
[2m2026-09-18T00:08:58.060603Z[0m [32m INFO[0m [2mrooms::runner[0m[2m:[0m sshd accepted pubkey connection [3mguest_ip[0m[2m=[0m"172.16.0.6"
[2m2026-09-18T00:08:58.065299Z[0m [32m INFO[0m [2mrooms::runner[0m[2m:[0m sshd accepted pubkey connection [3mguest_ip[0m[2m=[0m"172.16.0.6"
[2m2026-09-18T00:08:58.068854Z[0m [32m INFO[0m [2mrooms::runner[0m[2m:[0m sshd accepted pubkey connection [3mguest_ip[0m[2m=[0m"172.16.0.6"
[2m2026-09-18T00:08:58.069475Z[0m [32m INFO[0m [2mrooms::runner[0m[2m:[0m sshd accepted pubkey connection [3mguest_ip[0m[2m=[0m"172.16.0.6"
[2m2026-09-18T00:09:21.635855Z[0m [32m INFO[0m [2mrooms[0m[2m:[0m collected overlay changeset [3mout[0m[2m=[0m/tmp/swarm-plane-gcp-2/n12/out/01m2rxghn87krwxpv35ygk5ey1
[2m2026-09-18T00:09:21.635881Z[0m [32m INFO[0m [2mrooms[0m[2m:[0m collected /workspace/out to host [3mout[0m[2m=[0m/tmp/swarm-plane-gcp-2/n12/out/01m2rxghn87krwxpv35ygk5ey1
[2m2026-09-18T00:09:21.637506Z[0m [32m INFO[0m [2mrooms[0m[2m:[0m collected overlay changeset [3mout[0m[2m=[0m/tmp/swarm-plane-gcp-2/n12/out/01m2rxghn893yvrb34k1nk13ea
[2m2026-09-18T00:09:21.637535Z[0m [32m INFO[0m [2mrooms[0m[2m:[0m collected /workspace/out to host [3mout[0m[2m=[0m/tmp/swarm-plane-gcp-2/n12/out/01m2rxghn893yvrb34k1nk13ea
[2m2026-09-18T00:09:21.648808Z[0m [32m INFO[0m [2mrooms[0m[2m:[0m collected overlay changeset [3mout[0m[2m=[0m/tmp/swarm-plane-gcp-2/n12/out/01m2rxghn8yepm806d1c0qhndm
[2m2026-09-18T00:09:21.648827Z[0m [32m INFO[0m [2mrooms[0m[2m:[0m collected /workspace/out to host [3mout[0m[2m=[0m/tmp/swarm-plane-gcp-2/n12/out/01m2rxghn8yepm806d1c0qhndm
[2m2026-09-18T00:09:21.678550Z[0m [33m WARN[0m [2mrooms::firecracker[0m[2m:[0m failed to remove jail instance dir (active mount?) [3mdir[0m[2m=[0m/home/rooms/.local/state/rooms/jailer/firecracker/01m2rxghn87krwxpv35ygk5ey1 [3merror[0m[2m=[0mNo such file or directory (os error 2)
[2m2026-09-18T00:09:21.722695Z[0m [33m WARN[0m [2mrooms::firecracker[0m[2m:[0m failed to remove jail instance dir (active mount?) [3mdir[0m[2m=[0m/home/rooms/.local/state/rooms/jailer/firecracker/01m2rxghn893yvrb34k1nk13ea [3merror[0m[2m=[0mNo such file or directory (os error 2)
[2m2026-09-18T00:09:21.722864Z[0m [33m WARN[0m [2mrooms::firecracker[0m[2m:[0m failed to remove jail instance dir (active mount?) [3mdir[0m[2m=[0m/home/rooms/.local/state/rooms/jailer/firecracker/01m2rxghn8yepm806d1c0qhndm [3merror[0m[2m=[0mNo such file or directory (os error 2)
[2m2026-09-18T00:09:21.771678Z[0m [32m INFO[0m [2mrooms[0m[2m:[0m collected overlay changeset [3mout[0m[2m=[0m/tmp/swarm-plane-gcp-2/n12/out/01m2rxghn88zcg72q9yyx3z35r
[2m2026-09-18T00:09:21.771696Z[0m [32m INFO[0m [2mrooms[0m[2m:[0m collected /workspace/out to host [3mout[0m[2m=[0m/tmp/swarm-plane-gcp-2/n12/out/01m2rxghn88zcg72q9yyx3z35r
[2m2026-09-18T00:09:21.809527Z[0m [33m WARN[0m [2mrooms::firecracker[0m[2m:[0m failed to remove jail instance dir (active mount?) [3mdir[0m[2m=[0m/home/rooms/.local/state/rooms/jailer/firecracker/01m2rxghn88zcg72q9yyx3z35r [3merror[0m[2m=[0mNo such file or directory (os error 2)
[2m2026-09-18T00:09:21.836162Z[0m [32m INFO[0m [2mrooms[0m[2m:[0m collected overlay changeset [3mout[0m[2m=[0m/tmp/swarm-plane-gcp-2/n12/out/01m2rxghn8vdzcgnsz9m84xx3c
[2m2026-09-18T00:09:21.836183Z[0m [32m INFO[0m [2mrooms[0m[2m:[0m collected /workspace/out to host [3mout[0m[2m=[0m/tmp/swarm-plane-gcp-2/n12/out/01m2rxghn8vdzcgnsz9m84xx3c
[2m2026-09-18T00:09:21.836184Z[0m [32m INFO[0m [2mrooms[0m[2m:[0m collected overlay changeset [3mout[0m[2m=[0m/tmp/swarm-plane-gcp-2/n12/out/01m2rxghn8s5tkv9vxak7132q2
[2m2026-09-18T00:09:21.836197Z[0m [32m INFO[0m [2mrooms[0m[2m:[0m collected /workspace/out to host [3mout[0m[2m=[0m/tmp/swarm-plane-gcp-2/n12/out/01m2rxghn8s5tkv9vxak7132q2
[2m2026-09-18T00:09:21.848147Z[0m [32m INFO[0m [2mrooms[0m[2m:[0m collected overlay changeset [3mout[0m[2m=[0m/tmp/swarm-plane-gcp-2/n12/out/01m2rxghn8kdbxajj7ekb3ycp7
[2m2026-09-18T00:09:21.848165Z[0m [32m INFO[0m [2mrooms[0m[2m:[0m collected /workspace/out to host [3mout[0m[2m=[0m/tmp/swarm-plane-gcp-2/n12/out/01m2rxghn8kdbxajj7ekb3ycp7
[2m2026-09-18T00:09:21.849728Z[0m [32m INFO[0m [2mrooms[0m[2m:[0m collected overlay changeset [3mout[0m[2m=[0m/tmp/swarm-plane-gcp-2/n12/out/01m2rxghn853qxfdf65p5d3jad
[2m2026-09-18T00:09:21.849751Z[0m [32m INFO[0m [2mrooms[0m[2m:[0m collected /workspace/out to host [3mout[0m[2m=[0m/tmp/swarm-plane-gcp-2/n12/out/01m2rxghn853qxfdf65p5d3jad
[2m2026-09-18T00:09:21.879475Z[0m [33m WARN[0m [2mrooms::firecracker[0m[2m:[0m failed to remove jail instance dir (active mount?) [3mdir[0m[2m=[0m/home/rooms/.local/state/rooms/jailer/firecracker/01m2rxghn8s5tkv9vxak7132q2 [3merror[0m[2m=[0mNo such file or directory (os error 2)
[2m2026-09-18T00:09:21.904665Z[0m [32m INFO[0m [2mrooms[0m[2m:[0m collected overlay changeset [3mout[0m[2m=[0m/tmp/swarm-plane-gcp-2/n12/out/01m2rxghn8jkaqc3vxkke2734t
[2m2026-09-18T00:09:21.904698Z[0m [32m INFO[0m [2mrooms[0m[2m:[0m collected /workspace/out to host [3mout[0m[2m=[0m/tmp/swarm-plane-gcp-2/n12/out/01m2rxghn8jkaqc3vxkke2734t
[2m2026-09-18T00:09:21.904675Z[0m [32m INFO[0m [2mrooms[0m[2m:[0m collected overlay changeset [3mout[0m[2m=[0m/tmp/swarm-plane-gcp-2/n12/out/01m2rxghn8f0xkppe9qk7rp94a
[2m2026-09-18T00:09:21.904711Z[0m [32m INFO[0m [2mrooms[0m[2m:[0m collected /workspace/out to host [3mout[0m[2m=[0m/tmp/swarm-plane-gcp-2/n12/out/01m2rxghn8f0xkppe9qk7rp94a
[2m2026-09-18T00:09:21.906545Z[0m [32m INFO[0m [2mrooms[0m[2m:[0m collected overlay changeset [3mout[0m[2m=[0m/tmp/swarm-plane-gcp-2/n12/out/01m2rxghn840y6wfck26r0y5mr
[2m2026-09-18T00:09:21.906558Z[0m [32m INFO[0m [2mrooms[0m[2m:[0m collected /workspace/out to host [3mout[0m[2m=[0m/tmp/swarm-plane-gcp-2/n12/out/01m2rxghn840y6wfck26r0y5mr
[2m2026-09-18T00:09:21.912850Z[0m [32m INFO[0m [2mrooms[0m[2m:[0m collected overlay changeset [3mout[0m[2m=[0m/tmp/swarm-plane-gcp-2/n12/out/01m2rxghn8teajjv93dny2m2kd
[2m2026-09-18T00:09:21.912863Z[0m [32m INFO[0m [2mrooms[0m[2m:[0m collected /workspace/out to host [3mout[0m[2m=[0m/tmp/swarm-plane-gcp-2/n12/out/01m2rxghn8teajjv93dny2m2kd
[2m2026-09-18T00:09:21.916136Z[0m [33m WARN[0m [2mrooms::firecracker[0m[2m:[0m failed to remove jail instance dir (active mount?) [3mdir[0m[2m=[0m/home/rooms/.local/state/rooms/jailer/firecracker/01m2rxghn8kdbxajj7ekb3ycp7 [3merror[0m[2m=[0mNo such file or directory (os error 2)
[2m2026-09-18T00:09:21.916202Z[0m [33m WARN[0m [2mrooms::firecracker[0m[2m:[0m failed to remove jail instance dir (active mount?) [3mdir[0m[2m=[0m/home/rooms/.local/state/rooms/jailer/firecracker/01m2rxghn853qxfdf65p5d3jad [3merror[0m[2m=[0mNo such file or directory (os error 2)
[2m2026-09-18T00:09:21.919434Z[0m [33m WARN[0m [2mrooms::firecracker[0m[2m:[0m failed to remove jail instance dir (active mount?) [3mdir[0m[2m=[0m/home/rooms/.local/state/rooms/jailer/firecracker/01m2rxghn8vdzcgnsz9m84xx3c [3merror[0m[2m=[0mNo such file or directory (os error 2)
[2m2026-09-18T00:09:21.957524Z[0m [33m WARN[0m [2mrooms::firecracker[0m[2m:[0m failed to remove jail instance dir (active mount?) [3mdir[0m[2m=[0m/home/rooms/.local/state/rooms/jailer/firecracker/01m2rxghn8f0xkppe9qk7rp94a [3merror[0m[2m=[0mNo such file or directory (os error 2)
[2m2026-09-18T00:09:21.990180Z[0m [33m WARN[0m [2mrooms::firecracker[0m[2m:[0m failed to remove jail instance dir (active mount?) [3mdir[0m[2m=[0m/home/rooms/.local/state/rooms/jailer/firecracker/01m2rxghn840y6wfck26r0y5mr [3merror[0m[2m=[0mNo such file or directory (os error 2)
[2m2026-09-18T00:09:21.990216Z[0m [33m WARN[0m [2mrooms::firecracker[0m[2m:[0m failed to remove jail instance dir (active mount?) [3mdir[0m[2m=[0m/home/rooms/.local/state/rooms/jailer/firecracker/01m2rxghn8jkaqc3vxkke2734t [3merror[0m[2m=[0mNo such file or directory (os error 2)
[2m2026-09-18T00:09:21.990230Z[0m [33m WARN[0m [2mrooms::firecracker[0m[2m:[0m failed to remove jail instance dir (active mount?) [3mdir[0m[2m=[0m/home/rooms/.local/state/rooms/jailer/firecracker/01m2rxghn8teajjv93dny2m2kd [3merror[0m[2m=[0mNo such file or directory (os error 2)
