[2m2026-09-17T14:11:46.998239Z[0m [32m INFO[0m [2mrooms[0m[2m:[0m rooms clone [3msnapshot_dir[0m[2m=[0m"/home/mh.guest/rooms/readiness-observation/snapshot" [3mimage[0m[2m=[0m"/home/mh.guest/rooms/readiness-observation/agent.ext4" [3mcount[0m[2m=[0m4 [3mkeep[0m[2m=[0mfalse
[2m2026-09-17T14:11:47.400892Z[0m [32m INFO[0m [2mrooms::firecracker[0m[2m:[0m spawning restore firecracker via barriered jailer [3msocket[0m[2m=[0m/home/mh.guest/.local/state/rooms/jailer/firecracker/01m2qvb45psqfmqjrd49yd9vfx/root/api.sock
[2m2026-09-17T14:11:47.400980Z[0m [32m INFO[0m [2mrooms::firecracker[0m[2m:[0m spawning restore firecracker via barriered jailer [3msocket[0m[2m=[0m/home/mh.guest/.local/state/rooms/jailer/firecracker/01m2qvb45pr3g85fbx82w9gv7y/root/api.sock
[2m2026-09-17T14:11:47.401018Z[0m [32m INFO[0m [2mrooms::firecracker[0m[2m:[0m spawning restore firecracker via barriered jailer [3msocket[0m[2m=[0m/home/mh.guest/.local/state/rooms/jailer/firecracker/01m2qvb45pev6qby22mddkcvtn/root/api.sock
[2m2026-09-17T14:11:47.402360Z[0m [32m INFO[0m [2mrooms::firecracker[0m[2m:[0m spawning restore firecracker via barriered jailer [3msocket[0m[2m=[0m/home/mh.guest/.local/state/rooms/jailer/firecracker/01m2qvb45p8gdgzv61v0434k7e/root/api.sock
[2m2026-09-17T14:11:47.482816Z[0m [32m INFO[0m [2mrooms::restore_exec[0m[2m:[0m microVM resumed from snapshot [3mroom[0m[2m=[0m01m2qvb45psqfmqjrd49yd9vfx [3msnapshot[0m[2m=[0m01m2hejw04730vkhjzfqq1v1t2
[2m2026-09-17T14:11:47.485270Z[0m [32m INFO[0m [2mrooms::restore_exec[0m[2m:[0m microVM resumed from snapshot [3mroom[0m[2m=[0m01m2qvb45pev6qby22mddkcvtn [3msnapshot[0m[2m=[0m01m2hejw04730vkhjzfqq1v1t2
[2m2026-09-17T14:11:47.488217Z[0m [32m INFO[0m [2mrooms::restore_exec[0m[2m:[0m microVM resumed from snapshot [3mroom[0m[2m=[0m01m2qvb45p8gdgzv61v0434k7e [3msnapshot[0m[2m=[0m01m2hejw04730vkhjzfqq1v1t2
[2m2026-09-17T14:11:47.490145Z[0m [32m INFO[0m [2mrooms::restore_exec[0m[2m:[0m microVM resumed from snapshot [3mroom[0m[2m=[0m01m2qvb45pr3g85fbx82w9gv7y [3msnapshot[0m[2m=[0m01m2hejw04730vkhjzfqq1v1t2
[2m2026-09-17T14:11:51.909016Z[0m [32m INFO[0m [2mrooms::runner[0m[2m:[0m sshd accepted pubkey connection [3mguest_ip[0m[2m=[0m"172.16.0.18"
[2m2026-09-17T14:11:51.976471Z[0m [32m INFO[0m [2mrooms::runner[0m[2m:[0m sshd accepted pubkey connection [3mguest_ip[0m[2m=[0m"172.16.0.18"
[2m2026-09-17T14:11:52.071686Z[0m [32m INFO[0m [2mrooms::runner[0m[2m:[0m sshd accepted pubkey connection [3mguest_ip[0m[2m=[0m"172.16.0.18"
[2m2026-09-17T14:11:52.096162Z[0m [32m INFO[0m [2mrooms::runner[0m[2m:[0m sshd accepted pubkey connection [3mguest_ip[0m[2m=[0m"172.16.0.18"
[2m2026-09-17T14:12:41.131893Z[0m [32m INFO[0m [2mrooms[0m[2m:[0m collected overlay changeset [3mout[0m[2m=[0m/tmp/swarm-plane-rooms-2/n4/out/01m2qvb45pev6qby22mddkcvtn
[2m2026-09-17T14:12:41.131904Z[0m [32m INFO[0m [2mrooms[0m[2m:[0m collected /workspace/out to host [3mout[0m[2m=[0m/tmp/swarm-plane-rooms-2/n4/out/01m2qvb45pev6qby22mddkcvtn
[2m2026-09-17T14:12:41.148730Z[0m [33m WARN[0m [2mrooms::firecracker[0m[2m:[0m failed to remove jail instance dir (active mount?) [3mdir[0m[2m=[0m/home/mh.guest/.local/state/rooms/jailer/firecracker/01m2qvb45pev6qby22mddkcvtn [3merror[0m[2m=[0mNo such file or directory (os error 2)
[2m2026-09-17T14:12:41.359856Z[0m [32m INFO[0m [2mrooms[0m[2m:[0m collected overlay changeset [3mout[0m[2m=[0m/tmp/swarm-plane-rooms-2/n4/out/01m2qvb45pr3g85fbx82w9gv7y
[2m2026-09-17T14:12:41.359864Z[0m [32m INFO[0m [2mrooms[0m[2m:[0m collected /workspace/out to host [3mout[0m[2m=[0m/tmp/swarm-plane-rooms-2/n4/out/01m2qvb45pr3g85fbx82w9gv7y
[2m2026-09-17T14:12:41.366750Z[0m [33m WARN[0m [2mrooms::firecracker[0m[2m:[0m failed to remove jail instance dir (active mount?) [3mdir[0m[2m=[0m/home/mh.guest/.local/state/rooms/jailer/firecracker/01m2qvb45pr3g85fbx82w9gv7y [3merror[0m[2m=[0mNo such file or directory (os error 2)
[2m2026-09-17T14:12:41.426292Z[0m [32m INFO[0m [2mrooms[0m[2m:[0m collected overlay changeset [3mout[0m[2m=[0m/tmp/swarm-plane-rooms-2/n4/out/01m2qvb45psqfmqjrd49yd9vfx
[2m2026-09-17T14:12:41.426299Z[0m [32m INFO[0m [2mrooms[0m[2m:[0m collected /workspace/out to host [3mout[0m[2m=[0m/tmp/swarm-plane-rooms-2/n4/out/01m2qvb45psqfmqjrd49yd9vfx
[2m2026-09-17T14:12:41.431608Z[0m [33m WARN[0m [2mrooms::firecracker[0m[2m:[0m failed to remove jail instance dir (active mount?) [3mdir[0m[2m=[0m/home/mh.guest/.local/state/rooms/jailer/firecracker/01m2qvb45psqfmqjrd49yd9vfx [3merror[0m[2m=[0mNo such file or directory (os error 2)
[2m2026-09-17T14:12:41.452396Z[0m [32m INFO[0m [2mrooms[0m[2m:[0m collected overlay changeset [3mout[0m[2m=[0m/tmp/swarm-plane-rooms-2/n4/out/01m2qvb45p8gdgzv61v0434k7e
[2m2026-09-17T14:12:41.452407Z[0m [32m INFO[0m [2mrooms[0m[2m:[0m collected /workspace/out to host [3mout[0m[2m=[0m/tmp/swarm-plane-rooms-2/n4/out/01m2qvb45p8gdgzv61v0434k7e
[2m2026-09-17T14:12:41.462782Z[0m [33m WARN[0m [2mrooms::firecracker[0m[2m:[0m failed to remove jail instance dir (active mount?) [3mdir[0m[2m=[0m/home/mh.guest/.local/state/rooms/jailer/firecracker/01m2qvb45p8gdgzv61v0434k7e [3merror[0m[2m=[0mNo such file or directory (os error 2)
