[2m2026-09-18T00:05:01.618419Z[0m [32m INFO[0m [2mrooms[0m[2m:[0m rooms clone [3msnapshot_dir[0m[2m=[0m"/home/rooms/lab/snapshot" [3mimage[0m[2m=[0m"/home/rooms/rooms/images/agent-alpine.ext4" [3mcount[0m[2m=[0m6 [3mkeep[0m[2m=[0mfalse
[2m2026-09-18T00:05:02.599868Z[0m [32m INFO[0m [2mrooms::firecracker[0m[2m:[0m spawning restore firecracker via barriered jailer [3msocket[0m[2m=[0m/home/rooms/.local/state/rooms/jailer/firecracker/01m2rx9chmz412g9a67ey8ffcv/root/api.sock
[2m2026-09-18T00:05:02.599888Z[0m [32m INFO[0m [2mrooms::firecracker[0m[2m:[0m spawning restore firecracker via barriered jailer [3msocket[0m[2m=[0m/home/rooms/.local/state/rooms/jailer/firecracker/01m2rx9chmve1vw33eqnz4e3s6/root/api.sock
[2m2026-09-18T00:05:02.599916Z[0m [32m INFO[0m [2mrooms::firecracker[0m[2m:[0m spawning restore firecracker via barriered jailer [3msocket[0m[2m=[0m/home/rooms/.local/state/rooms/jailer/firecracker/01m2rx9chmrfkt1pjfywazzs62/root/api.sock
[2m2026-09-18T00:05:02.600059Z[0m [32m INFO[0m [2mrooms::firecracker[0m[2m:[0m spawning restore firecracker via barriered jailer [3msocket[0m[2m=[0m/home/rooms/.local/state/rooms/jailer/firecracker/01m2rx9chmw7r393gyqz8dbng5/root/api.sock
[2m2026-09-18T00:05:02.600317Z[0m [32m INFO[0m [2mrooms::firecracker[0m[2m:[0m spawning restore firecracker via barriered jailer [3msocket[0m[2m=[0m/home/rooms/.local/state/rooms/jailer/firecracker/01m2rx9chmdqgrye9czv63gde4/root/api.sock
[2m2026-09-18T00:05:02.600672Z[0m [32m INFO[0m [2mrooms::firecracker[0m[2m:[0m spawning restore firecracker via barriered jailer [3msocket[0m[2m=[0m/home/rooms/.local/state/rooms/jailer/firecracker/01m2rx9chmnvjq5yh3yv6vejzw/root/api.sock
[2m2026-09-18T00:05:02.711794Z[0m [32m INFO[0m [2mrooms::restore_exec[0m[2m:[0m microVM resumed from snapshot [3mroom[0m[2m=[0m01m2rx9chmz412g9a67ey8ffcv [3msnapshot[0m[2m=[0m01m2rwy5jsnmf3d9ntarp6mp4g
[2m2026-09-18T00:05:02.729225Z[0m [32m INFO[0m [2mrooms::restore_exec[0m[2m:[0m microVM resumed from snapshot [3mroom[0m[2m=[0m01m2rx9chmve1vw33eqnz4e3s6 [3msnapshot[0m[2m=[0m01m2rwy5jsnmf3d9ntarp6mp4g
[2m2026-09-18T00:05:02.733337Z[0m [32m INFO[0m [2mrooms::restore_exec[0m[2m:[0m microVM resumed from snapshot [3mroom[0m[2m=[0m01m2rx9chmw7r393gyqz8dbng5 [3msnapshot[0m[2m=[0m01m2rwy5jsnmf3d9ntarp6mp4g
[2m2026-09-18T00:05:02.741608Z[0m [32m INFO[0m [2mrooms::restore_exec[0m[2m:[0m microVM resumed from snapshot [3mroom[0m[2m=[0m01m2rx9chmnvjq5yh3yv6vejzw [3msnapshot[0m[2m=[0m01m2rwy5jsnmf3d9ntarp6mp4g
[2m2026-09-18T00:05:02.751636Z[0m [32m INFO[0m [2mrooms::restore_exec[0m[2m:[0m microVM resumed from snapshot [3mroom[0m[2m=[0m01m2rx9chmdqgrye9czv63gde4 [3msnapshot[0m[2m=[0m01m2rwy5jsnmf3d9ntarp6mp4g
[2m2026-09-18T00:05:02.758082Z[0m [32m INFO[0m [2mrooms::restore_exec[0m[2m:[0m microVM resumed from snapshot [3mroom[0m[2m=[0m01m2rx9chmrfkt1pjfywazzs62 [3msnapshot[0m[2m=[0m01m2rwy5jsnmf3d9ntarp6mp4g
[2m2026-09-18T00:05:03.213681Z[0m [32m INFO[0m [2mrooms::runner[0m[2m:[0m sshd accepted pubkey connection [3mguest_ip[0m[2m=[0m"172.16.0.6"
[2m2026-09-18T00:05:03.219073Z[0m [32m INFO[0m [2mrooms::runner[0m[2m:[0m sshd accepted pubkey connection [3mguest_ip[0m[2m=[0m"172.16.0.6"
[2m2026-09-18T00:05:03.224627Z[0m [32m INFO[0m [2mrooms::runner[0m[2m:[0m sshd accepted pubkey connection [3mguest_ip[0m[2m=[0m"172.16.0.6"
[2m2026-09-18T00:05:03.224656Z[0m [32m INFO[0m [2mrooms::runner[0m[2m:[0m sshd accepted pubkey connection [3mguest_ip[0m[2m=[0m"172.16.0.6"
[2m2026-09-18T00:05:03.247717Z[0m [32m INFO[0m [2mrooms::runner[0m[2m:[0m sshd accepted pubkey connection [3mguest_ip[0m[2m=[0m"172.16.0.6"
[2m2026-09-18T00:05:03.248272Z[0m [32m INFO[0m [2mrooms::runner[0m[2m:[0m sshd accepted pubkey connection [3mguest_ip[0m[2m=[0m"172.16.0.6"
[2m2026-09-18T00:05:30.020685Z[0m [32m INFO[0m [2mrooms[0m[2m:[0m collected overlay changeset [3mout[0m[2m=[0m/tmp/swarm-plane-gcp-2/n6-faults/out/01m2rx9chmdqgrye9czv63gde4
[2m2026-09-18T00:05:30.020720Z[0m [32m INFO[0m [2mrooms[0m[2m:[0m collected /workspace/out to host [3mout[0m[2m=[0m/tmp/swarm-plane-gcp-2/n6-faults/out/01m2rx9chmdqgrye9czv63gde4
[2m2026-09-18T00:05:30.054605Z[0m [32m INFO[0m [2mrooms[0m[2m:[0m collected overlay changeset [3mout[0m[2m=[0m/tmp/swarm-plane-gcp-2/n6-faults/out/01m2rx9chmnvjq5yh3yv6vejzw
[2m2026-09-18T00:05:30.054634Z[0m [32m INFO[0m [2mrooms[0m[2m:[0m collected /workspace/out to host [3mout[0m[2m=[0m/tmp/swarm-plane-gcp-2/n6-faults/out/01m2rx9chmnvjq5yh3yv6vejzw
[2m2026-09-18T00:05:30.067951Z[0m [33m WARN[0m [2mrooms::firecracker[0m[2m:[0m failed to remove jail instance dir (active mount?) [3mdir[0m[2m=[0m/home/rooms/.local/state/rooms/jailer/firecracker/01m2rx9chmdqgrye9czv63gde4 [3merror[0m[2m=[0mNo such file or directory (os error 2)
[2m2026-09-18T00:05:30.095572Z[0m [32m INFO[0m [2mrooms[0m[2m:[0m collected overlay changeset [3mout[0m[2m=[0m/tmp/swarm-plane-gcp-2/n6-faults/out/01m2rx9chmve1vw33eqnz4e3s6
[2m2026-09-18T00:05:30.095594Z[0m [32m INFO[0m [2mrooms[0m[2m:[0m collected /workspace/out to host [3mout[0m[2m=[0m/tmp/swarm-plane-gcp-2/n6-faults/out/01m2rx9chmve1vw33eqnz4e3s6
[2m2026-09-18T00:05:30.095580Z[0m [32m INFO[0m [2mrooms[0m[2m:[0m collected overlay changeset [3mout[0m[2m=[0m/tmp/swarm-plane-gcp-2/n6-faults/out/01m2rx9chmw7r393gyqz8dbng5
[2m2026-09-18T00:05:30.095602Z[0m [32m INFO[0m [2mrooms[0m[2m:[0m collected /workspace/out to host [3mout[0m[2m=[0m/tmp/swarm-plane-gcp-2/n6-faults/out/01m2rx9chmw7r393gyqz8dbng5
[2m2026-09-18T00:05:30.103702Z[0m [33m WARN[0m [2mrooms::firecracker[0m[2m:[0m failed to remove jail instance dir (active mount?) [3mdir[0m[2m=[0m/home/rooms/.local/state/rooms/jailer/firecracker/01m2rx9chmnvjq5yh3yv6vejzw [3merror[0m[2m=[0mNo such file or directory (os error 2)
[2m2026-09-18T00:05:30.151795Z[0m [32m INFO[0m [2mrooms[0m[2m:[0m collected overlay changeset [3mout[0m[2m=[0m/tmp/swarm-plane-gcp-2/n6-faults/out/01m2rx9chmrfkt1pjfywazzs62
[2m2026-09-18T00:05:30.151816Z[0m [32m INFO[0m [2mrooms[0m[2m:[0m collected /workspace/out to host [3mout[0m[2m=[0m/tmp/swarm-plane-gcp-2/n6-faults/out/01m2rx9chmrfkt1pjfywazzs62
[2m2026-09-18T00:05:30.167224Z[0m [33m WARN[0m [2mrooms::firecracker[0m[2m:[0m failed to remove jail instance dir (active mount?) [3mdir[0m[2m=[0m/home/rooms/.local/state/rooms/jailer/firecracker/01m2rx9chmve1vw33eqnz4e3s6 [3merror[0m[2m=[0mNo such file or directory (os error 2)
[2m2026-09-18T00:05:30.199541Z[0m [33m WARN[0m [2mrooms::firecracker[0m[2m:[0m failed to remove jail instance dir (active mount?) [3mdir[0m[2m=[0m/home/rooms/.local/state/rooms/jailer/firecracker/01m2rx9chmw7r393gyqz8dbng5 [3merror[0m[2m=[0mNo such file or directory (os error 2)
[2m2026-09-18T00:05:30.199552Z[0m [33m WARN[0m [2mrooms::firecracker[0m[2m:[0m failed to remove jail instance dir (active mount?) [3mdir[0m[2m=[0m/home/rooms/.local/state/rooms/jailer/firecracker/01m2rx9chmrfkt1pjfywazzs62 [3merror[0m[2m=[0mNo such file or directory (os error 2)
[2m2026-09-18T00:08:02.949820Z[0m [33m WARN[0m [2mrooms[0m[2m:[0m max wall-clock cap reached during exec; aborting and shutting down [3mmax_wall[0m[2m=[0mSome(180s)
[2m2026-09-18T00:08:02.951913Z[0m [33m WARN[0m [2mrooms[0m[2m:[0m failed to create aborted-run artifact skeleton [3merror[0m[2m=[0mcreate cancelled-run artifact skeleton failed (exit exit status: 255): Cannot open network namespace "rooms-c1": No such file or directory

[2m2026-09-18T00:08:02.953367Z[0m [33m WARN[0m [2mrooms[0m[2m:[0m failed to write aborted-run result.json [3merror[0m[2m=[0mwrite result.json via SSH failed (exit exit status: 255): Cannot open network namespace "rooms-c1": No such file or directory

[2m2026-09-18T00:08:02.956485Z[0m [33m WARN[0m [2mrooms[0m[2m:[0m collect overlay changeset failed [3merror[0m[2m=[0mguest overlay enumeration failed (exit exit status: 255): Cannot open network namespace "rooms-c1": No such file or directory

[2m2026-09-18T00:08:02.956508Z[0m [33m WARN[0m [2mrooms[0m[2m:[0m collect /workspace/out to host failed [3merror[0m[2m=[0mguest tar failed (exit exit status: 255): Cannot open network namespace "rooms-c1": No such file or directory
 [3mout[0m[2m=[0m/tmp/swarm-plane-gcp-2/n6-faults/out/01m2rx9chmz412g9a67ey8ffcv
[2m2026-09-18T00:08:02.960047Z[0m [33m WARN[0m [2mrooms::firecracker[0m[2m:[0m failed to remove jail instance dir (active mount?) [3mdir[0m[2m=[0m/home/rooms/.local/state/rooms/jailer/firecracker/01m2rx9chmz412g9a67ey8ffcv [3merror[0m[2m=[0mNo such file or directory (os error 2)
[2m2026-09-18T00:08:02.960086Z[0m [33m WARN[0m [2mrooms::firecracker[0m[2m:[0m failed to remove jail instance dir (active mount?) [3mdir[0m[2m=[0m/home/rooms/.local/state/rooms/jailer/firecracker/01m2rx9chmz412g9a67ey8ffcv [3merror[0m[2m=[0mNo such file or directory (os error 2)
[2m2026-09-18T00:08:02.960134Z[0m [33m WARN[0m [2mrooms::restore_exec[0m[2m:[0m restore teardown holds no lease for this room; leaving the slot tap/egress untouched [3mslot[0m[2m=[0m1
[2m2026-09-18T00:08:02.960147Z[0m [33m WARN[0m [2mrooms[0m[2m:[0m clone artifact finalization incomplete [3merror[0m[2m=[0minternal: artifact finalization failed: guest tar failed (exit exit status: 255): Cannot open network namespace "rooms-c1": No such file or directory

