[2m2026-09-17T14:05:27.190979Z[0m [32m INFO[0m [2mrooms[0m[2m:[0m rooms clone [3msnapshot_dir[0m[2m=[0m"/home/mh.guest/rooms/readiness-observation/snapshot" [3mimage[0m[2m=[0m"/home/mh.guest/rooms/readiness-observation/agent.ext4" [3mcount[0m[2m=[0m6 [3mkeep[0m[2m=[0mfalse
[2m2026-09-17T14:05:27.596950Z[0m [32m INFO[0m [2mrooms::firecracker[0m[2m:[0m spawning restore firecracker via barriered jailer [3msocket[0m[2m=[0m/home/mh.guest/.local/state/rooms/jailer/firecracker/01m2qtzh8q8v2f0xfxkcakwcwb/root/api.sock
[2m2026-09-17T14:05:27.597173Z[0m [32m INFO[0m [2mrooms::firecracker[0m[2m:[0m spawning restore firecracker via barriered jailer [3msocket[0m[2m=[0m/home/mh.guest/.local/state/rooms/jailer/firecracker/01m2qtzh8q5az188e6trbmnaqk/root/api.sock
[2m2026-09-17T14:05:27.597299Z[0m [32m INFO[0m [2mrooms::firecracker[0m[2m:[0m spawning restore firecracker via barriered jailer [3msocket[0m[2m=[0m/home/mh.guest/.local/state/rooms/jailer/firecracker/01m2qtzh8qy635m69brmvshcjf/root/api.sock
[2m2026-09-17T14:05:27.598006Z[0m [32m INFO[0m [2mrooms::firecracker[0m[2m:[0m spawning restore firecracker via barriered jailer [3msocket[0m[2m=[0m/home/mh.guest/.local/state/rooms/jailer/firecracker/01m2qtzh8qd7tkk6y0hg4x3n1m/root/api.sock
[2m2026-09-17T14:05:27.598605Z[0m [32m INFO[0m [2mrooms::firecracker[0m[2m:[0m spawning restore firecracker via barriered jailer [3msocket[0m[2m=[0m/home/mh.guest/.local/state/rooms/jailer/firecracker/01m2qtzh8q2zzhfq05tsweh9x8/root/api.sock
[2m2026-09-17T14:05:27.598669Z[0m [32m INFO[0m [2mrooms::firecracker[0m[2m:[0m spawning restore firecracker via barriered jailer [3msocket[0m[2m=[0m/home/mh.guest/.local/state/rooms/jailer/firecracker/01m2qtzh8qq131vt04hka0598s/root/api.sock
[2m2026-09-17T14:05:27.683929Z[0m [32m INFO[0m [2mrooms::restore_exec[0m[2m:[0m microVM resumed from snapshot [3mroom[0m[2m=[0m01m2qtzh8q8v2f0xfxkcakwcwb [3msnapshot[0m[2m=[0m01m2hejw04730vkhjzfqq1v1t2
[2m2026-09-17T14:05:27.684673Z[0m [32m INFO[0m [2mrooms::restore_exec[0m[2m:[0m microVM resumed from snapshot [3mroom[0m[2m=[0m01m2qtzh8qq131vt04hka0598s [3msnapshot[0m[2m=[0m01m2hejw04730vkhjzfqq1v1t2
[2m2026-09-17T14:05:27.695598Z[0m [32m INFO[0m [2mrooms::restore_exec[0m[2m:[0m microVM resumed from snapshot [3mroom[0m[2m=[0m01m2qtzh8qd7tkk6y0hg4x3n1m [3msnapshot[0m[2m=[0m01m2hejw04730vkhjzfqq1v1t2
[2m2026-09-17T14:05:27.702404Z[0m [32m INFO[0m [2mrooms::restore_exec[0m[2m:[0m microVM resumed from snapshot [3mroom[0m[2m=[0m01m2qtzh8qy635m69brmvshcjf [3msnapshot[0m[2m=[0m01m2hejw04730vkhjzfqq1v1t2
[2m2026-09-17T14:05:27.707031Z[0m [32m INFO[0m [2mrooms::restore_exec[0m[2m:[0m microVM resumed from snapshot [3mroom[0m[2m=[0m01m2qtzh8q2zzhfq05tsweh9x8 [3msnapshot[0m[2m=[0m01m2hejw04730vkhjzfqq1v1t2
[2m2026-09-17T14:05:27.708984Z[0m [32m INFO[0m [2mrooms::restore_exec[0m[2m:[0m microVM resumed from snapshot [3mroom[0m[2m=[0m01m2qtzh8q5az188e6trbmnaqk [3msnapshot[0m[2m=[0m01m2hejw04730vkhjzfqq1v1t2
[2m2026-09-17T14:05:35.508957Z[0m [32m INFO[0m [2mrooms::runner[0m[2m:[0m sshd accepted pubkey connection [3mguest_ip[0m[2m=[0m"172.16.0.18"
[2m2026-09-17T14:05:35.573900Z[0m [32m INFO[0m [2mrooms::runner[0m[2m:[0m sshd accepted pubkey connection [3mguest_ip[0m[2m=[0m"172.16.0.18"
[2m2026-09-17T14:05:35.725740Z[0m [32m INFO[0m [2mrooms::runner[0m[2m:[0m sshd accepted pubkey connection [3mguest_ip[0m[2m=[0m"172.16.0.18"
[2m2026-09-17T14:05:36.059610Z[0m [32m INFO[0m [2mrooms::runner[0m[2m:[0m sshd accepted pubkey connection [3mguest_ip[0m[2m=[0m"172.16.0.18"
[2m2026-09-17T14:05:36.349514Z[0m [32m INFO[0m [2mrooms::runner[0m[2m:[0m sshd accepted pubkey connection [3mguest_ip[0m[2m=[0m"172.16.0.18"
[2m2026-09-17T14:05:36.570837Z[0m [32m INFO[0m [2mrooms::runner[0m[2m:[0m sshd accepted pubkey connection [3mguest_ip[0m[2m=[0m"172.16.0.18"
[2m2026-09-17T14:06:02.253141Z[0m [32m INFO[0m [2mrooms[0m[2m:[0m collected overlay changeset [3mout[0m[2m=[0m/tmp/swarm-plane-rooms/n6-faults/out/01m2qtzh8q5az188e6trbmnaqk
[2m2026-09-17T14:06:02.253157Z[0m [32m INFO[0m [2mrooms[0m[2m:[0m collected /workspace/out to host [3mout[0m[2m=[0m/tmp/swarm-plane-rooms/n6-faults/out/01m2qtzh8q5az188e6trbmnaqk
[2m2026-09-17T14:06:02.262384Z[0m [33m WARN[0m [2mrooms::firecracker[0m[2m:[0m failed to remove jail instance dir (active mount?) [3mdir[0m[2m=[0m/home/mh.guest/.local/state/rooms/jailer/firecracker/01m2qtzh8q5az188e6trbmnaqk [3merror[0m[2m=[0mNo such file or directory (os error 2)
[2m2026-09-17T14:06:33.192833Z[0m [32m INFO[0m [2mrooms[0m[2m:[0m collected overlay changeset [3mout[0m[2m=[0m/tmp/swarm-plane-rooms/n6-faults/out/01m2qtzh8qq131vt04hka0598s
[2m2026-09-17T14:06:33.192841Z[0m [32m INFO[0m [2mrooms[0m[2m:[0m collected /workspace/out to host [3mout[0m[2m=[0m/tmp/swarm-plane-rooms/n6-faults/out/01m2qtzh8qq131vt04hka0598s
[2m2026-09-17T14:06:33.206360Z[0m [33m WARN[0m [2mrooms::firecracker[0m[2m:[0m failed to remove jail instance dir (active mount?) [3mdir[0m[2m=[0m/home/mh.guest/.local/state/rooms/jailer/firecracker/01m2qtzh8qq131vt04hka0598s [3merror[0m[2m=[0mNo such file or directory (os error 2)
[2m2026-09-17T14:06:33.235332Z[0m [32m INFO[0m [2mrooms[0m[2m:[0m collected overlay changeset [3mout[0m[2m=[0m/tmp/swarm-plane-rooms/n6-faults/out/01m2qtzh8q2zzhfq05tsweh9x8
[2m2026-09-17T14:06:33.235338Z[0m [32m INFO[0m [2mrooms[0m[2m:[0m collected /workspace/out to host [3mout[0m[2m=[0m/tmp/swarm-plane-rooms/n6-faults/out/01m2qtzh8q2zzhfq05tsweh9x8
[2m2026-09-17T14:06:33.243805Z[0m [33m WARN[0m [2mrooms::firecracker[0m[2m:[0m failed to remove jail instance dir (active mount?) [3mdir[0m[2m=[0m/home/mh.guest/.local/state/rooms/jailer/firecracker/01m2qtzh8q2zzhfq05tsweh9x8 [3merror[0m[2m=[0mNo such file or directory (os error 2)
[2m2026-09-17T14:06:35.655690Z[0m [32m INFO[0m [2mrooms[0m[2m:[0m collected overlay changeset [3mout[0m[2m=[0m/tmp/swarm-plane-rooms/n6-faults/out/01m2qtzh8qd7tkk6y0hg4x3n1m
[2m2026-09-17T14:06:35.655698Z[0m [32m INFO[0m [2mrooms[0m[2m:[0m collected /workspace/out to host [3mout[0m[2m=[0m/tmp/swarm-plane-rooms/n6-faults/out/01m2qtzh8qd7tkk6y0hg4x3n1m
[2m2026-09-17T14:06:35.664883Z[0m [33m WARN[0m [2mrooms::firecracker[0m[2m:[0m failed to remove jail instance dir (active mount?) [3mdir[0m[2m=[0m/home/mh.guest/.local/state/rooms/jailer/firecracker/01m2qtzh8qd7tkk6y0hg4x3n1m [3merror[0m[2m=[0mNo such file or directory (os error 2)
[2m2026-09-17T14:06:35.815976Z[0m [32m INFO[0m [2mrooms[0m[2m:[0m collected overlay changeset [3mout[0m[2m=[0m/tmp/swarm-plane-rooms/n6-faults/out/01m2qtzh8qy635m69brmvshcjf
[2m2026-09-17T14:06:35.815983Z[0m [32m INFO[0m [2mrooms[0m[2m:[0m collected /workspace/out to host [3mout[0m[2m=[0m/tmp/swarm-plane-rooms/n6-faults/out/01m2qtzh8qy635m69brmvshcjf
[2m2026-09-17T14:06:35.821237Z[0m [33m WARN[0m [2mrooms::firecracker[0m[2m:[0m failed to remove jail instance dir (active mount?) [3mdir[0m[2m=[0m/home/mh.guest/.local/state/rooms/jailer/firecracker/01m2qtzh8qy635m69brmvshcjf [3merror[0m[2m=[0mNo such file or directory (os error 2)
[2m2026-09-17T14:08:32.446367Z[0m [33m WARN[0m [2mrooms[0m[2m:[0m max wall-clock cap reached during exec; aborting and shutting down [3mmax_wall[0m[2m=[0mSome(180s)
[2m2026-09-17T14:08:32.452124Z[0m [33m WARN[0m [2mrooms[0m[2m:[0m failed to create aborted-run artifact skeleton [3merror[0m[2m=[0mcreate cancelled-run artifact skeleton failed (exit exit status: 255): Cannot open network namespace "rooms-c2": No such file or directory

[2m2026-09-17T14:08:32.454492Z[0m [33m WARN[0m [2mrooms[0m[2m:[0m failed to write aborted-run result.json [3merror[0m[2m=[0mwrite result.json via SSH failed (exit exit status: 255): Cannot open network namespace "rooms-c2": No such file or directory

[2m2026-09-17T14:08:32.459490Z[0m [33m WARN[0m [2mrooms[0m[2m:[0m collect overlay changeset failed [3merror[0m[2m=[0mguest overlay enumeration failed (exit exit status: 255): Cannot open network namespace "rooms-c2": No such file or directory

[2m2026-09-17T14:08:32.459544Z[0m [33m WARN[0m [2mrooms[0m[2m:[0m collect /workspace/out to host failed [3merror[0m[2m=[0mguest tar failed (exit exit status: 255): Cannot open network namespace "rooms-c2": No such file or directory
 [3mout[0m[2m=[0m/tmp/swarm-plane-rooms/n6-faults/out/01m2qtzh8q8v2f0xfxkcakwcwb
[2m2026-09-17T14:08:32.463422Z[0m [33m WARN[0m [2mrooms::firecracker[0m[2m:[0m failed to remove jail instance dir (active mount?) [3mdir[0m[2m=[0m/home/mh.guest/.local/state/rooms/jailer/firecracker/01m2qtzh8q8v2f0xfxkcakwcwb [3merror[0m[2m=[0mNo such file or directory (os error 2)
[2m2026-09-17T14:08:32.463488Z[0m [33m WARN[0m [2mrooms::firecracker[0m[2m:[0m failed to remove jail instance dir (active mount?) [3mdir[0m[2m=[0m/home/mh.guest/.local/state/rooms/jailer/firecracker/01m2qtzh8q8v2f0xfxkcakwcwb [3merror[0m[2m=[0mNo such file or directory (os error 2)
[2m2026-09-17T14:08:32.463660Z[0m [33m WARN[0m [2mrooms::restore_exec[0m[2m:[0m restore teardown holds no lease for this room; leaving the slot tap/egress untouched [3mslot[0m[2m=[0m4
[2m2026-09-17T14:08:32.463715Z[0m [33m WARN[0m [2mrooms[0m[2m:[0m clone artifact finalization incomplete [3merror[0m[2m=[0minternal: artifact finalization failed: guest tar failed (exit exit status: 255): Cannot open network namespace "rooms-c2": No such file or directory

