[2m2026-09-17T13:55:19.921034Z[0m [32m INFO[0m [2mrooms[0m[2m:[0m rooms clone [3msnapshot_dir[0m[2m=[0m"/home/mh.guest/rooms/readiness-observation/snapshot" [3mimage[0m[2m=[0m"/home/mh.guest/rooms/readiness-observation/agent.ext4" [3mcount[0m[2m=[0m6 [3mkeep[0m[2m=[0mfalse
[2m2026-09-17T13:55:20.339225Z[0m [32m INFO[0m [2mrooms::firecracker[0m[2m:[0m spawning restore firecracker via barriered jailer [3msocket[0m[2m=[0m/home/mh.guest/.local/state/rooms/jailer/firecracker/01m2qtd07hb7d9pq6kj206mng0/root/api.sock
[2m2026-09-17T13:55:20.339236Z[0m [32m INFO[0m [2mrooms::firecracker[0m[2m:[0m spawning restore firecracker via barriered jailer [3msocket[0m[2m=[0m/home/mh.guest/.local/state/rooms/jailer/firecracker/01m2qtd07hv394y5e1y7gt4pt7/root/api.sock
[2m2026-09-17T13:55:20.340114Z[0m [32m INFO[0m [2mrooms::firecracker[0m[2m:[0m spawning restore firecracker via barriered jailer [3msocket[0m[2m=[0m/home/mh.guest/.local/state/rooms/jailer/firecracker/01m2qtd07hzbjtstzwrkkt5f1n/root/api.sock
[2m2026-09-17T13:55:20.340249Z[0m [32m INFO[0m [2mrooms::firecracker[0m[2m:[0m spawning restore firecracker via barriered jailer [3msocket[0m[2m=[0m/home/mh.guest/.local/state/rooms/jailer/firecracker/01m2qtd07hmb5eqzw3k9xhx5fm/root/api.sock
[2m2026-09-17T13:55:20.340856Z[0m [32m INFO[0m [2mrooms::firecracker[0m[2m:[0m spawning restore firecracker via barriered jailer [3msocket[0m[2m=[0m/home/mh.guest/.local/state/rooms/jailer/firecracker/01m2qtd07h88mtsenpp3620jac/root/api.sock
[2m2026-09-17T13:55:20.341082Z[0m [32m INFO[0m [2mrooms::firecracker[0m[2m:[0m spawning restore firecracker via barriered jailer [3msocket[0m[2m=[0m/home/mh.guest/.local/state/rooms/jailer/firecracker/01m2qtd07hwdf520h4mqnnq1vc/root/api.sock
[2m2026-09-17T13:55:20.421096Z[0m [32m INFO[0m [2mrooms::restore_exec[0m[2m:[0m microVM resumed from snapshot [3mroom[0m[2m=[0m01m2qtd07hb7d9pq6kj206mng0 [3msnapshot[0m[2m=[0m01m2hejw04730vkhjzfqq1v1t2
[2m2026-09-17T13:55:20.425082Z[0m [32m INFO[0m [2mrooms::restore_exec[0m[2m:[0m microVM resumed from snapshot [3mroom[0m[2m=[0m01m2qtd07hwdf520h4mqnnq1vc [3msnapshot[0m[2m=[0m01m2hejw04730vkhjzfqq1v1t2
[2m2026-09-17T13:55:20.430448Z[0m [32m INFO[0m [2mrooms::restore_exec[0m[2m:[0m microVM resumed from snapshot [3mroom[0m[2m=[0m01m2qtd07hv394y5e1y7gt4pt7 [3msnapshot[0m[2m=[0m01m2hejw04730vkhjzfqq1v1t2
[2m2026-09-17T13:55:20.430462Z[0m [32m INFO[0m [2mrooms::restore_exec[0m[2m:[0m microVM resumed from snapshot [3mroom[0m[2m=[0m01m2qtd07hzbjtstzwrkkt5f1n [3msnapshot[0m[2m=[0m01m2hejw04730vkhjzfqq1v1t2
[2m2026-09-17T13:55:20.435902Z[0m [32m INFO[0m [2mrooms::restore_exec[0m[2m:[0m microVM resumed from snapshot [3mroom[0m[2m=[0m01m2qtd07hmb5eqzw3k9xhx5fm [3msnapshot[0m[2m=[0m01m2hejw04730vkhjzfqq1v1t2
[2m2026-09-17T13:55:20.452775Z[0m [32m INFO[0m [2mrooms::restore_exec[0m[2m:[0m microVM resumed from snapshot [3mroom[0m[2m=[0m01m2qtd07h88mtsenpp3620jac [3msnapshot[0m[2m=[0m01m2hejw04730vkhjzfqq1v1t2
[2m2026-09-17T13:55:28.332404Z[0m [32m INFO[0m [2mrooms::runner[0m[2m:[0m sshd accepted pubkey connection [3mguest_ip[0m[2m=[0m"172.16.0.18"
[2m2026-09-17T13:55:28.471906Z[0m [32m INFO[0m [2mrooms::runner[0m[2m:[0m sshd accepted pubkey connection [3mguest_ip[0m[2m=[0m"172.16.0.18"
[2m2026-09-17T13:55:28.504886Z[0m [32m INFO[0m [2mrooms::runner[0m[2m:[0m sshd accepted pubkey connection [3mguest_ip[0m[2m=[0m"172.16.0.18"
[2m2026-09-17T13:55:28.517571Z[0m [32m INFO[0m [2mrooms::runner[0m[2m:[0m sshd accepted pubkey connection [3mguest_ip[0m[2m=[0m"172.16.0.18"
[2m2026-09-17T13:55:28.545689Z[0m [32m INFO[0m [2mrooms::runner[0m[2m:[0m sshd accepted pubkey connection [3mguest_ip[0m[2m=[0m"172.16.0.18"
[2m2026-09-17T13:55:28.587328Z[0m [32m INFO[0m [2mrooms::runner[0m[2m:[0m sshd accepted pubkey connection [3mguest_ip[0m[2m=[0m"172.16.0.18"
[2m2026-09-17T13:55:54.540383Z[0m [32m INFO[0m [2mrooms[0m[2m:[0m collected overlay changeset [3mout[0m[2m=[0m/tmp/swarm-rooms-n6/out/01m2qtd07hmb5eqzw3k9xhx5fm
[2m2026-09-17T13:55:54.540394Z[0m [32m INFO[0m [2mrooms[0m[2m:[0m collected /workspace/out to host [3mout[0m[2m=[0m/tmp/swarm-rooms-n6/out/01m2qtd07hmb5eqzw3k9xhx5fm
[2m2026-09-17T13:55:54.551297Z[0m [33m WARN[0m [2mrooms::firecracker[0m[2m:[0m failed to remove jail instance dir (active mount?) [3mdir[0m[2m=[0m/home/mh.guest/.local/state/rooms/jailer/firecracker/01m2qtd07hmb5eqzw3k9xhx5fm [3merror[0m[2m=[0mNo such file or directory (os error 2)
[2m2026-09-17T13:56:11.726751Z[0m [32m INFO[0m [2mrooms[0m[2m:[0m collected overlay changeset [3mout[0m[2m=[0m/tmp/swarm-rooms-n6/out/01m2qtd07hv394y5e1y7gt4pt7
[2m2026-09-17T13:56:11.726763Z[0m [32m INFO[0m [2mrooms[0m[2m:[0m collected /workspace/out to host [3mout[0m[2m=[0m/tmp/swarm-rooms-n6/out/01m2qtd07hv394y5e1y7gt4pt7
[2m2026-09-17T13:56:11.734960Z[0m [33m WARN[0m [2mrooms::firecracker[0m[2m:[0m failed to remove jail instance dir (active mount?) [3mdir[0m[2m=[0m/home/mh.guest/.local/state/rooms/jailer/firecracker/01m2qtd07hv394y5e1y7gt4pt7 [3merror[0m[2m=[0mNo such file or directory (os error 2)
[2m2026-09-17T13:56:11.889371Z[0m [32m INFO[0m [2mrooms[0m[2m:[0m collected overlay changeset [3mout[0m[2m=[0m/tmp/swarm-rooms-n6/out/01m2qtd07h88mtsenpp3620jac
[2m2026-09-17T13:56:11.889383Z[0m [32m INFO[0m [2mrooms[0m[2m:[0m collected /workspace/out to host [3mout[0m[2m=[0m/tmp/swarm-rooms-n6/out/01m2qtd07h88mtsenpp3620jac
[2m2026-09-17T13:56:11.895479Z[0m [33m WARN[0m [2mrooms::firecracker[0m[2m:[0m failed to remove jail instance dir (active mount?) [3mdir[0m[2m=[0m/home/mh.guest/.local/state/rooms/jailer/firecracker/01m2qtd07h88mtsenpp3620jac [3merror[0m[2m=[0mNo such file or directory (os error 2)
[2m2026-09-17T13:56:11.978509Z[0m [32m INFO[0m [2mrooms[0m[2m:[0m collected overlay changeset [3mout[0m[2m=[0m/tmp/swarm-rooms-n6/out/01m2qtd07hwdf520h4mqnnq1vc
[2m2026-09-17T13:56:11.978516Z[0m [32m INFO[0m [2mrooms[0m[2m:[0m collected /workspace/out to host [3mout[0m[2m=[0m/tmp/swarm-rooms-n6/out/01m2qtd07hwdf520h4mqnnq1vc
[2m2026-09-17T13:56:11.983686Z[0m [33m WARN[0m [2mrooms::firecracker[0m[2m:[0m failed to remove jail instance dir (active mount?) [3mdir[0m[2m=[0m/home/mh.guest/.local/state/rooms/jailer/firecracker/01m2qtd07hwdf520h4mqnnq1vc [3merror[0m[2m=[0mNo such file or directory (os error 2)
[2m2026-09-17T13:56:12.019130Z[0m [32m INFO[0m [2mrooms[0m[2m:[0m collected overlay changeset [3mout[0m[2m=[0m/tmp/swarm-rooms-n6/out/01m2qtd07hb7d9pq6kj206mng0
[2m2026-09-17T13:56:12.019138Z[0m [32m INFO[0m [2mrooms[0m[2m:[0m collected /workspace/out to host [3mout[0m[2m=[0m/tmp/swarm-rooms-n6/out/01m2qtd07hb7d9pq6kj206mng0
[2m2026-09-17T13:56:12.028343Z[0m [33m WARN[0m [2mrooms::firecracker[0m[2m:[0m failed to remove jail instance dir (active mount?) [3mdir[0m[2m=[0m/home/mh.guest/.local/state/rooms/jailer/firecracker/01m2qtd07hb7d9pq6kj206mng0 [3merror[0m[2m=[0mNo such file or directory (os error 2)
[2m2026-09-17T13:57:00.104837Z[0m [32m INFO[0m [2mrooms[0m[2m:[0m collected overlay changeset [3mout[0m[2m=[0m/tmp/swarm-rooms-n6/out/01m2qtd07hzbjtstzwrkkt5f1n
[2m2026-09-17T13:57:00.104861Z[0m [32m INFO[0m [2mrooms[0m[2m:[0m collected /workspace/out to host [3mout[0m[2m=[0m/tmp/swarm-rooms-n6/out/01m2qtd07hzbjtstzwrkkt5f1n
[2m2026-09-17T13:57:00.113950Z[0m [33m WARN[0m [2mrooms::firecracker[0m[2m:[0m failed to remove jail instance dir (active mount?) [3mdir[0m[2m=[0m/home/mh.guest/.local/state/rooms/jailer/firecracker/01m2qtd07hzbjtstzwrkkt5f1n [3merror[0m[2m=[0mNo such file or directory (os error 2)
