[2m2026-09-18T00:03:45.717438Z[0m [32m INFO[0m [2mrooms[0m[2m:[0m rooms clone [3msnapshot_dir[0m[2m=[0m"/home/rooms/lab/snapshot" [3mimage[0m[2m=[0m"/home/rooms/rooms/images/agent-alpine.ext4" [3mcount[0m[2m=[0m4 [3mkeep[0m[2m=[0mfalse
[2m2026-09-18T00:03:46.690215Z[0m [32m INFO[0m [2mrooms::firecracker[0m[2m:[0m spawning restore firecracker via barriered jailer [3msocket[0m[2m=[0m/home/rooms/.local/state/rooms/jailer/firecracker/01m2rx72dq6zxje3m462kweky9/root/api.sock
[2m2026-09-18T00:03:46.690366Z[0m [32m INFO[0m [2mrooms::firecracker[0m[2m:[0m spawning restore firecracker via barriered jailer [3msocket[0m[2m=[0m/home/rooms/.local/state/rooms/jailer/firecracker/01m2rx72dq8c0xse838kpx7em5/root/api.sock
[2m2026-09-18T00:03:46.690381Z[0m [32m INFO[0m [2mrooms::firecracker[0m[2m:[0m spawning restore firecracker via barriered jailer [3msocket[0m[2m=[0m/home/rooms/.local/state/rooms/jailer/firecracker/01m2rx72dqc45vpjfm7f26qg93/root/api.sock
[2m2026-09-18T00:03:46.690460Z[0m [32m INFO[0m [2mrooms::firecracker[0m[2m:[0m spawning restore firecracker via barriered jailer [3msocket[0m[2m=[0m/home/rooms/.local/state/rooms/jailer/firecracker/01m2rx72dq7bb65y8m1j4aj07v/root/api.sock
[2m2026-09-18T00:03:46.797097Z[0m [32m INFO[0m [2mrooms::restore_exec[0m[2m:[0m microVM resumed from snapshot [3mroom[0m[2m=[0m01m2rx72dq6zxje3m462kweky9 [3msnapshot[0m[2m=[0m01m2rwy5jsnmf3d9ntarp6mp4g
[2m2026-09-18T00:03:46.814577Z[0m [32m INFO[0m [2mrooms::restore_exec[0m[2m:[0m microVM resumed from snapshot [3mroom[0m[2m=[0m01m2rx72dq7bb65y8m1j4aj07v [3msnapshot[0m[2m=[0m01m2rwy5jsnmf3d9ntarp6mp4g
[2m2026-09-18T00:03:46.821582Z[0m [32m INFO[0m [2mrooms::restore_exec[0m[2m:[0m microVM resumed from snapshot [3mroom[0m[2m=[0m01m2rx72dqc45vpjfm7f26qg93 [3msnapshot[0m[2m=[0m01m2rwy5jsnmf3d9ntarp6mp4g
[2m2026-09-18T00:03:46.827804Z[0m [32m INFO[0m [2mrooms::restore_exec[0m[2m:[0m microVM resumed from snapshot [3mroom[0m[2m=[0m01m2rx72dq8c0xse838kpx7em5 [3msnapshot[0m[2m=[0m01m2rwy5jsnmf3d9ntarp6mp4g
[2m2026-09-18T00:03:47.259074Z[0m [32m INFO[0m [2mrooms::runner[0m[2m:[0m sshd accepted pubkey connection [3mguest_ip[0m[2m=[0m"172.16.0.6"
[2m2026-09-18T00:03:47.261343Z[0m [32m INFO[0m [2mrooms::runner[0m[2m:[0m sshd accepted pubkey connection [3mguest_ip[0m[2m=[0m"172.16.0.6"
[2m2026-09-18T00:03:47.281558Z[0m [32m INFO[0m [2mrooms::runner[0m[2m:[0m sshd accepted pubkey connection [3mguest_ip[0m[2m=[0m"172.16.0.6"
[2m2026-09-18T00:03:47.283811Z[0m [32m INFO[0m [2mrooms::runner[0m[2m:[0m sshd accepted pubkey connection [3mguest_ip[0m[2m=[0m"172.16.0.6"
[2m2026-09-18T00:04:20.748587Z[0m [32m INFO[0m [2mrooms[0m[2m:[0m collected overlay changeset [3mout[0m[2m=[0m/tmp/swarm-plane-gcp-2/n4/out/01m2rx72dq7bb65y8m1j4aj07v
[2m2026-09-18T00:04:20.748612Z[0m [32m INFO[0m [2mrooms[0m[2m:[0m collected /workspace/out to host [3mout[0m[2m=[0m/tmp/swarm-plane-gcp-2/n4/out/01m2rx72dq7bb65y8m1j4aj07v
[2m2026-09-18T00:04:20.785058Z[0m [33m WARN[0m [2mrooms::firecracker[0m[2m:[0m failed to remove jail instance dir (active mount?) [3mdir[0m[2m=[0m/home/rooms/.local/state/rooms/jailer/firecracker/01m2rx72dq7bb65y8m1j4aj07v [3merror[0m[2m=[0mNo such file or directory (os error 2)
[2m2026-09-18T00:04:20.815336Z[0m [32m INFO[0m [2mrooms[0m[2m:[0m collected overlay changeset [3mout[0m[2m=[0m/tmp/swarm-plane-gcp-2/n4/out/01m2rx72dq6zxje3m462kweky9
[2m2026-09-18T00:04:20.815362Z[0m [32m INFO[0m [2mrooms[0m[2m:[0m collected /workspace/out to host [3mout[0m[2m=[0m/tmp/swarm-plane-gcp-2/n4/out/01m2rx72dq6zxje3m462kweky9
[2m2026-09-18T00:04:20.815371Z[0m [32m INFO[0m [2mrooms[0m[2m:[0m collected overlay changeset [3mout[0m[2m=[0m/tmp/swarm-plane-gcp-2/n4/out/01m2rx72dq8c0xse838kpx7em5
[2m2026-09-18T00:04:20.815386Z[0m [32m INFO[0m [2mrooms[0m[2m:[0m collected /workspace/out to host [3mout[0m[2m=[0m/tmp/swarm-plane-gcp-2/n4/out/01m2rx72dq8c0xse838kpx7em5
[2m2026-09-18T00:04:20.846825Z[0m [32m INFO[0m [2mrooms[0m[2m:[0m collected overlay changeset [3mout[0m[2m=[0m/tmp/swarm-plane-gcp-2/n4/out/01m2rx72dqc45vpjfm7f26qg93
[2m2026-09-18T00:04:20.846844Z[0m [32m INFO[0m [2mrooms[0m[2m:[0m collected /workspace/out to host [3mout[0m[2m=[0m/tmp/swarm-plane-gcp-2/n4/out/01m2rx72dqc45vpjfm7f26qg93
[2m2026-09-18T00:04:20.860215Z[0m [33m WARN[0m [2mrooms::firecracker[0m[2m:[0m failed to remove jail instance dir (active mount?) [3mdir[0m[2m=[0m/home/rooms/.local/state/rooms/jailer/firecracker/01m2rx72dq8c0xse838kpx7em5 [3merror[0m[2m=[0mNo such file or directory (os error 2)
[2m2026-09-18T00:04:20.892032Z[0m [33m WARN[0m [2mrooms::firecracker[0m[2m:[0m failed to remove jail instance dir (active mount?) [3mdir[0m[2m=[0m/home/rooms/.local/state/rooms/jailer/firecracker/01m2rx72dq6zxje3m462kweky9 [3merror[0m[2m=[0mNo such file or directory (os error 2)
[2m2026-09-18T00:04:20.892161Z[0m [33m WARN[0m [2mrooms::firecracker[0m[2m:[0m failed to remove jail instance dir (active mount?) [3mdir[0m[2m=[0m/home/rooms/.local/state/rooms/jailer/firecracker/01m2rx72dqc45vpjfm7f26qg93 [3merror[0m[2m=[0mNo such file or directory (os error 2)
