[2m2026-09-17T13:58:27.532576Z[0m [32m INFO[0m [2mrooms[0m[2m:[0m rooms clone [3msnapshot_dir[0m[2m=[0m"/home/mh.guest/rooms/readiness-observation/snapshot" [3mimage[0m[2m=[0m"/home/mh.guest/rooms/readiness-observation/agent.ext4" [3mcount[0m[2m=[0m4 [3mkeep[0m[2m=[0mfalse
[2m2026-09-17T13:58:27.913835Z[0m [32m INFO[0m [2mrooms::firecracker[0m[2m:[0m spawning restore firecracker via barriered jailer [3msocket[0m[2m=[0m/home/mh.guest/.local/state/rooms/jailer/firecracker/01m2qtjqed2jges43ec22k176x/root/api.sock
[2m2026-09-17T13:58:27.913867Z[0m [32m INFO[0m [2mrooms::firecracker[0m[2m:[0m spawning restore firecracker via barriered jailer [3msocket[0m[2m=[0m/home/mh.guest/.local/state/rooms/jailer/firecracker/01m2qtjqedgxxk02ypfbwz3hym/root/api.sock
[2m2026-09-17T13:58:27.914094Z[0m [32m INFO[0m [2mrooms::firecracker[0m[2m:[0m spawning restore firecracker via barriered jailer [3msocket[0m[2m=[0m/home/mh.guest/.local/state/rooms/jailer/firecracker/01m2qtjqedg6nqv2f9wgmdngcz/root/api.sock
[2m2026-09-17T13:58:27.915226Z[0m [32m INFO[0m [2mrooms::firecracker[0m[2m:[0m spawning restore firecracker via barriered jailer [3msocket[0m[2m=[0m/home/mh.guest/.local/state/rooms/jailer/firecracker/01m2qtjqed3nescr7wr1t0mygy/root/api.sock
[2m2026-09-17T13:58:27.998606Z[0m [32m INFO[0m [2mrooms::restore_exec[0m[2m:[0m microVM resumed from snapshot [3mroom[0m[2m=[0m01m2qtjqedg6nqv2f9wgmdngcz [3msnapshot[0m[2m=[0m01m2hejw04730vkhjzfqq1v1t2
[2m2026-09-17T13:58:28.000002Z[0m [32m INFO[0m [2mrooms::restore_exec[0m[2m:[0m microVM resumed from snapshot [3mroom[0m[2m=[0m01m2qtjqedgxxk02ypfbwz3hym [3msnapshot[0m[2m=[0m01m2hejw04730vkhjzfqq1v1t2
[2m2026-09-17T13:58:28.000761Z[0m [32m INFO[0m [2mrooms::restore_exec[0m[2m:[0m microVM resumed from snapshot [3mroom[0m[2m=[0m01m2qtjqed3nescr7wr1t0mygy [3msnapshot[0m[2m=[0m01m2hejw04730vkhjzfqq1v1t2
[2m2026-09-17T13:58:28.007852Z[0m [32m INFO[0m [2mrooms::restore_exec[0m[2m:[0m microVM resumed from snapshot [3mroom[0m[2m=[0m01m2qtjqed2jges43ec22k176x [3msnapshot[0m[2m=[0m01m2hejw04730vkhjzfqq1v1t2
[2m2026-09-17T13:58:32.320563Z[0m [32m INFO[0m [2mrooms::runner[0m[2m:[0m sshd accepted pubkey connection [3mguest_ip[0m[2m=[0m"172.16.0.18"
[2m2026-09-17T13:58:32.409064Z[0m [32m INFO[0m [2mrooms::runner[0m[2m:[0m sshd accepted pubkey connection [3mguest_ip[0m[2m=[0m"172.16.0.18"
[2m2026-09-17T13:58:32.434707Z[0m [32m INFO[0m [2mrooms::runner[0m[2m:[0m sshd accepted pubkey connection [3mguest_ip[0m[2m=[0m"172.16.0.18"
[2m2026-09-17T13:58:32.446352Z[0m [32m INFO[0m [2mrooms::runner[0m[2m:[0m sshd accepted pubkey connection [3mguest_ip[0m[2m=[0m"172.16.0.18"
[2m2026-09-17T13:58:48.243042Z[0m [32m INFO[0m [2mrooms[0m[2m:[0m collected overlay changeset [3mout[0m[2m=[0m/tmp/swarm-plane-rooms/n4/out/01m2qtjqed2jges43ec22k176x
[2m2026-09-17T13:58:48.243052Z[0m [32m INFO[0m [2mrooms[0m[2m:[0m collected /workspace/out to host [3mout[0m[2m=[0m/tmp/swarm-plane-rooms/n4/out/01m2qtjqed2jges43ec22k176x
[2m2026-09-17T13:58:48.254179Z[0m [33m WARN[0m [2mrooms::firecracker[0m[2m:[0m failed to remove jail instance dir (active mount?) [3mdir[0m[2m=[0m/home/mh.guest/.local/state/rooms/jailer/firecracker/01m2qtjqed2jges43ec22k176x [3merror[0m[2m=[0mNo such file or directory (os error 2)
[2m2026-09-17T13:58:48.421265Z[0m [32m INFO[0m [2mrooms[0m[2m:[0m collected overlay changeset [3mout[0m[2m=[0m/tmp/swarm-plane-rooms/n4/out/01m2qtjqed3nescr7wr1t0mygy
[2m2026-09-17T13:58:48.421273Z[0m [32m INFO[0m [2mrooms[0m[2m:[0m collected /workspace/out to host [3mout[0m[2m=[0m/tmp/swarm-plane-rooms/n4/out/01m2qtjqed3nescr7wr1t0mygy
[2m2026-09-17T13:58:48.430014Z[0m [33m WARN[0m [2mrooms::firecracker[0m[2m:[0m failed to remove jail instance dir (active mount?) [3mdir[0m[2m=[0m/home/mh.guest/.local/state/rooms/jailer/firecracker/01m2qtjqed3nescr7wr1t0mygy [3merror[0m[2m=[0mNo such file or directory (os error 2)
[2m2026-09-17T13:59:21.623389Z[0m [32m INFO[0m [2mrooms[0m[2m:[0m collected overlay changeset [3mout[0m[2m=[0m/tmp/swarm-plane-rooms/n4/out/01m2qtjqedg6nqv2f9wgmdngcz
[2m2026-09-17T13:59:21.623399Z[0m [32m INFO[0m [2mrooms[0m[2m:[0m collected /workspace/out to host [3mout[0m[2m=[0m/tmp/swarm-plane-rooms/n4/out/01m2qtjqedg6nqv2f9wgmdngcz
[2m2026-09-17T13:59:21.631631Z[0m [33m WARN[0m [2mrooms::firecracker[0m[2m:[0m failed to remove jail instance dir (active mount?) [3mdir[0m[2m=[0m/home/mh.guest/.local/state/rooms/jailer/firecracker/01m2qtjqedg6nqv2f9wgmdngcz [3merror[0m[2m=[0mNo such file or directory (os error 2)
[2m2026-09-17T13:59:21.665693Z[0m [32m INFO[0m [2mrooms[0m[2m:[0m collected overlay changeset [3mout[0m[2m=[0m/tmp/swarm-plane-rooms/n4/out/01m2qtjqedgxxk02ypfbwz3hym
[2m2026-09-17T13:59:21.665699Z[0m [32m INFO[0m [2mrooms[0m[2m:[0m collected /workspace/out to host [3mout[0m[2m=[0m/tmp/swarm-plane-rooms/n4/out/01m2qtjqedgxxk02ypfbwz3hym
[2m2026-09-17T13:59:21.676050Z[0m [33m WARN[0m [2mrooms::firecracker[0m[2m:[0m failed to remove jail instance dir (active mount?) [3mdir[0m[2m=[0m/home/mh.guest/.local/state/rooms/jailer/firecracker/01m2qtjqedgxxk02ypfbwz3hym [3merror[0m[2m=[0mNo such file or directory (os error 2)
