[2m2026-09-17T14:19:44.919257Z[0m [32m INFO[0m [2mrooms[0m[2m:[0m rooms clone [3msnapshot_dir[0m[2m=[0m"/home/mh.guest/rooms/readiness-observation/snapshot" [3mimage[0m[2m=[0m"/home/mh.guest/rooms/readiness-observation/agent.ext4" [3mcount[0m[2m=[0m6 [3mkeep[0m[2m=[0mfalse
[2m2026-09-17T14:19:45.320812Z[0m [32m INFO[0m [2mrooms::firecracker[0m[2m:[0m spawning restore firecracker via barriered jailer [3msocket[0m[2m=[0m/home/mh.guest/.local/state/rooms/jailer/firecracker/01m2qvspwrxknrq6chgpadvysc/root/api.sock
[2m2026-09-17T14:19:45.320911Z[0m [32m INFO[0m [2mrooms::firecracker[0m[2m:[0m spawning restore firecracker via barriered jailer [3msocket[0m[2m=[0m/home/mh.guest/.local/state/rooms/jailer/firecracker/01m2qvspwrnj300d3a6a11bcs7/root/api.sock
[2m2026-09-17T14:19:45.321144Z[0m [32m INFO[0m [2mrooms::firecracker[0m[2m:[0m spawning restore firecracker via barriered jailer [3msocket[0m[2m=[0m/home/mh.guest/.local/state/rooms/jailer/firecracker/01m2qvspwrsp0evtj3qas4j65a/root/api.sock
[2m2026-09-17T14:19:45.321308Z[0m [32m INFO[0m [2mrooms::firecracker[0m[2m:[0m spawning restore firecracker via barriered jailer [3msocket[0m[2m=[0m/home/mh.guest/.local/state/rooms/jailer/firecracker/01m2qvspwr53f6gbzsdfdswajk/root/api.sock
[2m2026-09-17T14:19:45.321369Z[0m [32m INFO[0m [2mrooms::firecracker[0m[2m:[0m spawning restore firecracker via barriered jailer [3msocket[0m[2m=[0m/home/mh.guest/.local/state/rooms/jailer/firecracker/01m2qvspwrnx2qrp8tak67m74z/root/api.sock
[2m2026-09-17T14:19:45.321663Z[0m [32m INFO[0m [2mrooms::firecracker[0m[2m:[0m spawning restore firecracker via barriered jailer [3msocket[0m[2m=[0m/home/mh.guest/.local/state/rooms/jailer/firecracker/01m2qvspwr1qk05eddvj7drfag/root/api.sock
[2m2026-09-17T14:19:45.402334Z[0m [32m INFO[0m [2mrooms::restore_exec[0m[2m:[0m microVM resumed from snapshot [3mroom[0m[2m=[0m01m2qvspwrnj300d3a6a11bcs7 [3msnapshot[0m[2m=[0m01m2hejw04730vkhjzfqq1v1t2
[2m2026-09-17T14:19:45.406151Z[0m [32m INFO[0m [2mrooms::restore_exec[0m[2m:[0m microVM resumed from snapshot [3mroom[0m[2m=[0m01m2qvspwrsp0evtj3qas4j65a [3msnapshot[0m[2m=[0m01m2hejw04730vkhjzfqq1v1t2
[2m2026-09-17T14:19:45.413112Z[0m [32m INFO[0m [2mrooms::restore_exec[0m[2m:[0m microVM resumed from snapshot [3mroom[0m[2m=[0m01m2qvspwrxknrq6chgpadvysc [3msnapshot[0m[2m=[0m01m2hejw04730vkhjzfqq1v1t2
[2m2026-09-17T14:19:45.414216Z[0m [32m INFO[0m [2mrooms::restore_exec[0m[2m:[0m microVM resumed from snapshot [3mroom[0m[2m=[0m01m2qvspwr1qk05eddvj7drfag [3msnapshot[0m[2m=[0m01m2hejw04730vkhjzfqq1v1t2
[2m2026-09-17T14:19:45.428248Z[0m [32m INFO[0m [2mrooms::restore_exec[0m[2m:[0m microVM resumed from snapshot [3mroom[0m[2m=[0m01m2qvspwr53f6gbzsdfdswajk [3msnapshot[0m[2m=[0m01m2hejw04730vkhjzfqq1v1t2
[2m2026-09-17T14:19:45.433014Z[0m [32m INFO[0m [2mrooms::restore_exec[0m[2m:[0m microVM resumed from snapshot [3mroom[0m[2m=[0m01m2qvspwrnx2qrp8tak67m74z [3msnapshot[0m[2m=[0m01m2hejw04730vkhjzfqq1v1t2
[2m2026-09-17T14:19:53.250272Z[0m [32m INFO[0m [2mrooms::runner[0m[2m:[0m sshd accepted pubkey connection [3mguest_ip[0m[2m=[0m"172.16.0.18"
[2m2026-09-17T14:19:53.386419Z[0m [32m INFO[0m [2mrooms::runner[0m[2m:[0m sshd accepted pubkey connection [3mguest_ip[0m[2m=[0m"172.16.0.18"
[2m2026-09-17T14:19:53.527757Z[0m [32m INFO[0m [2mrooms::runner[0m[2m:[0m sshd accepted pubkey connection [3mguest_ip[0m[2m=[0m"172.16.0.18"
[2m2026-09-17T14:19:53.725763Z[0m [32m INFO[0m [2mrooms::runner[0m[2m:[0m sshd accepted pubkey connection [3mguest_ip[0m[2m=[0m"172.16.0.18"
[2m2026-09-17T14:19:53.727727Z[0m [32m INFO[0m [2mrooms::runner[0m[2m:[0m sshd accepted pubkey connection [3mguest_ip[0m[2m=[0m"172.16.0.18"
[2m2026-09-17T14:19:53.896932Z[0m [32m INFO[0m [2mrooms::runner[0m[2m:[0m sshd accepted pubkey connection [3mguest_ip[0m[2m=[0m"172.16.0.18"
[2m2026-09-17T14:20:45.901406Z[0m [32m INFO[0m [2mrooms[0m[2m:[0m collected overlay changeset [3mout[0m[2m=[0m/tmp/swarm-plane-rooms-2/n6-faults/out/01m2qvspwrnx2qrp8tak67m74z
[2m2026-09-17T14:20:45.901414Z[0m [32m INFO[0m [2mrooms[0m[2m:[0m collected /workspace/out to host [3mout[0m[2m=[0m/tmp/swarm-plane-rooms-2/n6-faults/out/01m2qvspwrnx2qrp8tak67m74z
[2m2026-09-17T14:20:45.919220Z[0m [33m WARN[0m [2mrooms::firecracker[0m[2m:[0m failed to remove jail instance dir (active mount?) [3mdir[0m[2m=[0m/home/mh.guest/.local/state/rooms/jailer/firecracker/01m2qvspwrnx2qrp8tak67m74z [3merror[0m[2m=[0mNo such file or directory (os error 2)
[2m2026-09-17T14:20:45.972638Z[0m [32m INFO[0m [2mrooms[0m[2m:[0m collected overlay changeset [3mout[0m[2m=[0m/tmp/swarm-plane-rooms-2/n6-faults/out/01m2qvspwrnj300d3a6a11bcs7
[2m2026-09-17T14:20:45.972643Z[0m [32m INFO[0m [2mrooms[0m[2m:[0m collected /workspace/out to host [3mout[0m[2m=[0m/tmp/swarm-plane-rooms-2/n6-faults/out/01m2qvspwrnj300d3a6a11bcs7
[2m2026-09-17T14:20:45.983668Z[0m [33m WARN[0m [2mrooms::firecracker[0m[2m:[0m failed to remove jail instance dir (active mount?) [3mdir[0m[2m=[0m/home/mh.guest/.local/state/rooms/jailer/firecracker/01m2qvspwrnj300d3a6a11bcs7 [3merror[0m[2m=[0mNo such file or directory (os error 2)
[2m2026-09-17T14:20:46.026579Z[0m [32m INFO[0m [2mrooms[0m[2m:[0m collected overlay changeset [3mout[0m[2m=[0m/tmp/swarm-plane-rooms-2/n6-faults/out/01m2qvspwr1qk05eddvj7drfag
[2m2026-09-17T14:20:46.026586Z[0m [32m INFO[0m [2mrooms[0m[2m:[0m collected /workspace/out to host [3mout[0m[2m=[0m/tmp/swarm-plane-rooms-2/n6-faults/out/01m2qvspwr1qk05eddvj7drfag
[2m2026-09-17T14:20:46.037207Z[0m [33m WARN[0m [2mrooms::firecracker[0m[2m:[0m failed to remove jail instance dir (active mount?) [3mdir[0m[2m=[0m/home/mh.guest/.local/state/rooms/jailer/firecracker/01m2qvspwr1qk05eddvj7drfag [3merror[0m[2m=[0mNo such file or directory (os error 2)
[2m2026-09-17T14:20:46.077573Z[0m [32m INFO[0m [2mrooms[0m[2m:[0m collected overlay changeset [3mout[0m[2m=[0m/tmp/swarm-plane-rooms-2/n6-faults/out/01m2qvspwr53f6gbzsdfdswajk
[2m2026-09-17T14:20:46.077580Z[0m [32m INFO[0m [2mrooms[0m[2m:[0m collected /workspace/out to host [3mout[0m[2m=[0m/tmp/swarm-plane-rooms-2/n6-faults/out/01m2qvspwr53f6gbzsdfdswajk
[2m2026-09-17T14:20:46.080065Z[0m [32m INFO[0m [2mrooms[0m[2m:[0m collected overlay changeset [3mout[0m[2m=[0m/tmp/swarm-plane-rooms-2/n6-faults/out/01m2qvspwrsp0evtj3qas4j65a
[2m2026-09-17T14:20:46.080069Z[0m [32m INFO[0m [2mrooms[0m[2m:[0m collected /workspace/out to host [3mout[0m[2m=[0m/tmp/swarm-plane-rooms-2/n6-faults/out/01m2qvspwrsp0evtj3qas4j65a
[2m2026-09-17T14:20:46.086483Z[0m [33m WARN[0m [2mrooms::firecracker[0m[2m:[0m failed to remove jail instance dir (active mount?) [3mdir[0m[2m=[0m/home/mh.guest/.local/state/rooms/jailer/firecracker/01m2qvspwr53f6gbzsdfdswajk [3merror[0m[2m=[0mNo such file or directory (os error 2)
[2m2026-09-17T14:20:46.116741Z[0m [33m WARN[0m [2mrooms::firecracker[0m[2m:[0m failed to remove jail instance dir (active mount?) [3mdir[0m[2m=[0m/home/mh.guest/.local/state/rooms/jailer/firecracker/01m2qvspwrsp0evtj3qas4j65a [3merror[0m[2m=[0mNo such file or directory (os error 2)
[2m2026-09-17T14:22:50.091506Z[0m [33m WARN[0m [2mrooms[0m[2m:[0m max wall-clock cap reached during exec; aborting and shutting down [3mmax_wall[0m[2m=[0mSome(180s)
[2m2026-09-17T14:22:50.097947Z[0m [33m WARN[0m [2mrooms[0m[2m:[0m failed to create aborted-run artifact skeleton [3merror[0m[2m=[0mcreate cancelled-run artifact skeleton failed (exit exit status: 255): Cannot open network namespace "rooms-c3": No such file or directory

[2m2026-09-17T14:22:50.099546Z[0m [33m WARN[0m [2mrooms[0m[2m:[0m failed to write aborted-run result.json [3merror[0m[2m=[0mwrite result.json via SSH failed (exit exit status: 255): Cannot open network namespace "rooms-c3": No such file or directory

[2m2026-09-17T14:22:50.103379Z[0m [33m WARN[0m [2mrooms[0m[2m:[0m collect overlay changeset failed [3merror[0m[2m=[0mguest overlay enumeration failed (exit exit status: 255): Cannot open network namespace "rooms-c3": No such file or directory

[2m2026-09-17T14:22:50.103436Z[0m [33m WARN[0m [2mrooms[0m[2m:[0m collect /workspace/out to host failed [3merror[0m[2m=[0mguest tar failed (exit exit status: 255): Cannot open network namespace "rooms-c3": No such file or directory
 [3mout[0m[2m=[0m/tmp/swarm-plane-rooms-2/n6-faults/out/01m2qvspwrxknrq6chgpadvysc
[2m2026-09-17T14:22:50.108287Z[0m [33m WARN[0m [2mrooms::firecracker[0m[2m:[0m failed to remove jail instance dir (active mount?) [3mdir[0m[2m=[0m/home/mh.guest/.local/state/rooms/jailer/firecracker/01m2qvspwrxknrq6chgpadvysc [3merror[0m[2m=[0mNo such file or directory (os error 2)
[2m2026-09-17T14:22:50.108354Z[0m [33m WARN[0m [2mrooms::firecracker[0m[2m:[0m failed to remove jail instance dir (active mount?) [3mdir[0m[2m=[0m/home/mh.guest/.local/state/rooms/jailer/firecracker/01m2qvspwrxknrq6chgpadvysc [3merror[0m[2m=[0mNo such file or directory (os error 2)
[2m2026-09-17T14:22:50.108477Z[0m [33m WARN[0m [2mrooms::restore_exec[0m[2m:[0m restore teardown holds no lease for this room; leaving the slot tap/egress untouched [3mslot[0m[2m=[0m4
[2m2026-09-17T14:22:50.108515Z[0m [33m WARN[0m [2mrooms[0m[2m:[0m clone artifact finalization incomplete [3merror[0m[2m=[0minternal: artifact finalization failed: guest tar failed (exit exit status: 255): Cannot open network namespace "rooms-c3": No such file or directory

