[2m2026-09-18T00:04:21.443753Z[0m [32m INFO[0m [2mrooms[0m[2m:[0m rooms clone [3msnapshot_dir[0m[2m=[0m"/home/rooms/lab/snapshot" [3mimage[0m[2m=[0m"/home/rooms/rooms/images/agent-alpine.ext4" [3mcount[0m[2m=[0m6 [3mkeep[0m[2m=[0mfalse
[2m2026-09-18T00:04:22.426070Z[0m [32m INFO[0m [2mrooms::firecracker[0m[2m:[0m spawning restore firecracker via barriered jailer [3msocket[0m[2m=[0m/home/rooms/.local/state/rooms/jailer/firecracker/01m2rx85a5rcx6kwsdgwbr8k74/root/api.sock
[2m2026-09-18T00:04:22.426158Z[0m [32m INFO[0m [2mrooms::firecracker[0m[2m:[0m spawning restore firecracker via barriered jailer [3msocket[0m[2m=[0m/home/rooms/.local/state/rooms/jailer/firecracker/01m2rx85a5gf96eretycy7vj5j/root/api.sock
[2m2026-09-18T00:04:22.426179Z[0m [32m INFO[0m [2mrooms::firecracker[0m[2m:[0m spawning restore firecracker via barriered jailer [3msocket[0m[2m=[0m/home/rooms/.local/state/rooms/jailer/firecracker/01m2rx85a5eq34j0erb08e8nqv/root/api.sock
[2m2026-09-18T00:04:22.426477Z[0m [32m INFO[0m [2mrooms::firecracker[0m[2m:[0m spawning restore firecracker via barriered jailer [3msocket[0m[2m=[0m/home/rooms/.local/state/rooms/jailer/firecracker/01m2rx85a5gqhn1hcb68pvsakz/root/api.sock
[2m2026-09-18T00:04:22.426502Z[0m [32m INFO[0m [2mrooms::firecracker[0m[2m:[0m spawning restore firecracker via barriered jailer [3msocket[0m[2m=[0m/home/rooms/.local/state/rooms/jailer/firecracker/01m2rx85a56erkj0d0bbxfg8eb/root/api.sock
[2m2026-09-18T00:04:22.426796Z[0m [32m INFO[0m [2mrooms::firecracker[0m[2m:[0m spawning restore firecracker via barriered jailer [3msocket[0m[2m=[0m/home/rooms/.local/state/rooms/jailer/firecracker/01m2rx85a5cbv14s5afch589q6/root/api.sock
[2m2026-09-18T00:04:22.552652Z[0m [32m INFO[0m [2mrooms::restore_exec[0m[2m:[0m microVM resumed from snapshot [3mroom[0m[2m=[0m01m2rx85a5rcx6kwsdgwbr8k74 [3msnapshot[0m[2m=[0m01m2rwy5jsnmf3d9ntarp6mp4g
[2m2026-09-18T00:04:22.556453Z[0m [32m INFO[0m [2mrooms::restore_exec[0m[2m:[0m microVM resumed from snapshot [3mroom[0m[2m=[0m01m2rx85a5cbv14s5afch589q6 [3msnapshot[0m[2m=[0m01m2rwy5jsnmf3d9ntarp6mp4g
[2m2026-09-18T00:04:22.566437Z[0m [32m INFO[0m [2mrooms::restore_exec[0m[2m:[0m microVM resumed from snapshot [3mroom[0m[2m=[0m01m2rx85a5eq34j0erb08e8nqv [3msnapshot[0m[2m=[0m01m2rwy5jsnmf3d9ntarp6mp4g
[2m2026-09-18T00:04:22.575174Z[0m [32m INFO[0m [2mrooms::restore_exec[0m[2m:[0m microVM resumed from snapshot [3mroom[0m[2m=[0m01m2rx85a5gf96eretycy7vj5j [3msnapshot[0m[2m=[0m01m2rwy5jsnmf3d9ntarp6mp4g
[2m2026-09-18T00:04:22.583324Z[0m [32m INFO[0m [2mrooms::restore_exec[0m[2m:[0m microVM resumed from snapshot [3mroom[0m[2m=[0m01m2rx85a5gqhn1hcb68pvsakz [3msnapshot[0m[2m=[0m01m2rwy5jsnmf3d9ntarp6mp4g
[2m2026-09-18T00:04:22.589227Z[0m [32m INFO[0m [2mrooms::restore_exec[0m[2m:[0m microVM resumed from snapshot [3mroom[0m[2m=[0m01m2rx85a56erkj0d0bbxfg8eb [3msnapshot[0m[2m=[0m01m2rwy5jsnmf3d9ntarp6mp4g
[2m2026-09-18T00:04:23.038005Z[0m [32m INFO[0m [2mrooms::runner[0m[2m:[0m sshd accepted pubkey connection [3mguest_ip[0m[2m=[0m"172.16.0.6"
[2m2026-09-18T00:04:23.044508Z[0m [32m INFO[0m [2mrooms::runner[0m[2m:[0m sshd accepted pubkey connection [3mguest_ip[0m[2m=[0m"172.16.0.6"
[2m2026-09-18T00:04:23.045537Z[0m [32m INFO[0m [2mrooms::runner[0m[2m:[0m sshd accepted pubkey connection [3mguest_ip[0m[2m=[0m"172.16.0.6"
[2m2026-09-18T00:04:23.051789Z[0m [32m INFO[0m [2mrooms::runner[0m[2m:[0m sshd accepted pubkey connection [3mguest_ip[0m[2m=[0m"172.16.0.6"
[2m2026-09-18T00:04:23.056126Z[0m [32m INFO[0m [2mrooms::runner[0m[2m:[0m sshd accepted pubkey connection [3mguest_ip[0m[2m=[0m"172.16.0.6"
[2m2026-09-18T00:04:23.064442Z[0m [32m INFO[0m [2mrooms::runner[0m[2m:[0m sshd accepted pubkey connection [3mguest_ip[0m[2m=[0m"172.16.0.6"
[2m2026-09-18T00:04:46.143401Z[0m [32m INFO[0m [2mrooms[0m[2m:[0m collected overlay changeset [3mout[0m[2m=[0m/tmp/swarm-plane-gcp-2/n6/out/01m2rx85a5cbv14s5afch589q6
[2m2026-09-18T00:04:46.143448Z[0m [32m INFO[0m [2mrooms[0m[2m:[0m collected /workspace/out to host [3mout[0m[2m=[0m/tmp/swarm-plane-gcp-2/n6/out/01m2rx85a5cbv14s5afch589q6
[2m2026-09-18T00:04:46.157671Z[0m [32m INFO[0m [2mrooms[0m[2m:[0m collected overlay changeset [3mout[0m[2m=[0m/tmp/swarm-plane-gcp-2/n6/out/01m2rx85a5eq34j0erb08e8nqv
[2m2026-09-18T00:04:46.157691Z[0m [32m INFO[0m [2mrooms[0m[2m:[0m collected /workspace/out to host [3mout[0m[2m=[0m/tmp/swarm-plane-gcp-2/n6/out/01m2rx85a5eq34j0erb08e8nqv
[2m2026-09-18T00:04:46.171468Z[0m [32m INFO[0m [2mrooms[0m[2m:[0m collected overlay changeset [3mout[0m[2m=[0m/tmp/swarm-plane-gcp-2/n6/out/01m2rx85a5gqhn1hcb68pvsakz
[2m2026-09-18T00:04:46.171490Z[0m [32m INFO[0m [2mrooms[0m[2m:[0m collected /workspace/out to host [3mout[0m[2m=[0m/tmp/swarm-plane-gcp-2/n6/out/01m2rx85a5gqhn1hcb68pvsakz
[2m2026-09-18T00:04:46.172123Z[0m [32m INFO[0m [2mrooms[0m[2m:[0m collected overlay changeset [3mout[0m[2m=[0m/tmp/swarm-plane-gcp-2/n6/out/01m2rx85a56erkj0d0bbxfg8eb
[2m2026-09-18T00:04:46.172140Z[0m [32m INFO[0m [2mrooms[0m[2m:[0m collected /workspace/out to host [3mout[0m[2m=[0m/tmp/swarm-plane-gcp-2/n6/out/01m2rx85a56erkj0d0bbxfg8eb
[2m2026-09-18T00:04:46.189266Z[0m [33m WARN[0m [2mrooms::firecracker[0m[2m:[0m failed to remove jail instance dir (active mount?) [3mdir[0m[2m=[0m/home/rooms/.local/state/rooms/jailer/firecracker/01m2rx85a5cbv14s5afch589q6 [3merror[0m[2m=[0mNo such file or directory (os error 2)
[2m2026-09-18T00:04:46.216596Z[0m [32m INFO[0m [2mrooms[0m[2m:[0m collected overlay changeset [3mout[0m[2m=[0m/tmp/swarm-plane-gcp-2/n6/out/01m2rx85a5gf96eretycy7vj5j
[2m2026-09-18T00:04:46.216623Z[0m [32m INFO[0m [2mrooms[0m[2m:[0m collected /workspace/out to host [3mout[0m[2m=[0m/tmp/swarm-plane-gcp-2/n6/out/01m2rx85a5gf96eretycy7vj5j
[2m2026-09-18T00:04:46.224352Z[0m [32m INFO[0m [2mrooms[0m[2m:[0m collected overlay changeset [3mout[0m[2m=[0m/tmp/swarm-plane-gcp-2/n6/out/01m2rx85a5rcx6kwsdgwbr8k74
[2m2026-09-18T00:04:46.224376Z[0m [32m INFO[0m [2mrooms[0m[2m:[0m collected /workspace/out to host [3mout[0m[2m=[0m/tmp/swarm-plane-gcp-2/n6/out/01m2rx85a5rcx6kwsdgwbr8k74
[2m2026-09-18T00:04:46.226369Z[0m [33m WARN[0m [2mrooms::firecracker[0m[2m:[0m failed to remove jail instance dir (active mount?) [3mdir[0m[2m=[0m/home/rooms/.local/state/rooms/jailer/firecracker/01m2rx85a56erkj0d0bbxfg8eb [3merror[0m[2m=[0mNo such file or directory (os error 2)
[2m2026-09-18T00:04:46.226387Z[0m [33m WARN[0m [2mrooms::firecracker[0m[2m:[0m failed to remove jail instance dir (active mount?) [3mdir[0m[2m=[0m/home/rooms/.local/state/rooms/jailer/firecracker/01m2rx85a5gqhn1hcb68pvsakz [3merror[0m[2m=[0mNo such file or directory (os error 2)
[2m2026-09-18T00:04:46.226627Z[0m [33m WARN[0m [2mrooms::firecracker[0m[2m:[0m failed to remove jail instance dir (active mount?) [3mdir[0m[2m=[0m/home/rooms/.local/state/rooms/jailer/firecracker/01m2rx85a5eq34j0erb08e8nqv [3merror[0m[2m=[0mNo such file or directory (os error 2)
[2m2026-09-18T00:04:46.262244Z[0m [33m WARN[0m [2mrooms::firecracker[0m[2m:[0m failed to remove jail instance dir (active mount?) [3mdir[0m[2m=[0m/home/rooms/.local/state/rooms/jailer/firecracker/01m2rx85a5gf96eretycy7vj5j [3merror[0m[2m=[0mNo such file or directory (os error 2)
[2m2026-09-18T00:04:46.298487Z[0m [33m WARN[0m [2mrooms::firecracker[0m[2m:[0m failed to remove jail instance dir (active mount?) [3mdir[0m[2m=[0m/home/rooms/.local/state/rooms/jailer/firecracker/01m2rx85a5rcx6kwsdgwbr8k74 [3merror[0m[2m=[0mNo such file or directory (os error 2)
