[2m2026-09-17T14:13:39.600456Z[0m [32m INFO[0m [2mrooms[0m[2m:[0m rooms clone [3msnapshot_dir[0m[2m=[0m"/home/mh.guest/rooms/readiness-observation/snapshot" [3mimage[0m[2m=[0m"/home/mh.guest/rooms/readiness-observation/agent.ext4" [3mcount[0m[2m=[0m2 [3mkeep[0m[2m=[0mfalse
[2m2026-09-17T14:13:39.958528Z[0m [32m INFO[0m [2mrooms::firecracker[0m[2m:[0m spawning restore firecracker via barriered jailer [3msocket[0m[2m=[0m/home/mh.guest/.local/state/rooms/jailer/firecracker/01m2qvej4hfkmp7q8graa51m59/root/api.sock
[2m2026-09-17T14:13:39.958566Z[0m [32m INFO[0m [2mrooms::firecracker[0m[2m:[0m spawning restore firecracker via barriered jailer [3msocket[0m[2m=[0m/home/mh.guest/.local/state/rooms/jailer/firecracker/01m2qvej4h6dcqx90p5nphz569/root/api.sock
[2m2026-09-17T14:13:40.034498Z[0m [32m INFO[0m [2mrooms::restore_exec[0m[2m:[0m microVM resumed from snapshot [3mroom[0m[2m=[0m01m2qvej4h6dcqx90p5nphz569 [3msnapshot[0m[2m=[0m01m2hejw04730vkhjzfqq1v1t2
[2m2026-09-17T14:13:40.036273Z[0m [32m INFO[0m [2mrooms::restore_exec[0m[2m:[0m microVM resumed from snapshot [3mroom[0m[2m=[0m01m2qvej4hfkmp7q8graa51m59 [3msnapshot[0m[2m=[0m01m2hejw04730vkhjzfqq1v1t2
[2m2026-09-17T14:13:41.633445Z[0m [32m INFO[0m [2mrooms::runner[0m[2m:[0m sshd accepted pubkey connection [3mguest_ip[0m[2m=[0m"172.16.0.18"
[2m2026-09-17T14:13:41.643597Z[0m [32m INFO[0m [2mrooms::runner[0m[2m:[0m sshd accepted pubkey connection [3mguest_ip[0m[2m=[0m"172.16.0.18"
[2m2026-09-17T14:15:46.199600Z[0m [32m INFO[0m [2mrooms[0m[2m:[0m collected overlay changeset [3mout[0m[2m=[0m/tmp/swarm-plane-rooms-2/n2-faults/out/01m2qvej4h6dcqx90p5nphz569
[2m2026-09-17T14:15:46.199608Z[0m [32m INFO[0m [2mrooms[0m[2m:[0m collected /workspace/out to host [3mout[0m[2m=[0m/tmp/swarm-plane-rooms-2/n2-faults/out/01m2qvej4h6dcqx90p5nphz569
[2m2026-09-17T14:15:46.209516Z[0m [33m WARN[0m [2mrooms::firecracker[0m[2m:[0m failed to remove jail instance dir (active mount?) [3mdir[0m[2m=[0m/home/mh.guest/.local/state/rooms/jailer/firecracker/01m2qvej4h6dcqx90p5nphz569 [3merror[0m[2m=[0mNo such file or directory (os error 2)
[2m2026-09-17T14:16:40.924234Z[0m [33m WARN[0m [2mrooms[0m[2m:[0m max wall-clock cap reached during exec; aborting and shutting down [3mmax_wall[0m[2m=[0mSome(180s)
[2m2026-09-17T14:16:40.931060Z[0m [33m WARN[0m [2mrooms[0m[2m:[0m failed to create aborted-run artifact skeleton [3merror[0m[2m=[0mcreate cancelled-run artifact skeleton failed (exit exit status: 255): Cannot open network namespace "rooms-c2": No such file or directory

[2m2026-09-17T14:16:40.932437Z[0m [33m WARN[0m [2mrooms[0m[2m:[0m failed to write aborted-run result.json [3merror[0m[2m=[0mwrite result.json via SSH failed (exit exit status: 255): Cannot open network namespace "rooms-c2": No such file or directory

[2m2026-09-17T14:16:40.936661Z[0m [33m WARN[0m [2mrooms[0m[2m:[0m collect overlay changeset failed [3merror[0m[2m=[0mguest overlay enumeration failed (exit exit status: 255): Cannot open network namespace "rooms-c2": No such file or directory

[2m2026-09-17T14:16:40.936688Z[0m [33m WARN[0m [2mrooms[0m[2m:[0m collect /workspace/out to host failed [3merror[0m[2m=[0mguest tar failed (exit exit status: 255): Cannot open network namespace "rooms-c2": No such file or directory
 [3mout[0m[2m=[0m/tmp/swarm-plane-rooms-2/n2-faults/out/01m2qvej4hfkmp7q8graa51m59
[2m2026-09-17T14:16:40.941091Z[0m [33m WARN[0m [2mrooms::firecracker[0m[2m:[0m failed to remove jail instance dir (active mount?) [3mdir[0m[2m=[0m/home/mh.guest/.local/state/rooms/jailer/firecracker/01m2qvej4hfkmp7q8graa51m59 [3merror[0m[2m=[0mNo such file or directory (os error 2)
[2m2026-09-17T14:16:40.941126Z[0m [33m WARN[0m [2mrooms::firecracker[0m[2m:[0m failed to remove jail instance dir (active mount?) [3mdir[0m[2m=[0m/home/mh.guest/.local/state/rooms/jailer/firecracker/01m2qvej4hfkmp7q8graa51m59 [3merror[0m[2m=[0mNo such file or directory (os error 2)
[2m2026-09-17T14:16:40.941275Z[0m [33m WARN[0m [2mrooms::restore_exec[0m[2m:[0m restore teardown holds no lease for this room; leaving the slot tap/egress untouched [3mslot[0m[2m=[0m4
[2m2026-09-17T14:16:40.941312Z[0m [33m WARN[0m [2mrooms[0m[2m:[0m clone artifact finalization incomplete [3merror[0m[2m=[0minternal: artifact finalization failed: guest tar failed (exit exit status: 255): Cannot open network namespace "rooms-c2": No such file or directory

