[2m2026-09-18T00:09:45.145091Z[0m [32m INFO[0m [2mrooms[0m[2m:[0m rooms clone [3msnapshot_dir[0m[2m=[0m"/home/rooms/lab/snapshot" [3mimage[0m[2m=[0m"/home/rooms/rooms/images/agent-alpine.ext4" [3mcount[0m[2m=[0m12 [3mkeep[0m[2m=[0mfalse
[2m2026-09-18T00:09:46.154611Z[0m [32m INFO[0m [2mrooms::firecracker[0m[2m:[0m spawning restore firecracker via barriered jailer [3msocket[0m[2m=[0m/home/rooms/.local/state/rooms/jailer/firecracker/01m2rxj1dtgenfvhrxv2y5zsys/root/api.sock
[2m2026-09-18T00:09:46.155061Z[0m [32m INFO[0m [2mrooms::firecracker[0m[2m:[0m spawning restore firecracker via barriered jailer [3msocket[0m[2m=[0m/home/rooms/.local/state/rooms/jailer/firecracker/01m2rxj1dthz0k8h4mzrdhnk5r/root/api.sock
[2m2026-09-18T00:09:46.155453Z[0m [32m INFO[0m [2mrooms::firecracker[0m[2m:[0m spawning restore firecracker via barriered jailer [3msocket[0m[2m=[0m/home/rooms/.local/state/rooms/jailer/firecracker/01m2rxj1dtznvdjd9na7c8by3d/root/api.sock
[2m2026-09-18T00:09:46.155463Z[0m [32m INFO[0m [2mrooms::firecracker[0m[2m:[0m spawning restore firecracker via barriered jailer [3msocket[0m[2m=[0m/home/rooms/.local/state/rooms/jailer/firecracker/01m2rxj1dt0c59n1hhejmv6gk8/root/api.sock
[2m2026-09-18T00:09:46.155559Z[0m [32m INFO[0m [2mrooms::firecracker[0m[2m:[0m spawning restore firecracker via barriered jailer [3msocket[0m[2m=[0m/home/rooms/.local/state/rooms/jailer/firecracker/01m2rxj1dtwrzywed4mfj3zavh/root/api.sock
[2m2026-09-18T00:09:46.155584Z[0m [32m INFO[0m [2mrooms::firecracker[0m[2m:[0m spawning restore firecracker via barriered jailer [3msocket[0m[2m=[0m/home/rooms/.local/state/rooms/jailer/firecracker/01m2rxj1dtxe9pkwm9t547eyjz/root/api.sock
[2m2026-09-18T00:09:46.155702Z[0m [32m INFO[0m [2mrooms::firecracker[0m[2m:[0m spawning restore firecracker via barriered jailer [3msocket[0m[2m=[0m/home/rooms/.local/state/rooms/jailer/firecracker/01m2rxj1dtqf9z5pckaxj6fzvv/root/api.sock
[2m2026-09-18T00:09:46.155722Z[0m [32m INFO[0m [2mrooms::firecracker[0m[2m:[0m spawning restore firecracker via barriered jailer [3msocket[0m[2m=[0m/home/rooms/.local/state/rooms/jailer/firecracker/01m2rxj1dt3kv3t5s7a6kbgm90/root/api.sock
[2m2026-09-18T00:09:46.155770Z[0m [32m INFO[0m [2mrooms::firecracker[0m[2m:[0m spawning restore firecracker via barriered jailer [3msocket[0m[2m=[0m/home/rooms/.local/state/rooms/jailer/firecracker/01m2rxj1dtbcr1bb2z5fg04zhh/root/api.sock
[2m2026-09-18T00:09:46.157467Z[0m [32m INFO[0m [2mrooms::firecracker[0m[2m:[0m spawning restore firecracker via barriered jailer [3msocket[0m[2m=[0m/home/rooms/.local/state/rooms/jailer/firecracker/01m2rxj1dtjd0hcapqthwrnt7a/root/api.sock
[2m2026-09-18T00:09:46.160441Z[0m [32m INFO[0m [2mrooms::firecracker[0m[2m:[0m spawning restore firecracker via barriered jailer [3msocket[0m[2m=[0m/home/rooms/.local/state/rooms/jailer/firecracker/01m2rxj1dtmgw5zfst4sv9qp0x/root/api.sock
[2m2026-09-18T00:09:46.160454Z[0m [32m INFO[0m [2mrooms::firecracker[0m[2m:[0m spawning restore firecracker via barriered jailer [3msocket[0m[2m=[0m/home/rooms/.local/state/rooms/jailer/firecracker/01m2rxj1dtft34af7p3sdc08sy/root/api.sock
[2m2026-09-18T00:09:46.261554Z[0m [32m INFO[0m [2mrooms::restore_exec[0m[2m:[0m microVM resumed from snapshot [3mroom[0m[2m=[0m01m2rxj1dtgenfvhrxv2y5zsys [3msnapshot[0m[2m=[0m01m2rwy5jsnmf3d9ntarp6mp4g
[2m2026-09-18T00:09:46.271132Z[0m [32m INFO[0m [2mrooms::restore_exec[0m[2m:[0m microVM resumed from snapshot [3mroom[0m[2m=[0m01m2rxj1dthz0k8h4mzrdhnk5r [3msnapshot[0m[2m=[0m01m2rwy5jsnmf3d9ntarp6mp4g
[2m2026-09-18T00:09:46.289457Z[0m [32m INFO[0m [2mrooms::restore_exec[0m[2m:[0m microVM resumed from snapshot [3mroom[0m[2m=[0m01m2rxj1dtjd0hcapqthwrnt7a [3msnapshot[0m[2m=[0m01m2rwy5jsnmf3d9ntarp6mp4g
[2m2026-09-18T00:09:46.293618Z[0m [32m INFO[0m [2mrooms::restore_exec[0m[2m:[0m microVM resumed from snapshot [3mroom[0m[2m=[0m01m2rxj1dtqf9z5pckaxj6fzvv [3msnapshot[0m[2m=[0m01m2rwy5jsnmf3d9ntarp6mp4g
[2m2026-09-18T00:09:46.300101Z[0m [32m INFO[0m [2mrooms::restore_exec[0m[2m:[0m microVM resumed from snapshot [3mroom[0m[2m=[0m01m2rxj1dtbcr1bb2z5fg04zhh [3msnapshot[0m[2m=[0m01m2rwy5jsnmf3d9ntarp6mp4g
[2m2026-09-18T00:09:46.310797Z[0m [32m INFO[0m [2mrooms::restore_exec[0m[2m:[0m microVM resumed from snapshot [3mroom[0m[2m=[0m01m2rxj1dtznvdjd9na7c8by3d [3msnapshot[0m[2m=[0m01m2rwy5jsnmf3d9ntarp6mp4g
[2m2026-09-18T00:09:46.319449Z[0m [32m INFO[0m [2mrooms::restore_exec[0m[2m:[0m microVM resumed from snapshot [3mroom[0m[2m=[0m01m2rxj1dtft34af7p3sdc08sy [3msnapshot[0m[2m=[0m01m2rwy5jsnmf3d9ntarp6mp4g
[2m2026-09-18T00:09:46.328632Z[0m [32m INFO[0m [2mrooms::restore_exec[0m[2m:[0m microVM resumed from snapshot [3mroom[0m[2m=[0m01m2rxj1dtmgw5zfst4sv9qp0x [3msnapshot[0m[2m=[0m01m2rwy5jsnmf3d9ntarp6mp4g
[2m2026-09-18T00:09:46.339504Z[0m [32m INFO[0m [2mrooms::restore_exec[0m[2m:[0m microVM resumed from snapshot [3mroom[0m[2m=[0m01m2rxj1dt0c59n1hhejmv6gk8 [3msnapshot[0m[2m=[0m01m2rwy5jsnmf3d9ntarp6mp4g
[2m2026-09-18T00:09:46.346971Z[0m [32m INFO[0m [2mrooms::restore_exec[0m[2m:[0m microVM resumed from snapshot [3mroom[0m[2m=[0m01m2rxj1dtwrzywed4mfj3zavh [3msnapshot[0m[2m=[0m01m2rwy5jsnmf3d9ntarp6mp4g
[2m2026-09-18T00:09:46.357377Z[0m [32m INFO[0m [2mrooms::restore_exec[0m[2m:[0m microVM resumed from snapshot [3mroom[0m[2m=[0m01m2rxj1dtxe9pkwm9t547eyjz [3msnapshot[0m[2m=[0m01m2rwy5jsnmf3d9ntarp6mp4g
[2m2026-09-18T00:09:46.363823Z[0m [32m INFO[0m [2mrooms::restore_exec[0m[2m:[0m microVM resumed from snapshot [3mroom[0m[2m=[0m01m2rxj1dt3kv3t5s7a6kbgm90 [3msnapshot[0m[2m=[0m01m2rwy5jsnmf3d9ntarp6mp4g
[2m2026-09-18T00:09:46.905940Z[0m [32m INFO[0m [2mrooms::runner[0m[2m:[0m sshd accepted pubkey connection [3mguest_ip[0m[2m=[0m"172.16.0.6"
[2m2026-09-18T00:09:46.908019Z[0m [32m INFO[0m [2mrooms::runner[0m[2m:[0m sshd accepted pubkey connection [3mguest_ip[0m[2m=[0m"172.16.0.6"
[2m2026-09-18T00:09:46.921963Z[0m [32m INFO[0m [2mrooms::runner[0m[2m:[0m sshd accepted pubkey connection [3mguest_ip[0m[2m=[0m"172.16.0.6"
[2m2026-09-18T00:09:46.927617Z[0m [32m INFO[0m [2mrooms::runner[0m[2m:[0m sshd accepted pubkey connection [3mguest_ip[0m[2m=[0m"172.16.0.6"
[2m2026-09-18T00:09:46.949072Z[0m [32m INFO[0m [2mrooms::runner[0m[2m:[0m sshd accepted pubkey connection [3mguest_ip[0m[2m=[0m"172.16.0.6"
[2m2026-09-18T00:09:46.954835Z[0m [32m INFO[0m [2mrooms::runner[0m[2m:[0m sshd accepted pubkey connection [3mguest_ip[0m[2m=[0m"172.16.0.6"
[2m2026-09-18T00:09:46.955859Z[0m [32m INFO[0m [2mrooms::runner[0m[2m:[0m sshd accepted pubkey connection [3mguest_ip[0m[2m=[0m"172.16.0.6"
[2m2026-09-18T00:09:46.962979Z[0m [32m INFO[0m [2mrooms::runner[0m[2m:[0m sshd accepted pubkey connection [3mguest_ip[0m[2m=[0m"172.16.0.6"
[2m2026-09-18T00:09:46.972289Z[0m [32m INFO[0m [2mrooms::runner[0m[2m:[0m sshd accepted pubkey connection [3mguest_ip[0m[2m=[0m"172.16.0.6"
[2m2026-09-18T00:09:46.973588Z[0m [32m INFO[0m [2mrooms::runner[0m[2m:[0m sshd accepted pubkey connection [3mguest_ip[0m[2m=[0m"172.16.0.6"
[2m2026-09-18T00:09:46.975890Z[0m [32m INFO[0m [2mrooms::runner[0m[2m:[0m sshd accepted pubkey connection [3mguest_ip[0m[2m=[0m"172.16.0.6"
[2m2026-09-18T00:09:46.977688Z[0m [32m INFO[0m [2mrooms::runner[0m[2m:[0m sshd accepted pubkey connection [3mguest_ip[0m[2m=[0m"172.16.0.6"
[2m2026-09-18T00:10:12.265191Z[0m [32m INFO[0m [2mrooms[0m[2m:[0m collected overlay changeset [3mout[0m[2m=[0m/tmp/swarm-plane-gcp-2/n12-faults/out/01m2rxj1dtznvdjd9na7c8by3d
[2m2026-09-18T00:10:12.265212Z[0m [32m INFO[0m [2mrooms[0m[2m:[0m collected /workspace/out to host [3mout[0m[2m=[0m/tmp/swarm-plane-gcp-2/n12-faults/out/01m2rxj1dtznvdjd9na7c8by3d
[2m2026-09-18T00:10:12.273975Z[0m [32m INFO[0m [2mrooms[0m[2m:[0m collected overlay changeset [3mout[0m[2m=[0m/tmp/swarm-plane-gcp-2/n12-faults/out/01m2rxj1dtmgw5zfst4sv9qp0x
[2m2026-09-18T00:10:12.273999Z[0m [32m INFO[0m [2mrooms[0m[2m:[0m collected /workspace/out to host [3mout[0m[2m=[0m/tmp/swarm-plane-gcp-2/n12-faults/out/01m2rxj1dtmgw5zfst4sv9qp0x
[2m2026-09-18T00:10:12.294824Z[0m [32m INFO[0m [2mrooms[0m[2m:[0m collected overlay changeset [3mout[0m[2m=[0m/tmp/swarm-plane-gcp-2/n12-faults/out/01m2rxj1dtxe9pkwm9t547eyjz
[2m2026-09-18T00:10:12.294840Z[0m [32m INFO[0m [2mrooms[0m[2m:[0m collected /workspace/out to host [3mout[0m[2m=[0m/tmp/swarm-plane-gcp-2/n12-faults/out/01m2rxj1dtxe9pkwm9t547eyjz
[2m2026-09-18T00:10:12.312122Z[0m [33m WARN[0m [2mrooms::firecracker[0m[2m:[0m failed to remove jail instance dir (active mount?) [3mdir[0m[2m=[0m/home/rooms/.local/state/rooms/jailer/firecracker/01m2rxj1dtznvdjd9na7c8by3d [3merror[0m[2m=[0mNo such file or directory (os error 2)
[2m2026-09-18T00:10:12.336685Z[0m [32m INFO[0m [2mrooms[0m[2m:[0m collected overlay changeset [3mout[0m[2m=[0m/tmp/swarm-plane-gcp-2/n12-faults/out/01m2rxj1dt3kv3t5s7a6kbgm90
[2m2026-09-18T00:10:12.336706Z[0m [32m INFO[0m [2mrooms[0m[2m:[0m collected /workspace/out to host [3mout[0m[2m=[0m/tmp/swarm-plane-gcp-2/n12-faults/out/01m2rxj1dt3kv3t5s7a6kbgm90
[2m2026-09-18T00:10:12.336714Z[0m [32m INFO[0m [2mrooms[0m[2m:[0m collected overlay changeset [3mout[0m[2m=[0m/tmp/swarm-plane-gcp-2/n12-faults/out/01m2rxj1dt0c59n1hhejmv6gk8
[2m2026-09-18T00:10:12.336729Z[0m [32m INFO[0m [2mrooms[0m[2m:[0m collected /workspace/out to host [3mout[0m[2m=[0m/tmp/swarm-plane-gcp-2/n12-faults/out/01m2rxj1dt0c59n1hhejmv6gk8
[2m2026-09-18T00:10:12.350316Z[0m [33m WARN[0m [2mrooms::firecracker[0m[2m:[0m failed to remove jail instance dir (active mount?) [3mdir[0m[2m=[0m/home/rooms/.local/state/rooms/jailer/firecracker/01m2rxj1dtmgw5zfst4sv9qp0x [3merror[0m[2m=[0mNo such file or directory (os error 2)
[2m2026-09-18T00:10:12.350338Z[0m [33m WARN[0m [2mrooms::firecracker[0m[2m:[0m failed to remove jail instance dir (active mount?) [3mdir[0m[2m=[0m/home/rooms/.local/state/rooms/jailer/firecracker/01m2rxj1dtxe9pkwm9t547eyjz [3merror[0m[2m=[0mNo such file or directory (os error 2)
[2m2026-09-18T00:10:12.364332Z[0m [32m INFO[0m [2mrooms[0m[2m:[0m collected overlay changeset [3mout[0m[2m=[0m/tmp/swarm-plane-gcp-2/n12-faults/out/01m2rxj1dtjd0hcapqthwrnt7a
[2m2026-09-18T00:10:12.364355Z[0m [32m INFO[0m [2mrooms[0m[2m:[0m collected /workspace/out to host [3mout[0m[2m=[0m/tmp/swarm-plane-gcp-2/n12-faults/out/01m2rxj1dtjd0hcapqthwrnt7a
[2m2026-09-18T00:10:12.365221Z[0m [32m INFO[0m [2mrooms[0m[2m:[0m collected overlay changeset [3mout[0m[2m=[0m/tmp/swarm-plane-gcp-2/n12-faults/out/01m2rxj1dtwrzywed4mfj3zavh
[2m2026-09-18T00:10:12.365239Z[0m [32m INFO[0m [2mrooms[0m[2m:[0m collected /workspace/out to host [3mout[0m[2m=[0m/tmp/swarm-plane-gcp-2/n12-faults/out/01m2rxj1dtwrzywed4mfj3zavh
[2m2026-09-18T00:10:12.376545Z[0m [33m WARN[0m [2mrooms::firecracker[0m[2m:[0m failed to remove jail instance dir (active mount?) [3mdir[0m[2m=[0m/home/rooms/.local/state/rooms/jailer/firecracker/01m2rxj1dt3kv3t5s7a6kbgm90 [3merror[0m[2m=[0mNo such file or directory (os error 2)
[2m2026-09-18T00:10:12.382113Z[0m [32m INFO[0m [2mrooms[0m[2m:[0m collected overlay changeset [3mout[0m[2m=[0m/tmp/swarm-plane-gcp-2/n12-faults/out/01m2rxj1dtft34af7p3sdc08sy
[2m2026-09-18T00:10:12.382135Z[0m [32m INFO[0m [2mrooms[0m[2m:[0m collected /workspace/out to host [3mout[0m[2m=[0m/tmp/swarm-plane-gcp-2/n12-faults/out/01m2rxj1dtft34af7p3sdc08sy
[2m2026-09-18T00:10:12.382158Z[0m [32m INFO[0m [2mrooms[0m[2m:[0m collected overlay changeset [3mout[0m[2m=[0m/tmp/swarm-plane-gcp-2/n12-faults/out/01m2rxj1dthz0k8h4mzrdhnk5r
[2m2026-09-18T00:10:12.382169Z[0m [32m INFO[0m [2mrooms[0m[2m:[0m collected /workspace/out to host [3mout[0m[2m=[0m/tmp/swarm-plane-gcp-2/n12-faults/out/01m2rxj1dthz0k8h4mzrdhnk5r
[2m2026-09-18T00:10:12.382168Z[0m [32m INFO[0m [2mrooms[0m[2m:[0m collected overlay changeset [3mout[0m[2m=[0m/tmp/swarm-plane-gcp-2/n12-faults/out/01m2rxj1dtbcr1bb2z5fg04zhh
[2m2026-09-18T00:10:12.382194Z[0m [32m INFO[0m [2mrooms[0m[2m:[0m collected /workspace/out to host [3mout[0m[2m=[0m/tmp/swarm-plane-gcp-2/n12-faults/out/01m2rxj1dtbcr1bb2z5fg04zhh
[2m2026-09-18T00:10:12.395739Z[0m [32m INFO[0m [2mrooms[0m[2m:[0m collected overlay changeset [3mout[0m[2m=[0m/tmp/swarm-plane-gcp-2/n12-faults/out/01m2rxj1dtqf9z5pckaxj6fzvv
[2m2026-09-18T00:10:12.395753Z[0m [32m INFO[0m [2mrooms[0m[2m:[0m collected /workspace/out to host [3mout[0m[2m=[0m/tmp/swarm-plane-gcp-2/n12-faults/out/01m2rxj1dtqf9z5pckaxj6fzvv
[2m2026-09-18T00:10:12.396097Z[0m [33m WARN[0m [2mrooms::firecracker[0m[2m:[0m failed to remove jail instance dir (active mount?) [3mdir[0m[2m=[0m/home/rooms/.local/state/rooms/jailer/firecracker/01m2rxj1dt0c59n1hhejmv6gk8 [3merror[0m[2m=[0mNo such file or directory (os error 2)
[2m2026-09-18T00:10:12.420835Z[0m [33m WARN[0m [2mrooms::firecracker[0m[2m:[0m failed to remove jail instance dir (active mount?) [3mdir[0m[2m=[0m/home/rooms/.local/state/rooms/jailer/firecracker/01m2rxj1dtjd0hcapqthwrnt7a [3merror[0m[2m=[0mNo such file or directory (os error 2)
[2m2026-09-18T00:10:12.444071Z[0m [33m WARN[0m [2mrooms::firecracker[0m[2m:[0m failed to remove jail instance dir (active mount?) [3mdir[0m[2m=[0m/home/rooms/.local/state/rooms/jailer/firecracker/01m2rxj1dtft34af7p3sdc08sy [3merror[0m[2m=[0mNo such file or directory (os error 2)
[2m2026-09-18T00:10:12.444205Z[0m [33m WARN[0m [2mrooms::firecracker[0m[2m:[0m failed to remove jail instance dir (active mount?) [3mdir[0m[2m=[0m/home/rooms/.local/state/rooms/jailer/firecracker/01m2rxj1dtwrzywed4mfj3zavh [3merror[0m[2m=[0mNo such file or directory (os error 2)
[2m2026-09-18T00:10:12.444237Z[0m [33m WARN[0m [2mrooms::firecracker[0m[2m:[0m failed to remove jail instance dir (active mount?) [3mdir[0m[2m=[0m/home/rooms/.local/state/rooms/jailer/firecracker/01m2rxj1dthz0k8h4mzrdhnk5r [3merror[0m[2m=[0mNo such file or directory (os error 2)
[2m2026-09-18T00:10:12.444685Z[0m [33m WARN[0m [2mrooms::firecracker[0m[2m:[0m failed to remove jail instance dir (active mount?) [3mdir[0m[2m=[0m/home/rooms/.local/state/rooms/jailer/firecracker/01m2rxj1dtbcr1bb2z5fg04zhh [3merror[0m[2m=[0mNo such file or directory (os error 2)
[2m2026-09-18T00:10:12.482786Z[0m [33m WARN[0m [2mrooms::firecracker[0m[2m:[0m failed to remove jail instance dir (active mount?) [3mdir[0m[2m=[0m/home/rooms/.local/state/rooms/jailer/firecracker/01m2rxj1dtqf9z5pckaxj6fzvv [3merror[0m[2m=[0mNo such file or directory (os error 2)
[2m2026-09-18T00:12:46.608555Z[0m [33m WARN[0m [2mrooms[0m[2m:[0m max wall-clock cap reached during exec; aborting and shutting down [3mmax_wall[0m[2m=[0mSome(180s)
[2m2026-09-18T00:12:46.610160Z[0m [33m WARN[0m [2mrooms[0m[2m:[0m failed to create aborted-run artifact skeleton [3merror[0m[2m=[0mcreate cancelled-run artifact skeleton failed (exit exit status: 255): Cannot open network namespace "rooms-c12": No such file or directory

[2m2026-09-18T00:12:46.611541Z[0m [33m WARN[0m [2mrooms[0m[2m:[0m failed to write aborted-run result.json [3merror[0m[2m=[0mwrite result.json via SSH failed (exit exit status: 255): Cannot open network namespace "rooms-c12": No such file or directory

[2m2026-09-18T00:12:46.614402Z[0m [33m WARN[0m [2mrooms[0m[2m:[0m collect overlay changeset failed [3merror[0m[2m=[0mguest overlay enumeration failed (exit exit status: 255): Cannot open network namespace "rooms-c12": No such file or directory

[2m2026-09-18T00:12:46.614430Z[0m [33m WARN[0m [2mrooms[0m[2m:[0m collect /workspace/out to host failed [3merror[0m[2m=[0mguest tar failed (exit exit status: 255): Cannot open network namespace "rooms-c12": No such file or directory
 [3mout[0m[2m=[0m/tmp/swarm-plane-gcp-2/n12-faults/out/01m2rxj1dtgenfvhrxv2y5zsys
[2m2026-09-18T00:12:46.617363Z[0m [33m WARN[0m [2mrooms::firecracker[0m[2m:[0m failed to remove jail instance dir (active mount?) [3mdir[0m[2m=[0m/home/rooms/.local/state/rooms/jailer/firecracker/01m2rxj1dtgenfvhrxv2y5zsys [3merror[0m[2m=[0mNo such file or directory (os error 2)
[2m2026-09-18T00:12:46.617395Z[0m [33m WARN[0m [2mrooms::firecracker[0m[2m:[0m failed to remove jail instance dir (active mount?) [3mdir[0m[2m=[0m/home/rooms/.local/state/rooms/jailer/firecracker/01m2rxj1dtgenfvhrxv2y5zsys [3merror[0m[2m=[0mNo such file or directory (os error 2)
[2m2026-09-18T00:12:46.617448Z[0m [33m WARN[0m [2mrooms::restore_exec[0m[2m:[0m restore teardown holds no lease for this room; leaving the slot tap/egress untouched [3mslot[0m[2m=[0m1
[2m2026-09-18T00:12:46.617463Z[0m [33m WARN[0m [2mrooms[0m[2m:[0m clone artifact finalization incomplete [3merror[0m[2m=[0minternal: artifact finalization failed: guest tar failed (exit exit status: 255): Cannot open network namespace "rooms-c12": No such file or directory

