[2m2026-09-18T18:21:21.876633Z[0m [32m INFO[0m [2mrooms[0m[2m:[0m rooms clone [3msnapshot_dir[0m[2m=[0m"/home/rooms/lab/snap512" [3mimage[0m[2m=[0m"/home/rooms/rooms/images/agent-alpine.ext4" [3mcount[0m[2m=[0m32 [3mkeep[0m[2m=[0mfalse
[2m2026-09-18T18:21:22.909391Z[0m [32m INFO[0m [2mrooms::firecracker[0m[2m:[0m spawning restore firecracker via barriered jailer [3msocket[0m[2m=[0m/home/rooms/.local/state/rooms/jailer/firecracker/01m2tw0v2ppbvszbpc3zmwebrc/root/api.sock
[2m2026-09-18T18:21:22.909594Z[0m [32m INFO[0m [2mrooms::firecracker[0m[2m:[0m spawning restore firecracker via barriered jailer [3msocket[0m[2m=[0m/home/rooms/.local/state/rooms/jailer/firecracker/01m2tw0v2pp8ncfctm2z4k9hkj/root/api.sock
[2m2026-09-18T18:21:22.910238Z[0m [32m INFO[0m [2mrooms::firecracker[0m[2m:[0m spawning restore firecracker via barriered jailer [3msocket[0m[2m=[0m/home/rooms/.local/state/rooms/jailer/firecracker/01m2tw0v2p8nytkwegv9akczrk/root/api.sock
[2m2026-09-18T18:21:22.910719Z[0m [32m INFO[0m [2mrooms::firecracker[0m[2m:[0m spawning restore firecracker via barriered jailer [3msocket[0m[2m=[0m/home/rooms/.local/state/rooms/jailer/firecracker/01m2tw0v2p2kqqpdw9y36mym9s/root/api.sock
[2m2026-09-18T18:21:22.911432Z[0m [32m INFO[0m [2mrooms::firecracker[0m[2m:[0m spawning restore firecracker via barriered jailer [3msocket[0m[2m=[0m/home/rooms/.local/state/rooms/jailer/firecracker/01m2tw0v2pqr2g82zr55a0vcrf/root/api.sock
[2m2026-09-18T18:21:22.911916Z[0m [32m INFO[0m [2mrooms::firecracker[0m[2m:[0m spawning restore firecracker via barriered jailer [3msocket[0m[2m=[0m/home/rooms/.local/state/rooms/jailer/firecracker/01m2tw0v2pedppxz60ky265gsk/root/api.sock
[2m2026-09-18T18:21:22.914107Z[0m [32m INFO[0m [2mrooms::firecracker[0m[2m:[0m spawning restore firecracker via barriered jailer [3msocket[0m[2m=[0m/home/rooms/.local/state/rooms/jailer/firecracker/01m2tw0v2pwkyeebspxybngac9/root/api.sock
[2m2026-09-18T18:21:22.915007Z[0m [32m INFO[0m [2mrooms::firecracker[0m[2m:[0m spawning restore firecracker via barriered jailer [3msocket[0m[2m=[0m/home/rooms/.local/state/rooms/jailer/firecracker/01m2tw0v2pxgjnbe89erhn5f8b/root/api.sock
[2m2026-09-18T18:21:22.915357Z[0m [32m INFO[0m [2mrooms::firecracker[0m[2m:[0m spawning restore firecracker via barriered jailer [3msocket[0m[2m=[0m/home/rooms/.local/state/rooms/jailer/firecracker/01m2tw0v2ph6hdtdjhvv652bxy/root/api.sock
[2m2026-09-18T18:21:22.915539Z[0m [32m INFO[0m [2mrooms::firecracker[0m[2m:[0m spawning restore firecracker via barriered jailer [3msocket[0m[2m=[0m/home/rooms/.local/state/rooms/jailer/firecracker/01m2tw0v2p5c1amjzgmgnek7jr/root/api.sock
[2m2026-09-18T18:21:22.917200Z[0m [32m INFO[0m [2mrooms::firecracker[0m[2m:[0m spawning restore firecracker via barriered jailer [3msocket[0m[2m=[0m/home/rooms/.local/state/rooms/jailer/firecracker/01m2tw0v2p3cwbwhgnmktr3rz6/root/api.sock
[2m2026-09-18T18:21:22.917349Z[0m [32m INFO[0m [2mrooms::firecracker[0m[2m:[0m spawning restore firecracker via barriered jailer [3msocket[0m[2m=[0m/home/rooms/.local/state/rooms/jailer/firecracker/01m2tw0v2pwhby1jv3yvn749jv/root/api.sock
[2m2026-09-18T18:21:22.917811Z[0m [32m INFO[0m [2mrooms::firecracker[0m[2m:[0m spawning restore firecracker via barriered jailer [3msocket[0m[2m=[0m/home/rooms/.local/state/rooms/jailer/firecracker/01m2tw0v2pwyact6g6w6hzk08v/root/api.sock
[2m2026-09-18T18:21:22.918346Z[0m [32m INFO[0m [2mrooms::firecracker[0m[2m:[0m spawning restore firecracker via barriered jailer [3msocket[0m[2m=[0m/home/rooms/.local/state/rooms/jailer/firecracker/01m2tw0v2pe8pah6zhfhprhvxp/root/api.sock
[2m2026-09-18T18:21:22.918352Z[0m [32m INFO[0m [2mrooms::firecracker[0m[2m:[0m spawning restore firecracker via barriered jailer [3msocket[0m[2m=[0m/home/rooms/.local/state/rooms/jailer/firecracker/01m2tw0v2p18mc4vg23bq0y3yf/root/api.sock
[2m2026-09-18T18:21:22.918575Z[0m [32m INFO[0m [2mrooms::firecracker[0m[2m:[0m spawning restore firecracker via barriered jailer [3msocket[0m[2m=[0m/home/rooms/.local/state/rooms/jailer/firecracker/01m2tw0v2p760me6dah32xw0f9/root/api.sock
[2m2026-09-18T18:21:22.918720Z[0m [32m INFO[0m [2mrooms::firecracker[0m[2m:[0m spawning restore firecracker via barriered jailer [3msocket[0m[2m=[0m/home/rooms/.local/state/rooms/jailer/firecracker/01m2tw0v2p3x7p3b68cjjabpm3/root/api.sock
[2m2026-09-18T18:21:22.919582Z[0m [32m INFO[0m [2mrooms::firecracker[0m[2m:[0m spawning restore firecracker via barriered jailer [3msocket[0m[2m=[0m/home/rooms/.local/state/rooms/jailer/firecracker/01m2tw0v2pabqvwctevaed7qq6/root/api.sock
[2m2026-09-18T18:21:22.919582Z[0m [32m INFO[0m [2mrooms::firecracker[0m[2m:[0m spawning restore firecracker via barriered jailer [3msocket[0m[2m=[0m/home/rooms/.local/state/rooms/jailer/firecracker/01m2tw0v2p1nmnzf9sn4npqkn4/root/api.sock
[2m2026-09-18T18:21:22.919589Z[0m [32m INFO[0m [2mrooms::firecracker[0m[2m:[0m spawning restore firecracker via barriered jailer [3msocket[0m[2m=[0m/home/rooms/.local/state/rooms/jailer/firecracker/01m2tw0v2pn6qg68pjqt0f89ea/root/api.sock
[2m2026-09-18T18:21:22.919593Z[0m [32m INFO[0m [2mrooms::firecracker[0m[2m:[0m spawning restore firecracker via barriered jailer [3msocket[0m[2m=[0m/home/rooms/.local/state/rooms/jailer/firecracker/01m2tw0v2p4qs2sqzs3hrzhs1p/root/api.sock
[2m2026-09-18T18:21:22.919604Z[0m [32m INFO[0m [2mrooms::firecracker[0m[2m:[0m spawning restore firecracker via barriered jailer [3msocket[0m[2m=[0m/home/rooms/.local/state/rooms/jailer/firecracker/01m2tw0v2pkhgxx1q4zq8v9gbf/root/api.sock
[2m2026-09-18T18:21:22.941461Z[0m [32m INFO[0m [2mrooms::firecracker[0m[2m:[0m spawning restore firecracker via barriered jailer [3msocket[0m[2m=[0m/home/rooms/.local/state/rooms/jailer/firecracker/01m2tw0v2pat6h03en8nqqjt5p/root/api.sock
[2m2026-09-18T18:21:22.941716Z[0m [32m INFO[0m [2mrooms::firecracker[0m[2m:[0m spawning restore firecracker via barriered jailer [3msocket[0m[2m=[0m/home/rooms/.local/state/rooms/jailer/firecracker/01m2tw0v2pmsntvz60rnergd0w/root/api.sock
[2m2026-09-18T18:21:22.941770Z[0m [32m INFO[0m [2mrooms::firecracker[0m[2m:[0m spawning restore firecracker via barriered jailer [3msocket[0m[2m=[0m/home/rooms/.local/state/rooms/jailer/firecracker/01m2tw0v2ptm62tnkh4xznamqv/root/api.sock
[2m2026-09-18T18:21:22.941786Z[0m [32m INFO[0m [2mrooms::firecracker[0m[2m:[0m spawning restore firecracker via barriered jailer [3msocket[0m[2m=[0m/home/rooms/.local/state/rooms/jailer/firecracker/01m2tw0v2ps7mf6zjwcmgs1ey7/root/api.sock
[2m2026-09-18T18:21:22.941800Z[0m [32m INFO[0m [2mrooms::firecracker[0m[2m:[0m spawning restore firecracker via barriered jailer [3msocket[0m[2m=[0m/home/rooms/.local/state/rooms/jailer/firecracker/01m2tw0v2pkc11r1jbwr3agqpj/root/api.sock
[2m2026-09-18T18:21:22.941843Z[0m [32m INFO[0m [2mrooms::firecracker[0m[2m:[0m spawning restore firecracker via barriered jailer [3msocket[0m[2m=[0m/home/rooms/.local/state/rooms/jailer/firecracker/01m2tw0v2pznecbq2cdsje6e76/root/api.sock
[2m2026-09-18T18:21:22.941909Z[0m [32m INFO[0m [2mrooms::firecracker[0m[2m:[0m spawning restore firecracker via barriered jailer [3msocket[0m[2m=[0m/home/rooms/.local/state/rooms/jailer/firecracker/01m2tw0v2pjqjydvsnwprtqxqj/root/api.sock
[2m2026-09-18T18:21:22.942548Z[0m [32m INFO[0m [2mrooms::firecracker[0m[2m:[0m spawning restore firecracker via barriered jailer [3msocket[0m[2m=[0m/home/rooms/.local/state/rooms/jailer/firecracker/01m2tw0v2pz4ky5f0g6sqhr1m9/root/api.sock
[2m2026-09-18T18:21:22.944427Z[0m [32m INFO[0m [2mrooms::firecracker[0m[2m:[0m spawning restore firecracker via barriered jailer [3msocket[0m[2m=[0m/home/rooms/.local/state/rooms/jailer/firecracker/01m2tw0v2p071jnfefmzdjerjd/root/api.sock
[2m2026-09-18T18:21:22.944550Z[0m [32m INFO[0m [2mrooms::firecracker[0m[2m:[0m spawning restore firecracker via barriered jailer [3msocket[0m[2m=[0m/home/rooms/.local/state/rooms/jailer/firecracker/01m2tw0v2p8ffj8r06g97avqah/root/api.sock
[2m2026-09-18T18:21:23.118507Z[0m [32m INFO[0m [2mrooms::restore_exec[0m[2m:[0m microVM resumed from snapshot [3mroom[0m[2m=[0m01m2tw0v2ppbvszbpc3zmwebrc [3msnapshot[0m[2m=[0m01m2tvyc347x4hcg8m8qfg67jt
[2m2026-09-18T18:21:23.134564Z[0m [32m INFO[0m [2mrooms::restore_exec[0m[2m:[0m microVM resumed from snapshot [3mroom[0m[2m=[0m01m2tw0v2pedppxz60ky265gsk [3msnapshot[0m[2m=[0m01m2tvyc347x4hcg8m8qfg67jt
[2m2026-09-18T18:21:23.138736Z[0m [32m INFO[0m [2mrooms::restore_exec[0m[2m:[0m microVM resumed from snapshot [3mroom[0m[2m=[0m01m2tw0v2ph6hdtdjhvv652bxy [3msnapshot[0m[2m=[0m01m2tvyc347x4hcg8m8qfg67jt
[2m2026-09-18T18:21:23.145810Z[0m [32m INFO[0m [2mrooms::restore_exec[0m[2m:[0m microVM resumed from snapshot [3mroom[0m[2m=[0m01m2tw0v2p18mc4vg23bq0y3yf [3msnapshot[0m[2m=[0m01m2tvyc347x4hcg8m8qfg67jt
[2m2026-09-18T18:21:23.145865Z[0m [32m INFO[0m [2mrooms::restore_exec[0m[2m:[0m microVM resumed from snapshot [3mroom[0m[2m=[0m01m2tw0v2pwkyeebspxybngac9 [3msnapshot[0m[2m=[0m01m2tvyc347x4hcg8m8qfg67jt
[2m2026-09-18T18:21:23.151031Z[0m [32m INFO[0m [2mrooms::restore_exec[0m[2m:[0m microVM resumed from snapshot [3mroom[0m[2m=[0m01m2tw0v2p2kqqpdw9y36mym9s [3msnapshot[0m[2m=[0m01m2tvyc347x4hcg8m8qfg67jt
[2m2026-09-18T18:21:23.154385Z[0m [32m INFO[0m [2mrooms::restore_exec[0m[2m:[0m microVM resumed from snapshot [3mroom[0m[2m=[0m01m2tw0v2p8nytkwegv9akczrk [3msnapshot[0m[2m=[0m01m2tvyc347x4hcg8m8qfg67jt
[2m2026-09-18T18:21:23.163352Z[0m [32m INFO[0m [2mrooms::restore_exec[0m[2m:[0m microVM resumed from snapshot [3mroom[0m[2m=[0m01m2tw0v2pqr2g82zr55a0vcrf [3msnapshot[0m[2m=[0m01m2tvyc347x4hcg8m8qfg67jt
[2m2026-09-18T18:21:23.173025Z[0m [32m INFO[0m [2mrooms::restore_exec[0m[2m:[0m microVM resumed from snapshot [3mroom[0m[2m=[0m01m2tw0v2pp8ncfctm2z4k9hkj [3msnapshot[0m[2m=[0m01m2tvyc347x4hcg8m8qfg67jt
[2m2026-09-18T18:21:23.177801Z[0m [32m INFO[0m [2mrooms::restore_exec[0m[2m:[0m microVM resumed from snapshot [3mroom[0m[2m=[0m01m2tw0v2p4qs2sqzs3hrzhs1p [3msnapshot[0m[2m=[0m01m2tvyc347x4hcg8m8qfg67jt
[2m2026-09-18T18:21:23.177894Z[0m [32m INFO[0m [2mrooms::restore_exec[0m[2m:[0m microVM resumed from snapshot [3mroom[0m[2m=[0m01m2tw0v2pabqvwctevaed7qq6 [3msnapshot[0m[2m=[0m01m2tvyc347x4hcg8m8qfg67jt
[2m2026-09-18T18:21:23.177949Z[0m [32m INFO[0m [2mrooms::restore_exec[0m[2m:[0m microVM resumed from snapshot [3mroom[0m[2m=[0m01m2tw0v2p3x7p3b68cjjabpm3 [3msnapshot[0m[2m=[0m01m2tvyc347x4hcg8m8qfg67jt
[2m2026-09-18T18:21:23.185192Z[0m [32m INFO[0m [2mrooms::restore_exec[0m[2m:[0m microVM resumed from snapshot [3mroom[0m[2m=[0m01m2tw0v2p760me6dah32xw0f9 [3msnapshot[0m[2m=[0m01m2tvyc347x4hcg8m8qfg67jt
[2m2026-09-18T18:21:23.198321Z[0m [32m INFO[0m [2mrooms::restore_exec[0m[2m:[0m microVM resumed from snapshot [3mroom[0m[2m=[0m01m2tw0v2pwhby1jv3yvn749jv [3msnapshot[0m[2m=[0m01m2tvyc347x4hcg8m8qfg67jt
[2m2026-09-18T18:21:23.205163Z[0m [32m INFO[0m [2mrooms::restore_exec[0m[2m:[0m microVM resumed from snapshot [3mroom[0m[2m=[0m01m2tw0v2pxgjnbe89erhn5f8b [3msnapshot[0m[2m=[0m01m2tvyc347x4hcg8m8qfg67jt
[2m2026-09-18T18:21:23.214292Z[0m [32m INFO[0m [2mrooms::restore_exec[0m[2m:[0m microVM resumed from snapshot [3mroom[0m[2m=[0m01m2tw0v2p3cwbwhgnmktr3rz6 [3msnapshot[0m[2m=[0m01m2tvyc347x4hcg8m8qfg67jt
[2m2026-09-18T18:21:23.238499Z[0m [32m INFO[0m [2mrooms::restore_exec[0m[2m:[0m microVM resumed from snapshot [3mroom[0m[2m=[0m01m2tw0v2pkhgxx1q4zq8v9gbf [3msnapshot[0m[2m=[0m01m2tvyc347x4hcg8m8qfg67jt
[2m2026-09-18T18:21:23.242182Z[0m [32m INFO[0m [2mrooms::restore_exec[0m[2m:[0m microVM resumed from snapshot [3mroom[0m[2m=[0m01m2tw0v2p5c1amjzgmgnek7jr [3msnapshot[0m[2m=[0m01m2tvyc347x4hcg8m8qfg67jt
[2m2026-09-18T18:21:23.257355Z[0m [32m INFO[0m [2mrooms::restore_exec[0m[2m:[0m microVM resumed from snapshot [3mroom[0m[2m=[0m01m2tw0v2pwyact6g6w6hzk08v [3msnapshot[0m[2m=[0m01m2tvyc347x4hcg8m8qfg67jt
[2m2026-09-18T18:21:23.274148Z[0m [32m INFO[0m [2mrooms::restore_exec[0m[2m:[0m microVM resumed from snapshot [3mroom[0m[2m=[0m01m2tw0v2p071jnfefmzdjerjd [3msnapshot[0m[2m=[0m01m2tvyc347x4hcg8m8qfg67jt
[2m2026-09-18T18:21:23.321179Z[0m [32m INFO[0m [2mrooms::restore_exec[0m[2m:[0m microVM resumed from snapshot [3mroom[0m[2m=[0m01m2tw0v2pn6qg68pjqt0f89ea [3msnapshot[0m[2m=[0m01m2tvyc347x4hcg8m8qfg67jt
[2m2026-09-18T18:21:23.353660Z[0m [32m INFO[0m [2mrooms::restore_exec[0m[2m:[0m microVM resumed from snapshot [3mroom[0m[2m=[0m01m2tw0v2ptm62tnkh4xznamqv [3msnapshot[0m[2m=[0m01m2tvyc347x4hcg8m8qfg67jt
[2m2026-09-18T18:21:23.379123Z[0m [32m INFO[0m [2mrooms::restore_exec[0m[2m:[0m microVM resumed from snapshot [3mroom[0m[2m=[0m01m2tw0v2pmsntvz60rnergd0w [3msnapshot[0m[2m=[0m01m2tvyc347x4hcg8m8qfg67jt
[2m2026-09-18T18:21:23.399096Z[0m [32m INFO[0m [2mrooms::restore_exec[0m[2m:[0m microVM resumed from snapshot [3mroom[0m[2m=[0m01m2tw0v2pe8pah6zhfhprhvxp [3msnapshot[0m[2m=[0m01m2tvyc347x4hcg8m8qfg67jt
[2m2026-09-18T18:21:23.432448Z[0m [32m INFO[0m [2mrooms::restore_exec[0m[2m:[0m microVM resumed from snapshot [3mroom[0m[2m=[0m01m2tw0v2p1nmnzf9sn4npqkn4 [3msnapshot[0m[2m=[0m01m2tvyc347x4hcg8m8qfg67jt
[2m2026-09-18T18:21:23.459204Z[0m [32m INFO[0m [2mrooms::restore_exec[0m[2m:[0m microVM resumed from snapshot [3mroom[0m[2m=[0m01m2tw0v2p8ffj8r06g97avqah [3msnapshot[0m[2m=[0m01m2tvyc347x4hcg8m8qfg67jt
[2m2026-09-18T18:21:23.479668Z[0m [32m INFO[0m [2mrooms::restore_exec[0m[2m:[0m microVM resumed from snapshot [3mroom[0m[2m=[0m01m2tw0v2pz4ky5f0g6sqhr1m9 [3msnapshot[0m[2m=[0m01m2tvyc347x4hcg8m8qfg67jt
[2m2026-09-18T18:21:23.505359Z[0m [32m INFO[0m [2mrooms::restore_exec[0m[2m:[0m microVM resumed from snapshot [3mroom[0m[2m=[0m01m2tw0v2pat6h03en8nqqjt5p [3msnapshot[0m[2m=[0m01m2tvyc347x4hcg8m8qfg67jt
[2m2026-09-18T18:21:23.554180Z[0m [32m INFO[0m [2mrooms::restore_exec[0m[2m:[0m microVM resumed from snapshot [3mroom[0m[2m=[0m01m2tw0v2pkc11r1jbwr3agqpj [3msnapshot[0m[2m=[0m01m2tvyc347x4hcg8m8qfg67jt
[2m2026-09-18T18:21:23.557754Z[0m [32m INFO[0m [2mrooms::restore_exec[0m[2m:[0m microVM resumed from snapshot [3mroom[0m[2m=[0m01m2tw0v2ps7mf6zjwcmgs1ey7 [3msnapshot[0m[2m=[0m01m2tvyc347x4hcg8m8qfg67jt
[2m2026-09-18T18:21:23.580160Z[0m [32m INFO[0m [2mrooms::restore_exec[0m[2m:[0m microVM resumed from snapshot [3mroom[0m[2m=[0m01m2tw0v2pjqjydvsnwprtqxqj [3msnapshot[0m[2m=[0m01m2tvyc347x4hcg8m8qfg67jt
[2m2026-09-18T18:21:23.603437Z[0m [32m INFO[0m [2mrooms::restore_exec[0m[2m:[0m microVM resumed from snapshot [3mroom[0m[2m=[0m01m2tw0v2pznecbq2cdsje6e76 [3msnapshot[0m[2m=[0m01m2tvyc347x4hcg8m8qfg67jt
[2m2026-09-18T18:21:24.221236Z[0m [32m INFO[0m [2mrooms::runner[0m[2m:[0m sshd accepted pubkey connection [3mguest_ip[0m[2m=[0m"172.16.0.6"
[2m2026-09-18T18:21:24.292665Z[0m [32m INFO[0m [2mrooms::runner[0m[2m:[0m sshd accepted pubkey connection [3mguest_ip[0m[2m=[0m"172.16.0.6"
[2m2026-09-18T18:21:24.299041Z[0m [32m INFO[0m [2mrooms::runner[0m[2m:[0m sshd accepted pubkey connection [3mguest_ip[0m[2m=[0m"172.16.0.6"
[2m2026-09-18T18:21:24.323689Z[0m [32m INFO[0m [2mrooms::runner[0m[2m:[0m sshd accepted pubkey connection [3mguest_ip[0m[2m=[0m"172.16.0.6"
[2m2026-09-18T18:21:24.326332Z[0m [32m INFO[0m [2mrooms::runner[0m[2m:[0m sshd accepted pubkey connection [3mguest_ip[0m[2m=[0m"172.16.0.6"
[2m2026-09-18T18:21:24.339878Z[0m [32m INFO[0m [2mrooms::runner[0m[2m:[0m sshd accepted pubkey connection [3mguest_ip[0m[2m=[0m"172.16.0.6"
[2m2026-09-18T18:21:24.345520Z[0m [32m INFO[0m [2mrooms::runner[0m[2m:[0m sshd accepted pubkey connection [3mguest_ip[0m[2m=[0m"172.16.0.6"
[2m2026-09-18T18:21:24.365670Z[0m [32m INFO[0m [2mrooms::runner[0m[2m:[0m sshd accepted pubkey connection [3mguest_ip[0m[2m=[0m"172.16.0.6"
[2m2026-09-18T18:21:24.385310Z[0m [32m INFO[0m [2mrooms::runner[0m[2m:[0m sshd accepted pubkey connection [3mguest_ip[0m[2m=[0m"172.16.0.6"
[2m2026-09-18T18:21:24.405977Z[0m [32m INFO[0m [2mrooms::runner[0m[2m:[0m sshd accepted pubkey connection [3mguest_ip[0m[2m=[0m"172.16.0.6"
[2m2026-09-18T18:21:24.411302Z[0m [32m INFO[0m [2mrooms::runner[0m[2m:[0m sshd accepted pubkey connection [3mguest_ip[0m[2m=[0m"172.16.0.6"
[2m2026-09-18T18:21:24.414698Z[0m [32m INFO[0m [2mrooms::runner[0m[2m:[0m sshd accepted pubkey connection [3mguest_ip[0m[2m=[0m"172.16.0.6"
[2m2026-09-18T18:21:24.420308Z[0m [32m INFO[0m [2mrooms::runner[0m[2m:[0m sshd accepted pubkey connection [3mguest_ip[0m[2m=[0m"172.16.0.6"
[2m2026-09-18T18:21:24.421795Z[0m [32m INFO[0m [2mrooms::runner[0m[2m:[0m sshd accepted pubkey connection [3mguest_ip[0m[2m=[0m"172.16.0.6"
[2m2026-09-18T18:21:24.429261Z[0m [32m INFO[0m [2mrooms::runner[0m[2m:[0m sshd accepted pubkey connection [3mguest_ip[0m[2m=[0m"172.16.0.6"
[2m2026-09-18T18:21:24.430484Z[0m [32m INFO[0m [2mrooms::runner[0m[2m:[0m sshd accepted pubkey connection [3mguest_ip[0m[2m=[0m"172.16.0.6"
[2m2026-09-18T18:21:24.434830Z[0m [32m INFO[0m [2mrooms::runner[0m[2m:[0m sshd accepted pubkey connection [3mguest_ip[0m[2m=[0m"172.16.0.6"
[2m2026-09-18T18:21:24.446372Z[0m [32m INFO[0m [2mrooms::runner[0m[2m:[0m sshd accepted pubkey connection [3mguest_ip[0m[2m=[0m"172.16.0.6"
[2m2026-09-18T18:21:24.454919Z[0m [32m INFO[0m [2mrooms::runner[0m[2m:[0m sshd accepted pubkey connection [3mguest_ip[0m[2m=[0m"172.16.0.6"
[2m2026-09-18T18:21:24.456960Z[0m [32m INFO[0m [2mrooms::runner[0m[2m:[0m sshd accepted pubkey connection [3mguest_ip[0m[2m=[0m"172.16.0.6"
[2m2026-09-18T18:21:24.464635Z[0m [32m INFO[0m [2mrooms::runner[0m[2m:[0m sshd accepted pubkey connection [3mguest_ip[0m[2m=[0m"172.16.0.6"
[2m2026-09-18T18:21:24.468794Z[0m [32m INFO[0m [2mrooms::runner[0m[2m:[0m sshd accepted pubkey connection [3mguest_ip[0m[2m=[0m"172.16.0.6"
[2m2026-09-18T18:21:24.475235Z[0m [32m INFO[0m [2mrooms::runner[0m[2m:[0m sshd accepted pubkey connection [3mguest_ip[0m[2m=[0m"172.16.0.6"
[2m2026-09-18T18:21:24.477176Z[0m [32m INFO[0m [2mrooms::runner[0m[2m:[0m sshd accepted pubkey connection [3mguest_ip[0m[2m=[0m"172.16.0.6"
[2m2026-09-18T18:21:24.479093Z[0m [32m INFO[0m [2mrooms::runner[0m[2m:[0m sshd accepted pubkey connection [3mguest_ip[0m[2m=[0m"172.16.0.6"
[2m2026-09-18T18:21:24.481862Z[0m [32m INFO[0m [2mrooms::runner[0m[2m:[0m sshd accepted pubkey connection [3mguest_ip[0m[2m=[0m"172.16.0.6"
[2m2026-09-18T18:21:24.492577Z[0m [32m INFO[0m [2mrooms::runner[0m[2m:[0m sshd accepted pubkey connection [3mguest_ip[0m[2m=[0m"172.16.0.6"
[2m2026-09-18T18:21:24.495318Z[0m [32m INFO[0m [2mrooms::runner[0m[2m:[0m sshd accepted pubkey connection [3mguest_ip[0m[2m=[0m"172.16.0.6"
[2m2026-09-18T18:21:24.501139Z[0m [32m INFO[0m [2mrooms::runner[0m[2m:[0m sshd accepted pubkey connection [3mguest_ip[0m[2m=[0m"172.16.0.6"
[2m2026-09-18T18:21:24.522127Z[0m [32m INFO[0m [2mrooms::runner[0m[2m:[0m sshd accepted pubkey connection [3mguest_ip[0m[2m=[0m"172.16.0.6"
[2m2026-09-18T18:21:24.560142Z[0m [32m INFO[0m [2mrooms::runner[0m[2m:[0m sshd accepted pubkey connection [3mguest_ip[0m[2m=[0m"172.16.0.6"
[2m2026-09-18T18:21:24.577135Z[0m [32m INFO[0m [2mrooms::runner[0m[2m:[0m sshd accepted pubkey connection [3mguest_ip[0m[2m=[0m"172.16.0.6"
[2m2026-09-18T18:21:46.553692Z[0m [32m INFO[0m [2mrooms[0m[2m:[0m collected overlay changeset [3mout[0m[2m=[0m/home/rooms/runs/plane-32-64/n32/out/01m2tw0v2pp8ncfctm2z4k9hkj
[2m2026-09-18T18:21:46.553710Z[0m [32m INFO[0m [2mrooms[0m[2m:[0m collected /workspace/out to host [3mout[0m[2m=[0m/home/rooms/runs/plane-32-64/n32/out/01m2tw0v2pp8ncfctm2z4k9hkj
[2m2026-09-18T18:21:46.568199Z[0m [32m INFO[0m [2mrooms[0m[2m:[0m collected overlay changeset [3mout[0m[2m=[0m/home/rooms/runs/plane-32-64/n32/out/01m2tw0v2pkc11r1jbwr3agqpj
[2m2026-09-18T18:21:46.568214Z[0m [32m INFO[0m [2mrooms[0m[2m:[0m collected /workspace/out to host [3mout[0m[2m=[0m/home/rooms/runs/plane-32-64/n32/out/01m2tw0v2pkc11r1jbwr3agqpj
[2m2026-09-18T18:21:46.574083Z[0m [32m INFO[0m [2mrooms[0m[2m:[0m collected overlay changeset [3mout[0m[2m=[0m/home/rooms/runs/plane-32-64/n32/out/01m2tw0v2pwyact6g6w6hzk08v
[2m2026-09-18T18:21:46.574096Z[0m [32m INFO[0m [2mrooms[0m[2m:[0m collected /workspace/out to host [3mout[0m[2m=[0m/home/rooms/runs/plane-32-64/n32/out/01m2tw0v2pwyact6g6w6hzk08v
[2m2026-09-18T18:21:46.650779Z[0m [33m WARN[0m [2mrooms::firecracker[0m[2m:[0m failed to remove jail instance dir (active mount?) [3mdir[0m[2m=[0m/home/rooms/.local/state/rooms/jailer/firecracker/01m2tw0v2pp8ncfctm2z4k9hkj [3merror[0m[2m=[0mNo such file or directory (os error 2)
[2m2026-09-18T18:21:46.698559Z[0m [32m INFO[0m [2mrooms[0m[2m:[0m collected overlay changeset [3mout[0m[2m=[0m/home/rooms/runs/plane-32-64/n32/out/01m2tw0v2p18mc4vg23bq0y3yf
[2m2026-09-18T18:21:46.698575Z[0m [32m INFO[0m [2mrooms[0m[2m:[0m collected /workspace/out to host [3mout[0m[2m=[0m/home/rooms/runs/plane-32-64/n32/out/01m2tw0v2p18mc4vg23bq0y3yf
[2m2026-09-18T18:21:46.698623Z[0m [32m INFO[0m [2mrooms[0m[2m:[0m collected overlay changeset [3mout[0m[2m=[0m/home/rooms/runs/plane-32-64/n32/out/01m2tw0v2pxgjnbe89erhn5f8b
[2m2026-09-18T18:21:46.698633Z[0m [32m INFO[0m [2mrooms[0m[2m:[0m collected /workspace/out to host [3mout[0m[2m=[0m/home/rooms/runs/plane-32-64/n32/out/01m2tw0v2pxgjnbe89erhn5f8b
[2m2026-09-18T18:21:46.698978Z[0m [32m INFO[0m [2mrooms[0m[2m:[0m collected overlay changeset [3mout[0m[2m=[0m/home/rooms/runs/plane-32-64/n32/out/01m2tw0v2pe8pah6zhfhprhvxp
[2m2026-09-18T18:21:46.698985Z[0m [32m INFO[0m [2mrooms[0m[2m:[0m collected /workspace/out to host [3mout[0m[2m=[0m/home/rooms/runs/plane-32-64/n32/out/01m2tw0v2pe8pah6zhfhprhvxp
[2m2026-09-18T18:21:46.700167Z[0m [32m INFO[0m [2mrooms[0m[2m:[0m collected overlay changeset [3mout[0m[2m=[0m/home/rooms/runs/plane-32-64/n32/out/01m2tw0v2pwkyeebspxybngac9
[2m2026-09-18T18:21:46.700181Z[0m [32m INFO[0m [2mrooms[0m[2m:[0m collected /workspace/out to host [3mout[0m[2m=[0m/home/rooms/runs/plane-32-64/n32/out/01m2tw0v2pwkyeebspxybngac9
[2m2026-09-18T18:21:46.720109Z[0m [32m INFO[0m [2mrooms[0m[2m:[0m collected overlay changeset [3mout[0m[2m=[0m/home/rooms/runs/plane-32-64/n32/out/01m2tw0v2p3cwbwhgnmktr3rz6
[2m2026-09-18T18:21:46.720128Z[0m [32m INFO[0m [2mrooms[0m[2m:[0m collected /workspace/out to host [3mout[0m[2m=[0m/home/rooms/runs/plane-32-64/n32/out/01m2tw0v2p3cwbwhgnmktr3rz6
[2m2026-09-18T18:21:46.722746Z[0m [33m WARN[0m [2mrooms::firecracker[0m[2m:[0m failed to remove jail instance dir (active mount?) [3mdir[0m[2m=[0m/home/rooms/.local/state/rooms/jailer/firecracker/01m2tw0v2pkc11r1jbwr3agqpj [3merror[0m[2m=[0mNo such file or directory (os error 2)
[2m2026-09-18T18:21:46.726623Z[0m [33m WARN[0m [2mrooms::firecracker[0m[2m:[0m failed to remove jail instance dir (active mount?) [3mdir[0m[2m=[0m/home/rooms/.local/state/rooms/jailer/firecracker/01m2tw0v2pwyact6g6w6hzk08v [3merror[0m[2m=[0mNo such file or directory (os error 2)
[2m2026-09-18T18:21:46.744891Z[0m [32m INFO[0m [2mrooms[0m[2m:[0m collected overlay changeset [3mout[0m[2m=[0m/home/rooms/runs/plane-32-64/n32/out/01m2tw0v2p4qs2sqzs3hrzhs1p
[2m2026-09-18T18:21:46.744907Z[0m [32m INFO[0m [2mrooms[0m[2m:[0m collected /workspace/out to host [3mout[0m[2m=[0m/home/rooms/runs/plane-32-64/n32/out/01m2tw0v2p4qs2sqzs3hrzhs1p
[2m2026-09-18T18:21:46.745003Z[0m [32m INFO[0m [2mrooms[0m[2m:[0m collected overlay changeset [3mout[0m[2m=[0m/home/rooms/runs/plane-32-64/n32/out/01m2tw0v2pznecbq2cdsje6e76
[2m2026-09-18T18:21:46.745013Z[0m [32m INFO[0m [2mrooms[0m[2m:[0m collected /workspace/out to host [3mout[0m[2m=[0m/home/rooms/runs/plane-32-64/n32/out/01m2tw0v2pznecbq2cdsje6e76
[2m2026-09-18T18:21:46.776759Z[0m [33m WARN[0m [2mrooms::firecracker[0m[2m:[0m failed to remove jail instance dir (active mount?) [3mdir[0m[2m=[0m/home/rooms/.local/state/rooms/jailer/firecracker/01m2tw0v2pxgjnbe89erhn5f8b [3merror[0m[2m=[0mNo such file or directory (os error 2)
[2m2026-09-18T18:21:46.803569Z[0m [32m INFO[0m [2mrooms[0m[2m:[0m collected overlay changeset [3mout[0m[2m=[0m/home/rooms/runs/plane-32-64/n32/out/01m2tw0v2pedppxz60ky265gsk
[2m2026-09-18T18:21:46.803591Z[0m [32m INFO[0m [2mrooms[0m[2m:[0m collected /workspace/out to host [3mout[0m[2m=[0m/home/rooms/runs/plane-32-64/n32/out/01m2tw0v2pedppxz60ky265gsk
[2m2026-09-18T18:21:46.803674Z[0m [32m INFO[0m [2mrooms[0m[2m:[0m collected overlay changeset [3mout[0m[2m=[0m/home/rooms/runs/plane-32-64/n32/out/01m2tw0v2pat6h03en8nqqjt5p
[2m2026-09-18T18:21:46.803692Z[0m [32m INFO[0m [2mrooms[0m[2m:[0m collected /workspace/out to host [3mout[0m[2m=[0m/home/rooms/runs/plane-32-64/n32/out/01m2tw0v2pat6h03en8nqqjt5p
[2m2026-09-18T18:21:46.803749Z[0m [32m INFO[0m [2mrooms[0m[2m:[0m collected overlay changeset [3mout[0m[2m=[0m/home/rooms/runs/plane-32-64/n32/out/01m2tw0v2ph6hdtdjhvv652bxy
[2m2026-09-18T18:21:46.803756Z[0m [32m INFO[0m [2mrooms[0m[2m:[0m collected /workspace/out to host [3mout[0m[2m=[0m/home/rooms/runs/plane-32-64/n32/out/01m2tw0v2ph6hdtdjhvv652bxy
[2m2026-09-18T18:21:46.803674Z[0m [32m INFO[0m [2mrooms[0m[2m:[0m collected overlay changeset [3mout[0m[2m=[0m/home/rooms/runs/plane-32-64/n32/out/01m2tw0v2p760me6dah32xw0f9
[2m2026-09-18T18:21:46.803845Z[0m [32m INFO[0m [2mrooms[0m[2m:[0m collected /workspace/out to host [3mout[0m[2m=[0m/home/rooms/runs/plane-32-64/n32/out/01m2tw0v2p760me6dah32xw0f9
[2m2026-09-18T18:21:46.804490Z[0m [32m INFO[0m [2mrooms[0m[2m:[0m collected overlay changeset [3mout[0m[2m=[0m/home/rooms/runs/plane-32-64/n32/out/01m2tw0v2p1nmnzf9sn4npqkn4
[2m2026-09-18T18:21:46.804504Z[0m [32m INFO[0m [2mrooms[0m[2m:[0m collected /workspace/out to host [3mout[0m[2m=[0m/home/rooms/runs/plane-32-64/n32/out/01m2tw0v2p1nmnzf9sn4npqkn4
[2m2026-09-18T18:21:46.804636Z[0m [32m INFO[0m [2mrooms[0m[2m:[0m collected overlay changeset [3mout[0m[2m=[0m/home/rooms/runs/plane-32-64/n32/out/01m2tw0v2pqr2g82zr55a0vcrf
[2m2026-09-18T18:21:46.804645Z[0m [32m INFO[0m [2mrooms[0m[2m:[0m collected /workspace/out to host [3mout[0m[2m=[0m/home/rooms/runs/plane-32-64/n32/out/01m2tw0v2pqr2g82zr55a0vcrf
[2m2026-09-18T18:21:46.817852Z[0m [32m INFO[0m [2mrooms[0m[2m:[0m collected overlay changeset [3mout[0m[2m=[0m/home/rooms/runs/plane-32-64/n32/out/01m2tw0v2p071jnfefmzdjerjd
[2m2026-09-18T18:21:46.817866Z[0m [32m INFO[0m [2mrooms[0m[2m:[0m collected /workspace/out to host [3mout[0m[2m=[0m/home/rooms/runs/plane-32-64/n32/out/01m2tw0v2p071jnfefmzdjerjd
[2m2026-09-18T18:21:46.828877Z[0m [33m WARN[0m [2mrooms::firecracker[0m[2m:[0m failed to remove jail instance dir (active mount?) [3mdir[0m[2m=[0m/home/rooms/.local/state/rooms/jailer/firecracker/01m2tw0v2p18mc4vg23bq0y3yf [3merror[0m[2m=[0mNo such file or directory (os error 2)
[2m2026-09-18T18:21:46.829754Z[0m [33m WARN[0m [2mrooms::firecracker[0m[2m:[0m failed to remove jail instance dir (active mount?) [3mdir[0m[2m=[0m/home/rooms/.local/state/rooms/jailer/firecracker/01m2tw0v2pe8pah6zhfhprhvxp [3merror[0m[2m=[0mNo such file or directory (os error 2)
[2m2026-09-18T18:21:46.832291Z[0m [33m WARN[0m [2mrooms::firecracker[0m[2m:[0m failed to remove jail instance dir (active mount?) [3mdir[0m[2m=[0m/home/rooms/.local/state/rooms/jailer/firecracker/01m2tw0v2p3cwbwhgnmktr3rz6 [3merror[0m[2m=[0mNo such file or directory (os error 2)
[2m2026-09-18T18:21:46.832344Z[0m [33m WARN[0m [2mrooms::firecracker[0m[2m:[0m failed to remove jail instance dir (active mount?) [3mdir[0m[2m=[0m/home/rooms/.local/state/rooms/jailer/firecracker/01m2tw0v2pznecbq2cdsje6e76 [3merror[0m[2m=[0mNo such file or directory (os error 2)
[2m2026-09-18T18:21:46.835748Z[0m [32m INFO[0m [2mrooms[0m[2m:[0m collected overlay changeset [3mout[0m[2m=[0m/home/rooms/runs/plane-32-64/n32/out/01m2tw0v2pwhby1jv3yvn749jv
[2m2026-09-18T18:21:46.835759Z[0m [32m INFO[0m [2mrooms[0m[2m:[0m collected /workspace/out to host [3mout[0m[2m=[0m/home/rooms/runs/plane-32-64/n32/out/01m2tw0v2pwhby1jv3yvn749jv
[2m2026-09-18T18:21:46.837617Z[0m [33m WARN[0m [2mrooms::firecracker[0m[2m:[0m failed to remove jail instance dir (active mount?) [3mdir[0m[2m=[0m/home/rooms/.local/state/rooms/jailer/firecracker/01m2tw0v2p4qs2sqzs3hrzhs1p [3merror[0m[2m=[0mNo such file or directory (os error 2)
[2m2026-09-18T18:21:46.837636Z[0m [33m WARN[0m [2mrooms::firecracker[0m[2m:[0m failed to remove jail instance dir (active mount?) [3mdir[0m[2m=[0m/home/rooms/.local/state/rooms/jailer/firecracker/01m2tw0v2pwkyeebspxybngac9 [3merror[0m[2m=[0mNo such file or directory (os error 2)
[2m2026-09-18T18:21:46.844731Z[0m [32m INFO[0m [2mrooms[0m[2m:[0m collected overlay changeset [3mout[0m[2m=[0m/home/rooms/runs/plane-32-64/n32/out/01m2tw0v2pn6qg68pjqt0f89ea
[2m2026-09-18T18:21:46.844742Z[0m [32m INFO[0m [2mrooms[0m[2m:[0m collected /workspace/out to host [3mout[0m[2m=[0m/home/rooms/runs/plane-32-64/n32/out/01m2tw0v2pn6qg68pjqt0f89ea
[2m2026-09-18T18:21:46.845098Z[0m [32m INFO[0m [2mrooms[0m[2m:[0m collected overlay changeset [3mout[0m[2m=[0m/home/rooms/runs/plane-32-64/n32/out/01m2tw0v2p8ffj8r06g97avqah
[2m2026-09-18T18:21:46.845109Z[0m [32m INFO[0m [2mrooms[0m[2m:[0m collected /workspace/out to host [3mout[0m[2m=[0m/home/rooms/runs/plane-32-64/n32/out/01m2tw0v2p8ffj8r06g97avqah
[2m2026-09-18T18:21:46.853693Z[0m [32m INFO[0m [2mrooms[0m[2m:[0m collected overlay changeset [3mout[0m[2m=[0m/home/rooms/runs/plane-32-64/n32/out/01m2tw0v2pz4ky5f0g6sqhr1m9
[2m2026-09-18T18:21:46.853712Z[0m [32m INFO[0m [2mrooms[0m[2m:[0m collected /workspace/out to host [3mout[0m[2m=[0m/home/rooms/runs/plane-32-64/n32/out/01m2tw0v2pz4ky5f0g6sqhr1m9
[2m2026-09-18T18:21:46.859906Z[0m [32m INFO[0m [2mrooms[0m[2m:[0m collected overlay changeset [3mout[0m[2m=[0m/home/rooms/runs/plane-32-64/n32/out/01m2tw0v2p2kqqpdw9y36mym9s
[2m2026-09-18T18:21:46.859922Z[0m [32m INFO[0m [2mrooms[0m[2m:[0m collected /workspace/out to host [3mout[0m[2m=[0m/home/rooms/runs/plane-32-64/n32/out/01m2tw0v2p2kqqpdw9y36mym9s
[2m2026-09-18T18:21:46.873567Z[0m [33m WARN[0m [2mrooms::firecracker[0m[2m:[0m failed to remove jail instance dir (active mount?) [3mdir[0m[2m=[0m/home/rooms/.local/state/rooms/jailer/firecracker/01m2tw0v2p760me6dah32xw0f9 [3merror[0m[2m=[0mNo such file or directory (os error 2)
[2m2026-09-18T18:21:46.882975Z[0m [32m INFO[0m [2mrooms[0m[2m:[0m collected overlay changeset [3mout[0m[2m=[0m/home/rooms/runs/plane-32-64/n32/out/01m2tw0v2p8nytkwegv9akczrk
[2m2026-09-18T18:21:46.882999Z[0m [32m INFO[0m [2mrooms[0m[2m:[0m collected /workspace/out to host [3mout[0m[2m=[0m/home/rooms/runs/plane-32-64/n32/out/01m2tw0v2p8nytkwegv9akczrk
[2m2026-09-18T18:21:46.883242Z[0m [32m INFO[0m [2mrooms[0m[2m:[0m collected overlay changeset [3mout[0m[2m=[0m/home/rooms/runs/plane-32-64/n32/out/01m2tw0v2p3x7p3b68cjjabpm3
[2m2026-09-18T18:21:46.883252Z[0m [32m INFO[0m [2mrooms[0m[2m:[0m collected /workspace/out to host [3mout[0m[2m=[0m/home/rooms/runs/plane-32-64/n32/out/01m2tw0v2p3x7p3b68cjjabpm3
[2m2026-09-18T18:21:46.897265Z[0m [33m WARN[0m [2mrooms::firecracker[0m[2m:[0m failed to remove jail instance dir (active mount?) [3mdir[0m[2m=[0m/home/rooms/.local/state/rooms/jailer/firecracker/01m2tw0v2p071jnfefmzdjerjd [3merror[0m[2m=[0mNo such file or directory (os error 2)
[2m2026-09-18T18:21:46.897498Z[0m [33m WARN[0m [2mrooms::firecracker[0m[2m:[0m failed to remove jail instance dir (active mount?) [3mdir[0m[2m=[0m/home/rooms/.local/state/rooms/jailer/firecracker/01m2tw0v2pqr2g82zr55a0vcrf [3merror[0m[2m=[0mNo such file or directory (os error 2)
[2m2026-09-18T18:21:46.897765Z[0m [33m WARN[0m [2mrooms::firecracker[0m[2m:[0m failed to remove jail instance dir (active mount?) [3mdir[0m[2m=[0m/home/rooms/.local/state/rooms/jailer/firecracker/01m2tw0v2p1nmnzf9sn4npqkn4 [3merror[0m[2m=[0mNo such file or directory (os error 2)
[2m2026-09-18T18:21:46.899218Z[0m [33m WARN[0m [2mrooms::firecracker[0m[2m:[0m failed to remove jail instance dir (active mount?) [3mdir[0m[2m=[0m/home/rooms/.local/state/rooms/jailer/firecracker/01m2tw0v2pedppxz60ky265gsk [3merror[0m[2m=[0mNo such file or directory (os error 2)
[2m2026-09-18T18:21:46.899376Z[0m [33m WARN[0m [2mrooms::firecracker[0m[2m:[0m failed to remove jail instance dir (active mount?) [3mdir[0m[2m=[0m/home/rooms/.local/state/rooms/jailer/firecracker/01m2tw0v2p8ffj8r06g97avqah [3merror[0m[2m=[0mNo such file or directory (os error 2)
[2m2026-09-18T18:21:46.899492Z[0m [33m WARN[0m [2mrooms::firecracker[0m[2m:[0m failed to remove jail instance dir (active mount?) [3mdir[0m[2m=[0m/home/rooms/.local/state/rooms/jailer/firecracker/01m2tw0v2pat6h03en8nqqjt5p [3merror[0m[2m=[0mNo such file or directory (os error 2)
[2m2026-09-18T18:21:46.899828Z[0m [33m WARN[0m [2mrooms::firecracker[0m[2m:[0m failed to remove jail instance dir (active mount?) [3mdir[0m[2m=[0m/home/rooms/.local/state/rooms/jailer/firecracker/01m2tw0v2ph6hdtdjhvv652bxy [3merror[0m[2m=[0mNo such file or directory (os error 2)
[2m2026-09-18T18:21:46.900258Z[0m [33m WARN[0m [2mrooms::firecracker[0m[2m:[0m failed to remove jail instance dir (active mount?) [3mdir[0m[2m=[0m/home/rooms/.local/state/rooms/jailer/firecracker/01m2tw0v2pwhby1jv3yvn749jv [3merror[0m[2m=[0mNo such file or directory (os error 2)
[2m2026-09-18T18:21:46.901585Z[0m [33m WARN[0m [2mrooms::firecracker[0m[2m:[0m failed to remove jail instance dir (active mount?) [3mdir[0m[2m=[0m/home/rooms/.local/state/rooms/jailer/firecracker/01m2tw0v2pz4ky5f0g6sqhr1m9 [3merror[0m[2m=[0mNo such file or directory (os error 2)
[2m2026-09-18T18:21:46.937631Z[0m [33m WARN[0m [2mrooms::firecracker[0m[2m:[0m failed to remove jail instance dir (active mount?) [3mdir[0m[2m=[0m/home/rooms/.local/state/rooms/jailer/firecracker/01m2tw0v2p2kqqpdw9y36mym9s [3merror[0m[2m=[0mNo such file or directory (os error 2)
[2m2026-09-18T18:21:46.971564Z[0m [33m WARN[0m [2mrooms::firecracker[0m[2m:[0m failed to remove jail instance dir (active mount?) [3mdir[0m[2m=[0m/home/rooms/.local/state/rooms/jailer/firecracker/01m2tw0v2pn6qg68pjqt0f89ea [3merror[0m[2m=[0mNo such file or directory (os error 2)
[2m2026-09-18T18:21:46.985971Z[0m [32m INFO[0m [2mrooms[0m[2m:[0m collected overlay changeset [3mout[0m[2m=[0m/home/rooms/runs/plane-32-64/n32/out/01m2tw0v2pabqvwctevaed7qq6
[2m2026-09-18T18:21:46.985984Z[0m [32m INFO[0m [2mrooms[0m[2m:[0m collected /workspace/out to host [3mout[0m[2m=[0m/home/rooms/runs/plane-32-64/n32/out/01m2tw0v2pabqvwctevaed7qq6
[2m2026-09-18T18:21:46.992952Z[0m [33m WARN[0m [2mrooms::firecracker[0m[2m:[0m failed to remove jail instance dir (active mount?) [3mdir[0m[2m=[0m/home/rooms/.local/state/rooms/jailer/firecracker/01m2tw0v2p3x7p3b68cjjabpm3 [3merror[0m[2m=[0mNo such file or directory (os error 2)
[2m2026-09-18T18:21:47.015273Z[0m [32m INFO[0m [2mrooms[0m[2m:[0m collected overlay changeset [3mout[0m[2m=[0m/home/rooms/runs/plane-32-64/n32/out/01m2tw0v2ptm62tnkh4xznamqv
[2m2026-09-18T18:21:47.015295Z[0m [32m INFO[0m [2mrooms[0m[2m:[0m collected /workspace/out to host [3mout[0m[2m=[0m/home/rooms/runs/plane-32-64/n32/out/01m2tw0v2ptm62tnkh4xznamqv
[2m2026-09-18T18:21:47.015613Z[0m [32m INFO[0m [2mrooms[0m[2m:[0m collected overlay changeset [3mout[0m[2m=[0m/home/rooms/runs/plane-32-64/n32/out/01m2tw0v2ppbvszbpc3zmwebrc
[2m2026-09-18T18:21:47.015628Z[0m [32m INFO[0m [2mrooms[0m[2m:[0m collected /workspace/out to host [3mout[0m[2m=[0m/home/rooms/runs/plane-32-64/n32/out/01m2tw0v2ppbvszbpc3zmwebrc
[2m2026-09-18T18:21:47.022526Z[0m [33m WARN[0m [2mrooms::firecracker[0m[2m:[0m failed to remove jail instance dir (active mount?) [3mdir[0m[2m=[0m/home/rooms/.local/state/rooms/jailer/firecracker/01m2tw0v2p8nytkwegv9akczrk [3merror[0m[2m=[0mNo such file or directory (os error 2)
[2m2026-09-18T18:21:47.050746Z[0m [32m INFO[0m [2mrooms[0m[2m:[0m collected overlay changeset [3mout[0m[2m=[0m/home/rooms/runs/plane-32-64/n32/out/01m2tw0v2ps7mf6zjwcmgs1ey7
[2m2026-09-18T18:21:47.050764Z[0m [32m INFO[0m [2mrooms[0m[2m:[0m collected /workspace/out to host [3mout[0m[2m=[0m/home/rooms/runs/plane-32-64/n32/out/01m2tw0v2ps7mf6zjwcmgs1ey7
[2m2026-09-18T18:21:47.051027Z[0m [32m INFO[0m [2mrooms[0m[2m:[0m collected overlay changeset [3mout[0m[2m=[0m/home/rooms/runs/plane-32-64/n32/out/01m2tw0v2pjqjydvsnwprtqxqj
[2m2026-09-18T18:21:47.051037Z[0m [32m INFO[0m [2mrooms[0m[2m:[0m collected /workspace/out to host [3mout[0m[2m=[0m/home/rooms/runs/plane-32-64/n32/out/01m2tw0v2pjqjydvsnwprtqxqj
[2m2026-09-18T18:21:47.051393Z[0m [32m INFO[0m [2mrooms[0m[2m:[0m collected overlay changeset [3mout[0m[2m=[0m/home/rooms/runs/plane-32-64/n32/out/01m2tw0v2p5c1amjzgmgnek7jr
[2m2026-09-18T18:21:47.051403Z[0m [32m INFO[0m [2mrooms[0m[2m:[0m collected /workspace/out to host [3mout[0m[2m=[0m/home/rooms/runs/plane-32-64/n32/out/01m2tw0v2p5c1amjzgmgnek7jr
[2m2026-09-18T18:21:47.051789Z[0m [32m INFO[0m [2mrooms[0m[2m:[0m collected overlay changeset [3mout[0m[2m=[0m/home/rooms/runs/plane-32-64/n32/out/01m2tw0v2pkhgxx1q4zq8v9gbf
[2m2026-09-18T18:21:47.051796Z[0m [32m INFO[0m [2mrooms[0m[2m:[0m collected /workspace/out to host [3mout[0m[2m=[0m/home/rooms/runs/plane-32-64/n32/out/01m2tw0v2pkhgxx1q4zq8v9gbf
[2m2026-09-18T18:21:47.052092Z[0m [32m INFO[0m [2mrooms[0m[2m:[0m collected overlay changeset [3mout[0m[2m=[0m/home/rooms/runs/plane-32-64/n32/out/01m2tw0v2pmsntvz60rnergd0w
[2m2026-09-18T18:21:47.052101Z[0m [32m INFO[0m [2mrooms[0m[2m:[0m collected /workspace/out to host [3mout[0m[2m=[0m/home/rooms/runs/plane-32-64/n32/out/01m2tw0v2pmsntvz60rnergd0w
[2m2026-09-18T18:21:47.104029Z[0m [33m WARN[0m [2mrooms::firecracker[0m[2m:[0m failed to remove jail instance dir (active mount?) [3mdir[0m[2m=[0m/home/rooms/.local/state/rooms/jailer/firecracker/01m2tw0v2pkhgxx1q4zq8v9gbf [3merror[0m[2m=[0mNo such file or directory (os error 2)
[2m2026-09-18T18:21:47.147399Z[0m [33m WARN[0m [2mrooms::firecracker[0m[2m:[0m failed to remove jail instance dir (active mount?) [3mdir[0m[2m=[0m/home/rooms/.local/state/rooms/jailer/firecracker/01m2tw0v2pabqvwctevaed7qq6 [3merror[0m[2m=[0mNo such file or directory (os error 2)
[2m2026-09-18T18:21:47.147499Z[0m [33m WARN[0m [2mrooms::firecracker[0m[2m:[0m failed to remove jail instance dir (active mount?) [3mdir[0m[2m=[0m/home/rooms/.local/state/rooms/jailer/firecracker/01m2tw0v2ptm62tnkh4xznamqv [3merror[0m[2m=[0mNo such file or directory (os error 2)
[2m2026-09-18T18:21:47.194913Z[0m [33m WARN[0m [2mrooms::firecracker[0m[2m:[0m failed to remove jail instance dir (active mount?) [3mdir[0m[2m=[0m/home/rooms/.local/state/rooms/jailer/firecracker/01m2tw0v2ppbvszbpc3zmwebrc [3merror[0m[2m=[0mNo such file or directory (os error 2)
[2m2026-09-18T18:21:47.236760Z[0m [33m WARN[0m [2mrooms::firecracker[0m[2m:[0m failed to remove jail instance dir (active mount?) [3mdir[0m[2m=[0m/home/rooms/.local/state/rooms/jailer/firecracker/01m2tw0v2pmsntvz60rnergd0w [3merror[0m[2m=[0mNo such file or directory (os error 2)
[2m2026-09-18T18:21:47.280487Z[0m [33m WARN[0m [2mrooms::firecracker[0m[2m:[0m failed to remove jail instance dir (active mount?) [3mdir[0m[2m=[0m/home/rooms/.local/state/rooms/jailer/firecracker/01m2tw0v2ps7mf6zjwcmgs1ey7 [3merror[0m[2m=[0mNo such file or directory (os error 2)
[2m2026-09-18T18:21:47.314788Z[0m [33m WARN[0m [2mrooms::firecracker[0m[2m:[0m failed to remove jail instance dir (active mount?) [3mdir[0m[2m=[0m/home/rooms/.local/state/rooms/jailer/firecracker/01m2tw0v2pjqjydvsnwprtqxqj [3merror[0m[2m=[0mNo such file or directory (os error 2)
[2m2026-09-18T18:21:47.355560Z[0m [33m WARN[0m [2mrooms::firecracker[0m[2m:[0m failed to remove jail instance dir (active mount?) [3mdir[0m[2m=[0m/home/rooms/.local/state/rooms/jailer/firecracker/01m2tw0v2p5c1amjzgmgnek7jr [3merror[0m[2m=[0mNo such file or directory (os error 2)
