[2m2026-09-18T18:22:19.581885Z[0m [32m INFO[0m [2mrooms[0m[2m:[0m rooms clone [3msnapshot_dir[0m[2m=[0m"/home/rooms/lab/snap512" [3mimage[0m[2m=[0m"/home/rooms/rooms/images/agent-alpine.ext4" [3mcount[0m[2m=[0m32 [3mkeep[0m[2m=[0mfalse
[2m2026-09-18T18:22:20.688894Z[0m [32m INFO[0m [2mrooms::firecracker[0m[2m:[0m spawning restore firecracker via barriered jailer [3msocket[0m[2m=[0m/home/rooms/.local/state/rooms/jailer/firecracker/01m2tw2kdzz2yjq5r7kcxtaajn/root/api.sock
[2m2026-09-18T18:22:20.688910Z[0m [32m INFO[0m [2mrooms::firecracker[0m[2m:[0m spawning restore firecracker via barriered jailer [3msocket[0m[2m=[0m/home/rooms/.local/state/rooms/jailer/firecracker/01m2tw2kdz68ex55asmgs3ys4b/root/api.sock
[2m2026-09-18T18:22:20.688919Z[0m [32m INFO[0m [2mrooms::firecracker[0m[2m:[0m spawning restore firecracker via barriered jailer [3msocket[0m[2m=[0m/home/rooms/.local/state/rooms/jailer/firecracker/01m2tw2kdzr5mxjb9nar10pevt/root/api.sock
[2m2026-09-18T18:22:20.688989Z[0m [32m INFO[0m [2mrooms::firecracker[0m[2m:[0m spawning restore firecracker via barriered jailer [3msocket[0m[2m=[0m/home/rooms/.local/state/rooms/jailer/firecracker/01m2tw2kdzsw0w4swvbyrtrgtj/root/api.sock
[2m2026-09-18T18:22:20.689501Z[0m [32m INFO[0m [2mrooms::firecracker[0m[2m:[0m spawning restore firecracker via barriered jailer [3msocket[0m[2m=[0m/home/rooms/.local/state/rooms/jailer/firecracker/01m2tw2kdzvatwtxnzhdxrr11g/root/api.sock
[2m2026-09-18T18:22:20.690968Z[0m [32m INFO[0m [2mrooms::firecracker[0m[2m:[0m spawning restore firecracker via barriered jailer [3msocket[0m[2m=[0m/home/rooms/.local/state/rooms/jailer/firecracker/01m2tw2kdzd29zy74pedazym17/root/api.sock
[2m2026-09-18T18:22:20.693704Z[0m [32m INFO[0m [2mrooms::firecracker[0m[2m:[0m spawning restore firecracker via barriered jailer [3msocket[0m[2m=[0m/home/rooms/.local/state/rooms/jailer/firecracker/01m2tw2kdz4jqxfjdzddtgsn00/root/api.sock
[2m2026-09-18T18:22:20.693732Z[0m [32m INFO[0m [2mrooms::firecracker[0m[2m:[0m spawning restore firecracker via barriered jailer [3msocket[0m[2m=[0m/home/rooms/.local/state/rooms/jailer/firecracker/01m2tw2kdz7p4adsrm0mqmftzc/root/api.sock
[2m2026-09-18T18:22:20.693838Z[0m [32m INFO[0m [2mrooms::firecracker[0m[2m:[0m spawning restore firecracker via barriered jailer [3msocket[0m[2m=[0m/home/rooms/.local/state/rooms/jailer/firecracker/01m2tw2kdzabfv9dcpw24x2njz/root/api.sock
[2m2026-09-18T18:22:20.695108Z[0m [32m INFO[0m [2mrooms::firecracker[0m[2m:[0m spawning restore firecracker via barriered jailer [3msocket[0m[2m=[0m/home/rooms/.local/state/rooms/jailer/firecracker/01m2tw2kdznm6hy7kah14br9en/root/api.sock
[2m2026-09-18T18:22:20.695186Z[0m [32m INFO[0m [2mrooms::firecracker[0m[2m:[0m spawning restore firecracker via barriered jailer [3msocket[0m[2m=[0m/home/rooms/.local/state/rooms/jailer/firecracker/01m2tw2kdz7p6a6xfcwwbjfdtd/root/api.sock
[2m2026-09-18T18:22:20.695277Z[0m [32m INFO[0m [2mrooms::firecracker[0m[2m:[0m spawning restore firecracker via barriered jailer [3msocket[0m[2m=[0m/home/rooms/.local/state/rooms/jailer/firecracker/01m2tw2kdzz9bszkrhzxzf4z6t/root/api.sock
[2m2026-09-18T18:22:20.695340Z[0m [32m INFO[0m [2mrooms::firecracker[0m[2m:[0m spawning restore firecracker via barriered jailer [3msocket[0m[2m=[0m/home/rooms/.local/state/rooms/jailer/firecracker/01m2tw2kdz57khfrfn5wab4bmv/root/api.sock
[2m2026-09-18T18:22:20.695739Z[0m [32m INFO[0m [2mrooms::firecracker[0m[2m:[0m spawning restore firecracker via barriered jailer [3msocket[0m[2m=[0m/home/rooms/.local/state/rooms/jailer/firecracker/01m2tw2kdzcd5zmys937kjtzm2/root/api.sock
[2m2026-09-18T18:22:20.696134Z[0m [32m INFO[0m [2mrooms::firecracker[0m[2m:[0m spawning restore firecracker via barriered jailer [3msocket[0m[2m=[0m/home/rooms/.local/state/rooms/jailer/firecracker/01m2tw2kdzq0j1s6k34142xmen/root/api.sock
[2m2026-09-18T18:22:20.696149Z[0m [32m INFO[0m [2mrooms::firecracker[0m[2m:[0m spawning restore firecracker via barriered jailer [3msocket[0m[2m=[0m/home/rooms/.local/state/rooms/jailer/firecracker/01m2tw2kdza759njh08a889gpt/root/api.sock
[2m2026-09-18T18:22:20.696727Z[0m [32m INFO[0m [2mrooms::firecracker[0m[2m:[0m spawning restore firecracker via barriered jailer [3msocket[0m[2m=[0m/home/rooms/.local/state/rooms/jailer/firecracker/01m2tw2kdz7e38mkmq6m8qn30w/root/api.sock
[2m2026-09-18T18:22:20.697486Z[0m [32m INFO[0m [2mrooms::firecracker[0m[2m:[0m spawning restore firecracker via barriered jailer [3msocket[0m[2m=[0m/home/rooms/.local/state/rooms/jailer/firecracker/01m2tw2kdz87h01mf539v285cz/root/api.sock
[2m2026-09-18T18:22:20.697497Z[0m [32m INFO[0m [2mrooms::firecracker[0m[2m:[0m spawning restore firecracker via barriered jailer [3msocket[0m[2m=[0m/home/rooms/.local/state/rooms/jailer/firecracker/01m2tw2kdzdbs577sdx97agxm3/root/api.sock
[2m2026-09-18T18:22:20.697520Z[0m [32m INFO[0m [2mrooms::firecracker[0m[2m:[0m spawning restore firecracker via barriered jailer [3msocket[0m[2m=[0m/home/rooms/.local/state/rooms/jailer/firecracker/01m2tw2kdzyptncgcq0086cbp0/root/api.sock
[2m2026-09-18T18:22:20.698521Z[0m [32m INFO[0m [2mrooms::firecracker[0m[2m:[0m spawning restore firecracker via barriered jailer [3msocket[0m[2m=[0m/home/rooms/.local/state/rooms/jailer/firecracker/01m2tw2kdz6zfdvkry9tyxszvw/root/api.sock
[2m2026-09-18T18:22:20.714686Z[0m [32m INFO[0m [2mrooms::firecracker[0m[2m:[0m spawning restore firecracker via barriered jailer [3msocket[0m[2m=[0m/home/rooms/.local/state/rooms/jailer/firecracker/01m2tw2kdz6mh4ta3j5xezr02e/root/api.sock
[2m2026-09-18T18:22:20.717955Z[0m [32m INFO[0m [2mrooms::firecracker[0m[2m:[0m spawning restore firecracker via barriered jailer [3msocket[0m[2m=[0m/home/rooms/.local/state/rooms/jailer/firecracker/01m2tw2kdzkev1bckf3hab6x81/root/api.sock
[2m2026-09-18T18:22:20.717960Z[0m [32m INFO[0m [2mrooms::firecracker[0m[2m:[0m spawning restore firecracker via barriered jailer [3msocket[0m[2m=[0m/home/rooms/.local/state/rooms/jailer/firecracker/01m2tw2kdztbykgjmpktf3yayc/root/api.sock
[2m2026-09-18T18:22:20.718003Z[0m [32m INFO[0m [2mrooms::firecracker[0m[2m:[0m spawning restore firecracker via barriered jailer [3msocket[0m[2m=[0m/home/rooms/.local/state/rooms/jailer/firecracker/01m2tw2kdzv110vxzj9ae3ksa5/root/api.sock
[2m2026-09-18T18:22:20.719696Z[0m [32m INFO[0m [2mrooms::firecracker[0m[2m:[0m spawning restore firecracker via barriered jailer [3msocket[0m[2m=[0m/home/rooms/.local/state/rooms/jailer/firecracker/01m2tw2kdzndry9v96m22zy61s/root/api.sock
[2m2026-09-18T18:22:20.719698Z[0m [32m INFO[0m [2mrooms::firecracker[0m[2m:[0m spawning restore firecracker via barriered jailer [3msocket[0m[2m=[0m/home/rooms/.local/state/rooms/jailer/firecracker/01m2tw2kdzzv2p3eapc0drcc72/root/api.sock
[2m2026-09-18T18:22:20.719710Z[0m [32m INFO[0m [2mrooms::firecracker[0m[2m:[0m spawning restore firecracker via barriered jailer [3msocket[0m[2m=[0m/home/rooms/.local/state/rooms/jailer/firecracker/01m2tw2kdzfmff2sre7arrpdd0/root/api.sock
[2m2026-09-18T18:22:20.719736Z[0m [32m INFO[0m [2mrooms::firecracker[0m[2m:[0m spawning restore firecracker via barriered jailer [3msocket[0m[2m=[0m/home/rooms/.local/state/rooms/jailer/firecracker/01m2tw2kdzvb4xedwcft51zzsn/root/api.sock
[2m2026-09-18T18:22:20.719742Z[0m [32m INFO[0m [2mrooms::firecracker[0m[2m:[0m spawning restore firecracker via barriered jailer [3msocket[0m[2m=[0m/home/rooms/.local/state/rooms/jailer/firecracker/01m2tw2kdz0sw6mgemt00fh398/root/api.sock
[2m2026-09-18T18:22:20.720359Z[0m [32m INFO[0m [2mrooms::firecracker[0m[2m:[0m spawning restore firecracker via barriered jailer [3msocket[0m[2m=[0m/home/rooms/.local/state/rooms/jailer/firecracker/01m2tw2kdzray9egnnv2wmb6n5/root/api.sock
[2m2026-09-18T18:22:20.721463Z[0m [32m INFO[0m [2mrooms::firecracker[0m[2m:[0m spawning restore firecracker via barriered jailer [3msocket[0m[2m=[0m/home/rooms/.local/state/rooms/jailer/firecracker/01m2tw2kdzfzkpsfa03sn0b9mq/root/api.sock
[2m2026-09-18T18:22:20.861646Z[0m [32m INFO[0m [2mrooms::restore_exec[0m[2m:[0m microVM resumed from snapshot [3mroom[0m[2m=[0m01m2tw2kdzvatwtxnzhdxrr11g [3msnapshot[0m[2m=[0m01m2tvyc347x4hcg8m8qfg67jt
[2m2026-09-18T18:22:20.872112Z[0m [32m INFO[0m [2mrooms::restore_exec[0m[2m:[0m microVM resumed from snapshot [3mroom[0m[2m=[0m01m2tw2kdzr5mxjb9nar10pevt [3msnapshot[0m[2m=[0m01m2tvyc347x4hcg8m8qfg67jt
[2m2026-09-18T18:22:20.874018Z[0m [32m INFO[0m [2mrooms::restore_exec[0m[2m:[0m microVM resumed from snapshot [3mroom[0m[2m=[0m01m2tw2kdzd29zy74pedazym17 [3msnapshot[0m[2m=[0m01m2tvyc347x4hcg8m8qfg67jt
[2m2026-09-18T18:22:20.890427Z[0m [32m INFO[0m [2mrooms::restore_exec[0m[2m:[0m microVM resumed from snapshot [3mroom[0m[2m=[0m01m2tw2kdz68ex55asmgs3ys4b [3msnapshot[0m[2m=[0m01m2tvyc347x4hcg8m8qfg67jt
[2m2026-09-18T18:22:20.899687Z[0m [32m INFO[0m [2mrooms::restore_exec[0m[2m:[0m microVM resumed from snapshot [3mroom[0m[2m=[0m01m2tw2kdz6zfdvkry9tyxszvw [3msnapshot[0m[2m=[0m01m2tvyc347x4hcg8m8qfg67jt
[2m2026-09-18T18:22:20.899736Z[0m [32m INFO[0m [2mrooms::restore_exec[0m[2m:[0m microVM resumed from snapshot [3mroom[0m[2m=[0m01m2tw2kdzdbs577sdx97agxm3 [3msnapshot[0m[2m=[0m01m2tvyc347x4hcg8m8qfg67jt
[2m2026-09-18T18:22:20.902545Z[0m [32m INFO[0m [2mrooms::restore_exec[0m[2m:[0m microVM resumed from snapshot [3mroom[0m[2m=[0m01m2tw2kdzz2yjq5r7kcxtaajn [3msnapshot[0m[2m=[0m01m2tvyc347x4hcg8m8qfg67jt
[2m2026-09-18T18:22:20.902657Z[0m [32m INFO[0m [2mrooms::restore_exec[0m[2m:[0m microVM resumed from snapshot [3mroom[0m[2m=[0m01m2tw2kdz57khfrfn5wab4bmv [3msnapshot[0m[2m=[0m01m2tvyc347x4hcg8m8qfg67jt
[2m2026-09-18T18:22:20.908433Z[0m [32m INFO[0m [2mrooms::restore_exec[0m[2m:[0m microVM resumed from snapshot [3mroom[0m[2m=[0m01m2tw2kdzsw0w4swvbyrtrgtj [3msnapshot[0m[2m=[0m01m2tvyc347x4hcg8m8qfg67jt
[2m2026-09-18T18:22:20.913446Z[0m [32m INFO[0m [2mrooms::restore_exec[0m[2m:[0m microVM resumed from snapshot [3mroom[0m[2m=[0m01m2tw2kdz87h01mf539v285cz [3msnapshot[0m[2m=[0m01m2tvyc347x4hcg8m8qfg67jt
[2m2026-09-18T18:22:20.918172Z[0m [32m INFO[0m [2mrooms::restore_exec[0m[2m:[0m microVM resumed from snapshot [3mroom[0m[2m=[0m01m2tw2kdz7e38mkmq6m8qn30w [3msnapshot[0m[2m=[0m01m2tvyc347x4hcg8m8qfg67jt
[2m2026-09-18T18:22:20.918254Z[0m [32m INFO[0m [2mrooms::restore_exec[0m[2m:[0m microVM resumed from snapshot [3mroom[0m[2m=[0m01m2tw2kdz4jqxfjdzddtgsn00 [3msnapshot[0m[2m=[0m01m2tvyc347x4hcg8m8qfg67jt
[2m2026-09-18T18:22:20.930572Z[0m [32m INFO[0m [2mrooms::restore_exec[0m[2m:[0m microVM resumed from snapshot [3mroom[0m[2m=[0m01m2tw2kdz7p4adsrm0mqmftzc [3msnapshot[0m[2m=[0m01m2tvyc347x4hcg8m8qfg67jt
[2m2026-09-18T18:22:20.931012Z[0m [32m INFO[0m [2mrooms::restore_exec[0m[2m:[0m microVM resumed from snapshot [3mroom[0m[2m=[0m01m2tw2kdzabfv9dcpw24x2njz [3msnapshot[0m[2m=[0m01m2tvyc347x4hcg8m8qfg67jt
[2m2026-09-18T18:22:20.941566Z[0m [32m INFO[0m [2mrooms::restore_exec[0m[2m:[0m microVM resumed from snapshot [3mroom[0m[2m=[0m01m2tw2kdzyptncgcq0086cbp0 [3msnapshot[0m[2m=[0m01m2tvyc347x4hcg8m8qfg67jt
[2m2026-09-18T18:22:20.966411Z[0m [32m INFO[0m [2mrooms::restore_exec[0m[2m:[0m microVM resumed from snapshot [3mroom[0m[2m=[0m01m2tw2kdzq0j1s6k34142xmen [3msnapshot[0m[2m=[0m01m2tvyc347x4hcg8m8qfg67jt
[2m2026-09-18T18:22:20.978608Z[0m [32m INFO[0m [2mrooms::restore_exec[0m[2m:[0m microVM resumed from snapshot [3mroom[0m[2m=[0m01m2tw2kdzcd5zmys937kjtzm2 [3msnapshot[0m[2m=[0m01m2tvyc347x4hcg8m8qfg67jt
[2m2026-09-18T18:22:20.990545Z[0m [32m INFO[0m [2mrooms::restore_exec[0m[2m:[0m microVM resumed from snapshot [3mroom[0m[2m=[0m01m2tw2kdzz9bszkrhzxzf4z6t [3msnapshot[0m[2m=[0m01m2tvyc347x4hcg8m8qfg67jt
[2m2026-09-18T18:22:20.994317Z[0m [32m INFO[0m [2mrooms::restore_exec[0m[2m:[0m microVM resumed from snapshot [3mroom[0m[2m=[0m01m2tw2kdznm6hy7kah14br9en [3msnapshot[0m[2m=[0m01m2tvyc347x4hcg8m8qfg67jt
[2m2026-09-18T18:22:21.036205Z[0m [32m INFO[0m [2mrooms::restore_exec[0m[2m:[0m microVM resumed from snapshot [3mroom[0m[2m=[0m01m2tw2kdza759njh08a889gpt [3msnapshot[0m[2m=[0m01m2tvyc347x4hcg8m8qfg67jt
[2m2026-09-18T18:22:21.036426Z[0m [32m INFO[0m [2mrooms::restore_exec[0m[2m:[0m microVM resumed from snapshot [3mroom[0m[2m=[0m01m2tw2kdztbykgjmpktf3yayc [3msnapshot[0m[2m=[0m01m2tvyc347x4hcg8m8qfg67jt
[2m2026-09-18T18:22:21.074148Z[0m [32m INFO[0m [2mrooms::restore_exec[0m[2m:[0m microVM resumed from snapshot [3mroom[0m[2m=[0m01m2tw2kdzv110vxzj9ae3ksa5 [3msnapshot[0m[2m=[0m01m2tvyc347x4hcg8m8qfg67jt
[2m2026-09-18T18:22:21.105197Z[0m [32m INFO[0m [2mrooms::restore_exec[0m[2m:[0m microVM resumed from snapshot [3mroom[0m[2m=[0m01m2tw2kdz6mh4ta3j5xezr02e [3msnapshot[0m[2m=[0m01m2tvyc347x4hcg8m8qfg67jt
[2m2026-09-18T18:22:21.146276Z[0m [32m INFO[0m [2mrooms::restore_exec[0m[2m:[0m microVM resumed from snapshot [3mroom[0m[2m=[0m01m2tw2kdzndry9v96m22zy61s [3msnapshot[0m[2m=[0m01m2tvyc347x4hcg8m8qfg67jt
[2m2026-09-18T18:22:21.162696Z[0m [32m INFO[0m [2mrooms::restore_exec[0m[2m:[0m microVM resumed from snapshot [3mroom[0m[2m=[0m01m2tw2kdzkev1bckf3hab6x81 [3msnapshot[0m[2m=[0m01m2tvyc347x4hcg8m8qfg67jt
[2m2026-09-18T18:22:21.199543Z[0m [32m INFO[0m [2mrooms::restore_exec[0m[2m:[0m microVM resumed from snapshot [3mroom[0m[2m=[0m01m2tw2kdzzv2p3eapc0drcc72 [3msnapshot[0m[2m=[0m01m2tvyc347x4hcg8m8qfg67jt
[2m2026-09-18T18:22:21.226258Z[0m [32m INFO[0m [2mrooms::restore_exec[0m[2m:[0m microVM resumed from snapshot [3mroom[0m[2m=[0m01m2tw2kdzvb4xedwcft51zzsn [3msnapshot[0m[2m=[0m01m2tvyc347x4hcg8m8qfg67jt
[2m2026-09-18T18:22:21.250206Z[0m [32m INFO[0m [2mrooms::restore_exec[0m[2m:[0m microVM resumed from snapshot [3mroom[0m[2m=[0m01m2tw2kdz7p6a6xfcwwbjfdtd [3msnapshot[0m[2m=[0m01m2tvyc347x4hcg8m8qfg67jt
[2m2026-09-18T18:22:21.269876Z[0m [32m INFO[0m [2mrooms::restore_exec[0m[2m:[0m microVM resumed from snapshot [3mroom[0m[2m=[0m01m2tw2kdzfzkpsfa03sn0b9mq [3msnapshot[0m[2m=[0m01m2tvyc347x4hcg8m8qfg67jt
[2m2026-09-18T18:22:21.281346Z[0m [32m INFO[0m [2mrooms::restore_exec[0m[2m:[0m microVM resumed from snapshot [3mroom[0m[2m=[0m01m2tw2kdzray9egnnv2wmb6n5 [3msnapshot[0m[2m=[0m01m2tvyc347x4hcg8m8qfg67jt
[2m2026-09-18T18:22:21.323190Z[0m [32m INFO[0m [2mrooms::restore_exec[0m[2m:[0m microVM resumed from snapshot [3mroom[0m[2m=[0m01m2tw2kdz0sw6mgemt00fh398 [3msnapshot[0m[2m=[0m01m2tvyc347x4hcg8m8qfg67jt
[2m2026-09-18T18:22:21.339192Z[0m [32m INFO[0m [2mrooms::restore_exec[0m[2m:[0m microVM resumed from snapshot [3mroom[0m[2m=[0m01m2tw2kdzfmff2sre7arrpdd0 [3msnapshot[0m[2m=[0m01m2tvyc347x4hcg8m8qfg67jt
[2m2026-09-18T18:22:21.997145Z[0m [32m INFO[0m [2mrooms::runner[0m[2m:[0m sshd accepted pubkey connection [3mguest_ip[0m[2m=[0m"172.16.0.6"
[2m2026-09-18T18:22:22.016124Z[0m [32m INFO[0m [2mrooms::runner[0m[2m:[0m sshd accepted pubkey connection [3mguest_ip[0m[2m=[0m"172.16.0.6"
[2m2026-09-18T18:22:22.041656Z[0m [32m INFO[0m [2mrooms::runner[0m[2m:[0m sshd accepted pubkey connection [3mguest_ip[0m[2m=[0m"172.16.0.6"
[2m2026-09-18T18:22:22.057421Z[0m [32m INFO[0m [2mrooms::runner[0m[2m:[0m sshd accepted pubkey connection [3mguest_ip[0m[2m=[0m"172.16.0.6"
[2m2026-09-18T18:22:22.068017Z[0m [32m INFO[0m [2mrooms::runner[0m[2m:[0m sshd accepted pubkey connection [3mguest_ip[0m[2m=[0m"172.16.0.6"
[2m2026-09-18T18:22:22.106146Z[0m [32m INFO[0m [2mrooms::runner[0m[2m:[0m sshd accepted pubkey connection [3mguest_ip[0m[2m=[0m"172.16.0.6"
[2m2026-09-18T18:22:22.126179Z[0m [32m INFO[0m [2mrooms::runner[0m[2m:[0m sshd accepted pubkey connection [3mguest_ip[0m[2m=[0m"172.16.0.6"
[2m2026-09-18T18:22:22.126829Z[0m [32m INFO[0m [2mrooms::runner[0m[2m:[0m sshd accepted pubkey connection [3mguest_ip[0m[2m=[0m"172.16.0.6"
[2m2026-09-18T18:22:22.138988Z[0m [32m INFO[0m [2mrooms::runner[0m[2m:[0m sshd accepted pubkey connection [3mguest_ip[0m[2m=[0m"172.16.0.6"
[2m2026-09-18T18:22:22.140441Z[0m [32m INFO[0m [2mrooms::runner[0m[2m:[0m sshd accepted pubkey connection [3mguest_ip[0m[2m=[0m"172.16.0.6"
[2m2026-09-18T18:22:22.153795Z[0m [32m INFO[0m [2mrooms::runner[0m[2m:[0m sshd accepted pubkey connection [3mguest_ip[0m[2m=[0m"172.16.0.6"
[2m2026-09-18T18:22:22.154509Z[0m [32m INFO[0m [2mrooms::runner[0m[2m:[0m sshd accepted pubkey connection [3mguest_ip[0m[2m=[0m"172.16.0.6"
[2m2026-09-18T18:22:22.175302Z[0m [32m INFO[0m [2mrooms::runner[0m[2m:[0m sshd accepted pubkey connection [3mguest_ip[0m[2m=[0m"172.16.0.6"
[2m2026-09-18T18:22:22.183087Z[0m [32m INFO[0m [2mrooms::runner[0m[2m:[0m sshd accepted pubkey connection [3mguest_ip[0m[2m=[0m"172.16.0.6"
[2m2026-09-18T18:22:22.186199Z[0m [32m INFO[0m [2mrooms::runner[0m[2m:[0m sshd accepted pubkey connection [3mguest_ip[0m[2m=[0m"172.16.0.6"
[2m2026-09-18T18:22:22.186486Z[0m [32m INFO[0m [2mrooms::runner[0m[2m:[0m sshd accepted pubkey connection [3mguest_ip[0m[2m=[0m"172.16.0.6"
[2m2026-09-18T18:22:22.187286Z[0m [32m INFO[0m [2mrooms::runner[0m[2m:[0m sshd accepted pubkey connection [3mguest_ip[0m[2m=[0m"172.16.0.6"
[2m2026-09-18T18:22:22.192831Z[0m [32m INFO[0m [2mrooms::runner[0m[2m:[0m sshd accepted pubkey connection [3mguest_ip[0m[2m=[0m"172.16.0.6"
[2m2026-09-18T18:22:22.204727Z[0m [32m INFO[0m [2mrooms::runner[0m[2m:[0m sshd accepted pubkey connection [3mguest_ip[0m[2m=[0m"172.16.0.6"
[2m2026-09-18T18:22:22.206802Z[0m [32m INFO[0m [2mrooms::runner[0m[2m:[0m sshd accepted pubkey connection [3mguest_ip[0m[2m=[0m"172.16.0.6"
[2m2026-09-18T18:22:22.209580Z[0m [32m INFO[0m [2mrooms::runner[0m[2m:[0m sshd accepted pubkey connection [3mguest_ip[0m[2m=[0m"172.16.0.6"
[2m2026-09-18T18:22:22.219134Z[0m [32m INFO[0m [2mrooms::runner[0m[2m:[0m sshd accepted pubkey connection [3mguest_ip[0m[2m=[0m"172.16.0.6"
[2m2026-09-18T18:22:22.222038Z[0m [32m INFO[0m [2mrooms::runner[0m[2m:[0m sshd accepted pubkey connection [3mguest_ip[0m[2m=[0m"172.16.0.6"
[2m2026-09-18T18:22:22.224371Z[0m [32m INFO[0m [2mrooms::runner[0m[2m:[0m sshd accepted pubkey connection [3mguest_ip[0m[2m=[0m"172.16.0.6"
[2m2026-09-18T18:22:22.262960Z[0m [32m INFO[0m [2mrooms::runner[0m[2m:[0m sshd accepted pubkey connection [3mguest_ip[0m[2m=[0m"172.16.0.6"
[2m2026-09-18T18:22:22.264523Z[0m [32m INFO[0m [2mrooms::runner[0m[2m:[0m sshd accepted pubkey connection [3mguest_ip[0m[2m=[0m"172.16.0.6"
[2m2026-09-18T18:22:22.266586Z[0m [32m INFO[0m [2mrooms::runner[0m[2m:[0m sshd accepted pubkey connection [3mguest_ip[0m[2m=[0m"172.16.0.6"
[2m2026-09-18T18:22:22.271830Z[0m [32m INFO[0m [2mrooms::runner[0m[2m:[0m sshd accepted pubkey connection [3mguest_ip[0m[2m=[0m"172.16.0.6"
[2m2026-09-18T18:22:22.282708Z[0m [32m INFO[0m [2mrooms::runner[0m[2m:[0m sshd accepted pubkey connection [3mguest_ip[0m[2m=[0m"172.16.0.6"
[2m2026-09-18T18:22:22.286134Z[0m [32m INFO[0m [2mrooms::runner[0m[2m:[0m sshd accepted pubkey connection [3mguest_ip[0m[2m=[0m"172.16.0.6"
[2m2026-09-18T18:22:22.297196Z[0m [32m INFO[0m [2mrooms::runner[0m[2m:[0m sshd accepted pubkey connection [3mguest_ip[0m[2m=[0m"172.16.0.6"
[2m2026-09-18T18:22:22.303650Z[0m [32m INFO[0m [2mrooms::runner[0m[2m:[0m sshd accepted pubkey connection [3mguest_ip[0m[2m=[0m"172.16.0.6"
[2m2026-09-18T18:22:44.655288Z[0m [32m INFO[0m [2mrooms[0m[2m:[0m collected overlay changeset [3mout[0m[2m=[0m/home/rooms/runs/plane-32-64/n32-faults/out/01m2tw2kdz7e38mkmq6m8qn30w
[2m2026-09-18T18:22:44.655305Z[0m [32m INFO[0m [2mrooms[0m[2m:[0m collected /workspace/out to host [3mout[0m[2m=[0m/home/rooms/runs/plane-32-64/n32-faults/out/01m2tw2kdz7e38mkmq6m8qn30w
[2m2026-09-18T18:22:44.687305Z[0m [32m INFO[0m [2mrooms[0m[2m:[0m collected overlay changeset [3mout[0m[2m=[0m/home/rooms/runs/plane-32-64/n32-faults/out/01m2tw2kdzq0j1s6k34142xmen
[2m2026-09-18T18:22:44.687321Z[0m [32m INFO[0m [2mrooms[0m[2m:[0m collected /workspace/out to host [3mout[0m[2m=[0m/home/rooms/runs/plane-32-64/n32-faults/out/01m2tw2kdzq0j1s6k34142xmen
[2m2026-09-18T18:22:44.713553Z[0m [32m INFO[0m [2mrooms[0m[2m:[0m collected overlay changeset [3mout[0m[2m=[0m/home/rooms/runs/plane-32-64/n32-faults/out/01m2tw2kdzabfv9dcpw24x2njz
[2m2026-09-18T18:22:44.713568Z[0m [32m INFO[0m [2mrooms[0m[2m:[0m collected /workspace/out to host [3mout[0m[2m=[0m/home/rooms/runs/plane-32-64/n32-faults/out/01m2tw2kdzabfv9dcpw24x2njz
[2m2026-09-18T18:22:44.739276Z[0m [32m INFO[0m [2mrooms[0m[2m:[0m collected overlay changeset [3mout[0m[2m=[0m/home/rooms/runs/plane-32-64/n32-faults/out/01m2tw2kdzfmff2sre7arrpdd0
[2m2026-09-18T18:22:44.739290Z[0m [32m INFO[0m [2mrooms[0m[2m:[0m collected /workspace/out to host [3mout[0m[2m=[0m/home/rooms/runs/plane-32-64/n32-faults/out/01m2tw2kdzfmff2sre7arrpdd0
[2m2026-09-18T18:22:44.764393Z[0m [33m WARN[0m [2mrooms::firecracker[0m[2m:[0m failed to remove jail instance dir (active mount?) [3mdir[0m[2m=[0m/home/rooms/.local/state/rooms/jailer/firecracker/01m2tw2kdz7e38mkmq6m8qn30w [3merror[0m[2m=[0mNo such file or directory (os error 2)
[2m2026-09-18T18:22:44.780877Z[0m [33m WARN[0m [2mrooms::firecracker[0m[2m:[0m failed to remove jail instance dir (active mount?) [3mdir[0m[2m=[0m/home/rooms/.local/state/rooms/jailer/firecracker/01m2tw2kdzq0j1s6k34142xmen [3merror[0m[2m=[0mNo such file or directory (os error 2)
[2m2026-09-18T18:22:44.818998Z[0m [32m INFO[0m [2mrooms[0m[2m:[0m collected overlay changeset [3mout[0m[2m=[0m/home/rooms/runs/plane-32-64/n32-faults/out/01m2tw2kdz6mh4ta3j5xezr02e
[2m2026-09-18T18:22:44.819021Z[0m [32m INFO[0m [2mrooms[0m[2m:[0m collected /workspace/out to host [3mout[0m[2m=[0m/home/rooms/runs/plane-32-64/n32-faults/out/01m2tw2kdz6mh4ta3j5xezr02e
[2m2026-09-18T18:22:44.819097Z[0m [32m INFO[0m [2mrooms[0m[2m:[0m collected overlay changeset [3mout[0m[2m=[0m/home/rooms/runs/plane-32-64/n32-faults/out/01m2tw2kdz87h01mf539v285cz
[2m2026-09-18T18:22:44.819115Z[0m [32m INFO[0m [2mrooms[0m[2m:[0m collected /workspace/out to host [3mout[0m[2m=[0m/home/rooms/runs/plane-32-64/n32-faults/out/01m2tw2kdz87h01mf539v285cz
[2m2026-09-18T18:22:44.819223Z[0m [32m INFO[0m [2mrooms[0m[2m:[0m collected overlay changeset [3mout[0m[2m=[0m/home/rooms/runs/plane-32-64/n32-faults/out/01m2tw2kdzcd5zmys937kjtzm2
[2m2026-09-18T18:22:44.819230Z[0m [32m INFO[0m [2mrooms[0m[2m:[0m collected /workspace/out to host [3mout[0m[2m=[0m/home/rooms/runs/plane-32-64/n32-faults/out/01m2tw2kdzcd5zmys937kjtzm2
[2m2026-09-18T18:22:44.819408Z[0m [32m INFO[0m [2mrooms[0m[2m:[0m collected overlay changeset [3mout[0m[2m=[0m/home/rooms/runs/plane-32-64/n32-faults/out/01m2tw2kdz0sw6mgemt00fh398
[2m2026-09-18T18:22:44.819418Z[0m [32m INFO[0m [2mrooms[0m[2m:[0m collected /workspace/out to host [3mout[0m[2m=[0m/home/rooms/runs/plane-32-64/n32-faults/out/01m2tw2kdz0sw6mgemt00fh398
[2m2026-09-18T18:22:44.827147Z[0m [32m INFO[0m [2mrooms[0m[2m:[0m collected overlay changeset [3mout[0m[2m=[0m/home/rooms/runs/plane-32-64/n32-faults/out/01m2tw2kdza759njh08a889gpt
[2m2026-09-18T18:22:44.827162Z[0m [32m INFO[0m [2mrooms[0m[2m:[0m collected /workspace/out to host [3mout[0m[2m=[0m/home/rooms/runs/plane-32-64/n32-faults/out/01m2tw2kdza759njh08a889gpt
[2m2026-09-18T18:22:44.837335Z[0m [32m INFO[0m [2mrooms[0m[2m:[0m collected overlay changeset [3mout[0m[2m=[0m/home/rooms/runs/plane-32-64/n32-faults/out/01m2tw2kdz57khfrfn5wab4bmv
[2m2026-09-18T18:22:44.837350Z[0m [32m INFO[0m [2mrooms[0m[2m:[0m collected /workspace/out to host [3mout[0m[2m=[0m/home/rooms/runs/plane-32-64/n32-faults/out/01m2tw2kdz57khfrfn5wab4bmv
[2m2026-09-18T18:22:44.845396Z[0m [33m WARN[0m [2mrooms::firecracker[0m[2m:[0m failed to remove jail instance dir (active mount?) [3mdir[0m[2m=[0m/home/rooms/.local/state/rooms/jailer/firecracker/01m2tw2kdzfmff2sre7arrpdd0 [3merror[0m[2m=[0mNo such file or directory (os error 2)
[2m2026-09-18T18:22:44.850619Z[0m [33m WARN[0m [2mrooms::firecracker[0m[2m:[0m failed to remove jail instance dir (active mount?) [3mdir[0m[2m=[0m/home/rooms/.local/state/rooms/jailer/firecracker/01m2tw2kdzabfv9dcpw24x2njz [3merror[0m[2m=[0mNo such file or directory (os error 2)
[2m2026-09-18T18:22:44.857419Z[0m [32m INFO[0m [2mrooms[0m[2m:[0m collected overlay changeset [3mout[0m[2m=[0m/home/rooms/runs/plane-32-64/n32-faults/out/01m2tw2kdz7p4adsrm0mqmftzc
[2m2026-09-18T18:22:44.857436Z[0m [32m INFO[0m [2mrooms[0m[2m:[0m collected /workspace/out to host [3mout[0m[2m=[0m/home/rooms/runs/plane-32-64/n32-faults/out/01m2tw2kdz7p4adsrm0mqmftzc
[2m2026-09-18T18:22:44.868471Z[0m [32m INFO[0m [2mrooms[0m[2m:[0m collected overlay changeset [3mout[0m[2m=[0m/home/rooms/runs/plane-32-64/n32-faults/out/01m2tw2kdzndry9v96m22zy61s
[2m2026-09-18T18:22:44.868484Z[0m [32m INFO[0m [2mrooms[0m[2m:[0m collected /workspace/out to host [3mout[0m[2m=[0m/home/rooms/runs/plane-32-64/n32-faults/out/01m2tw2kdzndry9v96m22zy61s
[2m2026-09-18T18:22:44.877871Z[0m [32m INFO[0m [2mrooms[0m[2m:[0m collected overlay changeset [3mout[0m[2m=[0m/home/rooms/runs/plane-32-64/n32-faults/out/01m2tw2kdzkev1bckf3hab6x81
[2m2026-09-18T18:22:44.877884Z[0m [32m INFO[0m [2mrooms[0m[2m:[0m collected /workspace/out to host [3mout[0m[2m=[0m/home/rooms/runs/plane-32-64/n32-faults/out/01m2tw2kdzkev1bckf3hab6x81
[2m2026-09-18T18:22:44.884902Z[0m [32m INFO[0m [2mrooms[0m[2m:[0m collected overlay changeset [3mout[0m[2m=[0m/home/rooms/runs/plane-32-64/n32-faults/out/01m2tw2kdzzv2p3eapc0drcc72
[2m2026-09-18T18:22:44.884919Z[0m [32m INFO[0m [2mrooms[0m[2m:[0m collected /workspace/out to host [3mout[0m[2m=[0m/home/rooms/runs/plane-32-64/n32-faults/out/01m2tw2kdzzv2p3eapc0drcc72
[2m2026-09-18T18:22:44.885553Z[0m [32m INFO[0m [2mrooms[0m[2m:[0m collected overlay changeset [3mout[0m[2m=[0m/home/rooms/runs/plane-32-64/n32-faults/out/01m2tw2kdzfzkpsfa03sn0b9mq
[2m2026-09-18T18:22:44.885563Z[0m [32m INFO[0m [2mrooms[0m[2m:[0m collected /workspace/out to host [3mout[0m[2m=[0m/home/rooms/runs/plane-32-64/n32-faults/out/01m2tw2kdzfzkpsfa03sn0b9mq
[2m2026-09-18T18:22:44.902662Z[0m [33m WARN[0m [2mrooms::firecracker[0m[2m:[0m failed to remove jail instance dir (active mount?) [3mdir[0m[2m=[0m/home/rooms/.local/state/rooms/jailer/firecracker/01m2tw2kdz57khfrfn5wab4bmv [3merror[0m[2m=[0mNo such file or directory (os error 2)
[2m2026-09-18T18:22:44.916663Z[0m [32m INFO[0m [2mrooms[0m[2m:[0m collected overlay changeset [3mout[0m[2m=[0m/home/rooms/runs/plane-32-64/n32-faults/out/01m2tw2kdzdbs577sdx97agxm3
[2m2026-09-18T18:22:44.916679Z[0m [32m INFO[0m [2mrooms[0m[2m:[0m collected /workspace/out to host [3mout[0m[2m=[0m/home/rooms/runs/plane-32-64/n32-faults/out/01m2tw2kdzdbs577sdx97agxm3
[2m2026-09-18T18:22:44.916688Z[0m [32m INFO[0m [2mrooms[0m[2m:[0m collected overlay changeset [3mout[0m[2m=[0m/home/rooms/runs/plane-32-64/n32-faults/out/01m2tw2kdz6zfdvkry9tyxszvw
[2m2026-09-18T18:22:44.916699Z[0m [32m INFO[0m [2mrooms[0m[2m:[0m collected /workspace/out to host [3mout[0m[2m=[0m/home/rooms/runs/plane-32-64/n32-faults/out/01m2tw2kdz6zfdvkry9tyxszvw
[2m2026-09-18T18:22:44.916740Z[0m [32m INFO[0m [2mrooms[0m[2m:[0m collected overlay changeset [3mout[0m[2m=[0m/home/rooms/runs/plane-32-64/n32-faults/out/01m2tw2kdzd29zy74pedazym17
[2m2026-09-18T18:22:44.916746Z[0m [32m INFO[0m [2mrooms[0m[2m:[0m collected /workspace/out to host [3mout[0m[2m=[0m/home/rooms/runs/plane-32-64/n32-faults/out/01m2tw2kdzd29zy74pedazym17
[2m2026-09-18T18:22:44.922977Z[0m [32m INFO[0m [2mrooms[0m[2m:[0m collected overlay changeset [3mout[0m[2m=[0m/home/rooms/runs/plane-32-64/n32-faults/out/01m2tw2kdzz9bszkrhzxzf4z6t
[2m2026-09-18T18:22:44.922996Z[0m [32m INFO[0m [2mrooms[0m[2m:[0m collected /workspace/out to host [3mout[0m[2m=[0m/home/rooms/runs/plane-32-64/n32-faults/out/01m2tw2kdzz9bszkrhzxzf4z6t
[2m2026-09-18T18:22:44.923418Z[0m [32m INFO[0m [2mrooms[0m[2m:[0m collected overlay changeset [3mout[0m[2m=[0m/home/rooms/runs/plane-32-64/n32-faults/out/01m2tw2kdzray9egnnv2wmb6n5
[2m2026-09-18T18:22:44.923429Z[0m [32m INFO[0m [2mrooms[0m[2m:[0m collected /workspace/out to host [3mout[0m[2m=[0m/home/rooms/runs/plane-32-64/n32-faults/out/01m2tw2kdzray9egnnv2wmb6n5
[2m2026-09-18T18:22:44.937348Z[0m [33m WARN[0m [2mrooms::firecracker[0m[2m:[0m failed to remove jail instance dir (active mount?) [3mdir[0m[2m=[0m/home/rooms/.local/state/rooms/jailer/firecracker/01m2tw2kdz6mh4ta3j5xezr02e [3merror[0m[2m=[0mNo such file or directory (os error 2)
[2m2026-09-18T18:22:44.937455Z[0m [33m WARN[0m [2mrooms::firecracker[0m[2m:[0m failed to remove jail instance dir (active mount?) [3mdir[0m[2m=[0m/home/rooms/.local/state/rooms/jailer/firecracker/01m2tw2kdzkev1bckf3hab6x81 [3merror[0m[2m=[0mNo such file or directory (os error 2)
[2m2026-09-18T18:22:44.937484Z[0m [33m WARN[0m [2mrooms::firecracker[0m[2m:[0m failed to remove jail instance dir (active mount?) [3mdir[0m[2m=[0m/home/rooms/.local/state/rooms/jailer/firecracker/01m2tw2kdz87h01mf539v285cz [3merror[0m[2m=[0mNo such file or directory (os error 2)
[2m2026-09-18T18:22:44.937552Z[0m [33m WARN[0m [2mrooms::firecracker[0m[2m:[0m failed to remove jail instance dir (active mount?) [3mdir[0m[2m=[0m/home/rooms/.local/state/rooms/jailer/firecracker/01m2tw2kdz0sw6mgemt00fh398 [3merror[0m[2m=[0mNo such file or directory (os error 2)
[2m2026-09-18T18:22:44.937774Z[0m [33m WARN[0m [2mrooms::firecracker[0m[2m:[0m failed to remove jail instance dir (active mount?) [3mdir[0m[2m=[0m/home/rooms/.local/state/rooms/jailer/firecracker/01m2tw2kdzndry9v96m22zy61s [3merror[0m[2m=[0mNo such file or directory (os error 2)
[2m2026-09-18T18:22:44.937883Z[0m [33m WARN[0m [2mrooms::firecracker[0m[2m:[0m failed to remove jail instance dir (active mount?) [3mdir[0m[2m=[0m/home/rooms/.local/state/rooms/jailer/firecracker/01m2tw2kdza759njh08a889gpt [3merror[0m[2m=[0mNo such file or directory (os error 2)
[2m2026-09-18T18:22:44.939626Z[0m [33m WARN[0m [2mrooms::firecracker[0m[2m:[0m failed to remove jail instance dir (active mount?) [3mdir[0m[2m=[0m/home/rooms/.local/state/rooms/jailer/firecracker/01m2tw2kdz7p4adsrm0mqmftzc [3merror[0m[2m=[0mNo such file or directory (os error 2)
[2m2026-09-18T18:22:44.941684Z[0m [33m WARN[0m [2mrooms::firecracker[0m[2m:[0m failed to remove jail instance dir (active mount?) [3mdir[0m[2m=[0m/home/rooms/.local/state/rooms/jailer/firecracker/01m2tw2kdzcd5zmys937kjtzm2 [3merror[0m[2m=[0mNo such file or directory (os error 2)
[2m2026-09-18T18:22:44.942928Z[0m [33m WARN[0m [2mrooms::firecracker[0m[2m:[0m failed to remove jail instance dir (active mount?) [3mdir[0m[2m=[0m/home/rooms/.local/state/rooms/jailer/firecracker/01m2tw2kdzfzkpsfa03sn0b9mq [3merror[0m[2m=[0mNo such file or directory (os error 2)
[2m2026-09-18T18:22:44.945133Z[0m [33m WARN[0m [2mrooms::firecracker[0m[2m:[0m failed to remove jail instance dir (active mount?) [3mdir[0m[2m=[0m/home/rooms/.local/state/rooms/jailer/firecracker/01m2tw2kdzzv2p3eapc0drcc72 [3merror[0m[2m=[0mNo such file or directory (os error 2)
[2m2026-09-18T18:22:44.954509Z[0m [32m INFO[0m [2mrooms[0m[2m:[0m collected overlay changeset [3mout[0m[2m=[0m/home/rooms/runs/plane-32-64/n32-faults/out/01m2tw2kdzz2yjq5r7kcxtaajn
[2m2026-09-18T18:22:44.954521Z[0m [32m INFO[0m [2mrooms[0m[2m:[0m collected /workspace/out to host [3mout[0m[2m=[0m/home/rooms/runs/plane-32-64/n32-faults/out/01m2tw2kdzz2yjq5r7kcxtaajn
[2m2026-09-18T18:22:44.954597Z[0m [32m INFO[0m [2mrooms[0m[2m:[0m collected overlay changeset [3mout[0m[2m=[0m/home/rooms/runs/plane-32-64/n32-faults/out/01m2tw2kdz7p6a6xfcwwbjfdtd
[2m2026-09-18T18:22:44.954607Z[0m [32m INFO[0m [2mrooms[0m[2m:[0m collected /workspace/out to host [3mout[0m[2m=[0m/home/rooms/runs/plane-32-64/n32-faults/out/01m2tw2kdz7p6a6xfcwwbjfdtd
[2m2026-09-18T18:22:44.961804Z[0m [32m INFO[0m [2mrooms[0m[2m:[0m collected overlay changeset [3mout[0m[2m=[0m/home/rooms/runs/plane-32-64/n32-faults/out/01m2tw2kdzvatwtxnzhdxrr11g
[2m2026-09-18T18:22:44.961819Z[0m [32m INFO[0m [2mrooms[0m[2m:[0m collected /workspace/out to host [3mout[0m[2m=[0m/home/rooms/runs/plane-32-64/n32-faults/out/01m2tw2kdzvatwtxnzhdxrr11g
[2m2026-09-18T18:22:44.962219Z[0m [32m INFO[0m [2mrooms[0m[2m:[0m collected overlay changeset [3mout[0m[2m=[0m/home/rooms/runs/plane-32-64/n32-faults/out/01m2tw2kdzyptncgcq0086cbp0
[2m2026-09-18T18:22:44.962228Z[0m [32m INFO[0m [2mrooms[0m[2m:[0m collected /workspace/out to host [3mout[0m[2m=[0m/home/rooms/runs/plane-32-64/n32-faults/out/01m2tw2kdzyptncgcq0086cbp0
[2m2026-09-18T18:22:44.975131Z[0m [33m WARN[0m [2mrooms::firecracker[0m[2m:[0m failed to remove jail instance dir (active mount?) [3mdir[0m[2m=[0m/home/rooms/.local/state/rooms/jailer/firecracker/01m2tw2kdzdbs577sdx97agxm3 [3merror[0m[2m=[0mNo such file or directory (os error 2)
[2m2026-09-18T18:22:44.976456Z[0m [33m WARN[0m [2mrooms::firecracker[0m[2m:[0m failed to remove jail instance dir (active mount?) [3mdir[0m[2m=[0m/home/rooms/.local/state/rooms/jailer/firecracker/01m2tw2kdzray9egnnv2wmb6n5 [3merror[0m[2m=[0mNo such file or directory (os error 2)
[2m2026-09-18T18:22:44.976479Z[0m [33m WARN[0m [2mrooms::firecracker[0m[2m:[0m failed to remove jail instance dir (active mount?) [3mdir[0m[2m=[0m/home/rooms/.local/state/rooms/jailer/firecracker/01m2tw2kdz6zfdvkry9tyxszvw [3merror[0m[2m=[0mNo such file or directory (os error 2)
[2m2026-09-18T18:22:44.986030Z[0m [33m WARN[0m [2mrooms::firecracker[0m[2m:[0m failed to remove jail instance dir (active mount?) [3mdir[0m[2m=[0m/home/rooms/.local/state/rooms/jailer/firecracker/01m2tw2kdzd29zy74pedazym17 [3merror[0m[2m=[0mNo such file or directory (os error 2)
[2m2026-09-18T18:22:44.986752Z[0m [33m WARN[0m [2mrooms::firecracker[0m[2m:[0m failed to remove jail instance dir (active mount?) [3mdir[0m[2m=[0m/home/rooms/.local/state/rooms/jailer/firecracker/01m2tw2kdzz9bszkrhzxzf4z6t [3merror[0m[2m=[0mNo such file or directory (os error 2)
[2m2026-09-18T18:22:45.017523Z[0m [33m WARN[0m [2mrooms::firecracker[0m[2m:[0m failed to remove jail instance dir (active mount?) [3mdir[0m[2m=[0m/home/rooms/.local/state/rooms/jailer/firecracker/01m2tw2kdzvatwtxnzhdxrr11g [3merror[0m[2m=[0mNo such file or directory (os error 2)
[2m2026-09-18T18:22:45.047448Z[0m [32m INFO[0m [2mrooms[0m[2m:[0m collected overlay changeset [3mout[0m[2m=[0m/home/rooms/runs/plane-32-64/n32-faults/out/01m2tw2kdznm6hy7kah14br9en
[2m2026-09-18T18:22:45.047461Z[0m [32m INFO[0m [2mrooms[0m[2m:[0m collected /workspace/out to host [3mout[0m[2m=[0m/home/rooms/runs/plane-32-64/n32-faults/out/01m2tw2kdznm6hy7kah14br9en
[2m2026-09-18T18:22:45.054629Z[0m [33m WARN[0m [2mrooms::firecracker[0m[2m:[0m failed to remove jail instance dir (active mount?) [3mdir[0m[2m=[0m/home/rooms/.local/state/rooms/jailer/firecracker/01m2tw2kdzz2yjq5r7kcxtaajn [3merror[0m[2m=[0mNo such file or directory (os error 2)
[2m2026-09-18T18:22:45.077709Z[0m [32m INFO[0m [2mrooms[0m[2m:[0m collected overlay changeset [3mout[0m[2m=[0m/home/rooms/runs/plane-32-64/n32-faults/out/01m2tw2kdzvb4xedwcft51zzsn
[2m2026-09-18T18:22:45.077726Z[0m [32m INFO[0m [2mrooms[0m[2m:[0m collected /workspace/out to host [3mout[0m[2m=[0m/home/rooms/runs/plane-32-64/n32-faults/out/01m2tw2kdzvb4xedwcft51zzsn
[2m2026-09-18T18:22:45.084842Z[0m [33m WARN[0m [2mrooms::firecracker[0m[2m:[0m failed to remove jail instance dir (active mount?) [3mdir[0m[2m=[0m/home/rooms/.local/state/rooms/jailer/firecracker/01m2tw2kdzyptncgcq0086cbp0 [3merror[0m[2m=[0mNo such file or directory (os error 2)
[2m2026-09-18T18:22:45.123524Z[0m [33m WARN[0m [2mrooms::firecracker[0m[2m:[0m failed to remove jail instance dir (active mount?) [3mdir[0m[2m=[0m/home/rooms/.local/state/rooms/jailer/firecracker/01m2tw2kdz7p6a6xfcwwbjfdtd [3merror[0m[2m=[0mNo such file or directory (os error 2)
[2m2026-09-18T18:22:45.152585Z[0m [32m INFO[0m [2mrooms[0m[2m:[0m collected overlay changeset [3mout[0m[2m=[0m/home/rooms/runs/plane-32-64/n32-faults/out/01m2tw2kdz4jqxfjdzddtgsn00
[2m2026-09-18T18:22:45.152598Z[0m [32m INFO[0m [2mrooms[0m[2m:[0m collected /workspace/out to host [3mout[0m[2m=[0m/home/rooms/runs/plane-32-64/n32-faults/out/01m2tw2kdz4jqxfjdzddtgsn00
[2m2026-09-18T18:22:45.152826Z[0m [32m INFO[0m [2mrooms[0m[2m:[0m collected overlay changeset [3mout[0m[2m=[0m/home/rooms/runs/plane-32-64/n32-faults/out/01m2tw2kdz68ex55asmgs3ys4b
[2m2026-09-18T18:22:45.152831Z[0m [32m INFO[0m [2mrooms[0m[2m:[0m collected /workspace/out to host [3mout[0m[2m=[0m/home/rooms/runs/plane-32-64/n32-faults/out/01m2tw2kdz68ex55asmgs3ys4b
[2m2026-09-18T18:22:45.153327Z[0m [32m INFO[0m [2mrooms[0m[2m:[0m collected overlay changeset [3mout[0m[2m=[0m/home/rooms/runs/plane-32-64/n32-faults/out/01m2tw2kdztbykgjmpktf3yayc
[2m2026-09-18T18:22:45.153337Z[0m [32m INFO[0m [2mrooms[0m[2m:[0m collected /workspace/out to host [3mout[0m[2m=[0m/home/rooms/runs/plane-32-64/n32-faults/out/01m2tw2kdztbykgjmpktf3yayc
[2m2026-09-18T18:22:45.153520Z[0m [32m INFO[0m [2mrooms[0m[2m:[0m collected overlay changeset [3mout[0m[2m=[0m/home/rooms/runs/plane-32-64/n32-faults/out/01m2tw2kdzr5mxjb9nar10pevt
[2m2026-09-18T18:22:45.153525Z[0m [32m INFO[0m [2mrooms[0m[2m:[0m collected /workspace/out to host [3mout[0m[2m=[0m/home/rooms/runs/plane-32-64/n32-faults/out/01m2tw2kdzr5mxjb9nar10pevt
[2m2026-09-18T18:22:45.153724Z[0m [32m INFO[0m [2mrooms[0m[2m:[0m collected overlay changeset [3mout[0m[2m=[0m/home/rooms/runs/plane-32-64/n32-faults/out/01m2tw2kdzv110vxzj9ae3ksa5
[2m2026-09-18T18:22:45.153729Z[0m [32m INFO[0m [2mrooms[0m[2m:[0m collected /workspace/out to host [3mout[0m[2m=[0m/home/rooms/runs/plane-32-64/n32-faults/out/01m2tw2kdzv110vxzj9ae3ksa5
[2m2026-09-18T18:22:45.212781Z[0m [33m WARN[0m [2mrooms::firecracker[0m[2m:[0m failed to remove jail instance dir (active mount?) [3mdir[0m[2m=[0m/home/rooms/.local/state/rooms/jailer/firecracker/01m2tw2kdz4jqxfjdzddtgsn00 [3merror[0m[2m=[0mNo such file or directory (os error 2)
[2m2026-09-18T18:22:45.212896Z[0m [33m WARN[0m [2mrooms::firecracker[0m[2m:[0m failed to remove jail instance dir (active mount?) [3mdir[0m[2m=[0m/home/rooms/.local/state/rooms/jailer/firecracker/01m2tw2kdztbykgjmpktf3yayc [3merror[0m[2m=[0mNo such file or directory (os error 2)
[2m2026-09-18T18:22:45.246144Z[0m [33m WARN[0m [2mrooms::firecracker[0m[2m:[0m failed to remove jail instance dir (active mount?) [3mdir[0m[2m=[0m/home/rooms/.local/state/rooms/jailer/firecracker/01m2tw2kdznm6hy7kah14br9en [3merror[0m[2m=[0mNo such file or directory (os error 2)
[2m2026-09-18T18:22:45.284609Z[0m [33m WARN[0m [2mrooms::firecracker[0m[2m:[0m failed to remove jail instance dir (active mount?) [3mdir[0m[2m=[0m/home/rooms/.local/state/rooms/jailer/firecracker/01m2tw2kdzv110vxzj9ae3ksa5 [3merror[0m[2m=[0mNo such file or directory (os error 2)
[2m2026-09-18T18:22:45.322270Z[0m [33m WARN[0m [2mrooms::firecracker[0m[2m:[0m failed to remove jail instance dir (active mount?) [3mdir[0m[2m=[0m/home/rooms/.local/state/rooms/jailer/firecracker/01m2tw2kdz68ex55asmgs3ys4b [3merror[0m[2m=[0mNo such file or directory (os error 2)
[2m2026-09-18T18:22:45.365918Z[0m [33m WARN[0m [2mrooms::firecracker[0m[2m:[0m failed to remove jail instance dir (active mount?) [3mdir[0m[2m=[0m/home/rooms/.local/state/rooms/jailer/firecracker/01m2tw2kdzr5mxjb9nar10pevt [3merror[0m[2m=[0mNo such file or directory (os error 2)
[2m2026-09-18T18:22:45.409534Z[0m [33m WARN[0m [2mrooms::firecracker[0m[2m:[0m failed to remove jail instance dir (active mount?) [3mdir[0m[2m=[0m/home/rooms/.local/state/rooms/jailer/firecracker/01m2tw2kdzvb4xedwcft51zzsn [3merror[0m[2m=[0mNo such file or directory (os error 2)
[2m2026-09-18T18:28:21.570450Z[0m [33m WARN[0m [2mrooms[0m[2m:[0m max wall-clock cap reached during exec; aborting and shutting down [3mmax_wall[0m[2m=[0mSome(360s)
[2m2026-09-18T18:28:21.571881Z[0m [33m WARN[0m [2mrooms[0m[2m:[0m failed to create aborted-run artifact skeleton [3merror[0m[2m=[0mcreate cancelled-run artifact skeleton failed (exit exit status: 255): Cannot open network namespace "rooms-c2": No such file or directory

[2m2026-09-18T18:28:21.573071Z[0m [33m WARN[0m [2mrooms[0m[2m:[0m failed to write aborted-run result.json [3merror[0m[2m=[0mwrite result.json via SSH failed (exit exit status: 255): Cannot open network namespace "rooms-c2": No such file or directory

[2m2026-09-18T18:28:21.575644Z[0m [33m WARN[0m [2mrooms[0m[2m:[0m collect overlay changeset failed [3merror[0m[2m=[0mguest overlay enumeration failed (exit exit status: 255): Cannot open network namespace "rooms-c2": No such file or directory

[2m2026-09-18T18:28:21.575655Z[0m [33m WARN[0m [2mrooms[0m[2m:[0m collect /workspace/out to host failed [3merror[0m[2m=[0mguest tar failed (exit exit status: 255): Cannot open network namespace "rooms-c2": No such file or directory
 [3mout[0m[2m=[0m/home/rooms/runs/plane-32-64/n32-faults/out/01m2tw2kdzsw0w4swvbyrtrgtj
[2m2026-09-18T18:28:21.578229Z[0m [33m WARN[0m [2mrooms::firecracker[0m[2m:[0m failed to remove jail instance dir (active mount?) [3mdir[0m[2m=[0m/home/rooms/.local/state/rooms/jailer/firecracker/01m2tw2kdzsw0w4swvbyrtrgtj [3merror[0m[2m=[0mNo such file or directory (os error 2)
[2m2026-09-18T18:28:21.578254Z[0m [33m WARN[0m [2mrooms::firecracker[0m[2m:[0m failed to remove jail instance dir (active mount?) [3mdir[0m[2m=[0m/home/rooms/.local/state/rooms/jailer/firecracker/01m2tw2kdzsw0w4swvbyrtrgtj [3merror[0m[2m=[0mNo such file or directory (os error 2)
[2m2026-09-18T18:28:21.578287Z[0m [33m WARN[0m [2mrooms::restore_exec[0m[2m:[0m restore teardown holds no lease for this room; leaving the slot tap/egress untouched [3mslot[0m[2m=[0m1
[2m2026-09-18T18:28:21.578297Z[0m [33m WARN[0m [2mrooms[0m[2m:[0m clone artifact finalization incomplete [3merror[0m[2m=[0minternal: artifact finalization failed: guest tar failed (exit exit status: 255): Cannot open network namespace "rooms-c2": No such file or directory

