[2m2026-09-17T14:12:41.732008Z[0m [32m INFO[0m [2mrooms[0m[2m:[0m rooms clone [3msnapshot_dir[0m[2m=[0m"/home/mh.guest/rooms/readiness-observation/snapshot" [3mimage[0m[2m=[0m"/home/mh.guest/rooms/readiness-observation/agent.ext4" [3mcount[0m[2m=[0m6 [3mkeep[0m[2m=[0mfalse
[2m2026-09-17T14:12:42.093582Z[0m [32m INFO[0m [2mrooms::firecracker[0m[2m:[0m spawning restore firecracker via barriered jailer [3msocket[0m[2m=[0m/home/mh.guest/.local/state/rooms/jailer/firecracker/01m2qvcsm4nakss2syn3b4aems/root/api.sock
[2m2026-09-17T14:12:42.093807Z[0m [32m INFO[0m [2mrooms::firecracker[0m[2m:[0m spawning restore firecracker via barriered jailer [3msocket[0m[2m=[0m/home/mh.guest/.local/state/rooms/jailer/firecracker/01m2qvcsm4jq6jkqrfwkv7fte7/root/api.sock
[2m2026-09-17T14:12:42.093966Z[0m [32m INFO[0m [2mrooms::firecracker[0m[2m:[0m spawning restore firecracker via barriered jailer [3msocket[0m[2m=[0m/home/mh.guest/.local/state/rooms/jailer/firecracker/01m2qvcsm4hte5d62kpgr5mn4f/root/api.sock
[2m2026-09-17T14:12:42.093984Z[0m [32m INFO[0m [2mrooms::firecracker[0m[2m:[0m spawning restore firecracker via barriered jailer [3msocket[0m[2m=[0m/home/mh.guest/.local/state/rooms/jailer/firecracker/01m2qvcsm4kg7834yvbq408arq/root/api.sock
[2m2026-09-17T14:12:42.094262Z[0m [32m INFO[0m [2mrooms::firecracker[0m[2m:[0m spawning restore firecracker via barriered jailer [3msocket[0m[2m=[0m/home/mh.guest/.local/state/rooms/jailer/firecracker/01m2qvcsm4m75m4cdxy35bp2vq/root/api.sock
[2m2026-09-17T14:12:42.095546Z[0m [32m INFO[0m [2mrooms::firecracker[0m[2m:[0m spawning restore firecracker via barriered jailer [3msocket[0m[2m=[0m/home/mh.guest/.local/state/rooms/jailer/firecracker/01m2qvcsm4d111yjbtfbc62sqh/root/api.sock
[2m2026-09-17T14:12:42.178812Z[0m [32m INFO[0m [2mrooms::restore_exec[0m[2m:[0m microVM resumed from snapshot [3mroom[0m[2m=[0m01m2qvcsm4nakss2syn3b4aems [3msnapshot[0m[2m=[0m01m2hejw04730vkhjzfqq1v1t2
[2m2026-09-17T14:12:42.184166Z[0m [32m INFO[0m [2mrooms::restore_exec[0m[2m:[0m microVM resumed from snapshot [3mroom[0m[2m=[0m01m2qvcsm4jq6jkqrfwkv7fte7 [3msnapshot[0m[2m=[0m01m2hejw04730vkhjzfqq1v1t2
[2m2026-09-17T14:12:42.184179Z[0m [32m INFO[0m [2mrooms::restore_exec[0m[2m:[0m microVM resumed from snapshot [3mroom[0m[2m=[0m01m2qvcsm4hte5d62kpgr5mn4f [3msnapshot[0m[2m=[0m01m2hejw04730vkhjzfqq1v1t2
[2m2026-09-17T14:12:42.184400Z[0m [32m INFO[0m [2mrooms::restore_exec[0m[2m:[0m microVM resumed from snapshot [3mroom[0m[2m=[0m01m2qvcsm4m75m4cdxy35bp2vq [3msnapshot[0m[2m=[0m01m2hejw04730vkhjzfqq1v1t2
[2m2026-09-17T14:12:42.195870Z[0m [32m INFO[0m [2mrooms::restore_exec[0m[2m:[0m microVM resumed from snapshot [3mroom[0m[2m=[0m01m2qvcsm4d111yjbtfbc62sqh [3msnapshot[0m[2m=[0m01m2hejw04730vkhjzfqq1v1t2
[2m2026-09-17T14:12:42.201220Z[0m [32m INFO[0m [2mrooms::restore_exec[0m[2m:[0m microVM resumed from snapshot [3mroom[0m[2m=[0m01m2qvcsm4kg7834yvbq408arq [3msnapshot[0m[2m=[0m01m2hejw04730vkhjzfqq1v1t2
[2m2026-09-17T14:12:50.276466Z[0m [32m INFO[0m [2mrooms::runner[0m[2m:[0m sshd accepted pubkey connection [3mguest_ip[0m[2m=[0m"172.16.0.18"
[2m2026-09-17T14:12:50.283754Z[0m [32m INFO[0m [2mrooms::runner[0m[2m:[0m sshd accepted pubkey connection [3mguest_ip[0m[2m=[0m"172.16.0.18"
[2m2026-09-17T14:12:50.294073Z[0m [32m INFO[0m [2mrooms::runner[0m[2m:[0m sshd accepted pubkey connection [3mguest_ip[0m[2m=[0m"172.16.0.18"
[2m2026-09-17T14:12:50.311087Z[0m [32m INFO[0m [2mrooms::runner[0m[2m:[0m sshd accepted pubkey connection [3mguest_ip[0m[2m=[0m"172.16.0.18"
[2m2026-09-17T14:12:50.327068Z[0m [32m INFO[0m [2mrooms::runner[0m[2m:[0m sshd accepted pubkey connection [3mguest_ip[0m[2m=[0m"172.16.0.18"
[2m2026-09-17T14:12:50.346935Z[0m [32m INFO[0m [2mrooms::runner[0m[2m:[0m sshd accepted pubkey connection [3mguest_ip[0m[2m=[0m"172.16.0.18"
[2m2026-09-17T14:13:38.812411Z[0m [32m INFO[0m [2mrooms[0m[2m:[0m collected overlay changeset [3mout[0m[2m=[0m/tmp/swarm-plane-rooms-2/n6/out/01m2qvcsm4hte5d62kpgr5mn4f
[2m2026-09-17T14:13:38.812431Z[0m [32m INFO[0m [2mrooms[0m[2m:[0m collected /workspace/out to host [3mout[0m[2m=[0m/tmp/swarm-plane-rooms-2/n6/out/01m2qvcsm4hte5d62kpgr5mn4f
[2m2026-09-17T14:13:38.822187Z[0m [32m INFO[0m [2mrooms[0m[2m:[0m collected overlay changeset [3mout[0m[2m=[0m/tmp/swarm-plane-rooms-2/n6/out/01m2qvcsm4nakss2syn3b4aems
[2m2026-09-17T14:13:38.822190Z[0m [32m INFO[0m [2mrooms[0m[2m:[0m collected /workspace/out to host [3mout[0m[2m=[0m/tmp/swarm-plane-rooms-2/n6/out/01m2qvcsm4nakss2syn3b4aems
[2m2026-09-17T14:13:38.836098Z[0m [33m WARN[0m [2mrooms::firecracker[0m[2m:[0m failed to remove jail instance dir (active mount?) [3mdir[0m[2m=[0m/home/mh.guest/.local/state/rooms/jailer/firecracker/01m2qvcsm4hte5d62kpgr5mn4f [3merror[0m[2m=[0mNo such file or directory (os error 2)
[2m2026-09-17T14:13:38.865668Z[0m [33m WARN[0m [2mrooms::firecracker[0m[2m:[0m failed to remove jail instance dir (active mount?) [3mdir[0m[2m=[0m/home/mh.guest/.local/state/rooms/jailer/firecracker/01m2qvcsm4nakss2syn3b4aems [3merror[0m[2m=[0mNo such file or directory (os error 2)
[2m2026-09-17T14:13:39.182209Z[0m [32m INFO[0m [2mrooms[0m[2m:[0m collected overlay changeset [3mout[0m[2m=[0m/tmp/swarm-plane-rooms-2/n6/out/01m2qvcsm4kg7834yvbq408arq
[2m2026-09-17T14:13:39.182216Z[0m [32m INFO[0m [2mrooms[0m[2m:[0m collected /workspace/out to host [3mout[0m[2m=[0m/tmp/swarm-plane-rooms-2/n6/out/01m2qvcsm4kg7834yvbq408arq
[2m2026-09-17T14:13:39.190557Z[0m [33m WARN[0m [2mrooms::firecracker[0m[2m:[0m failed to remove jail instance dir (active mount?) [3mdir[0m[2m=[0m/home/mh.guest/.local/state/rooms/jailer/firecracker/01m2qvcsm4kg7834yvbq408arq [3merror[0m[2m=[0mNo such file or directory (os error 2)
[2m2026-09-17T14:13:39.216890Z[0m [32m INFO[0m [2mrooms[0m[2m:[0m collected overlay changeset [3mout[0m[2m=[0m/tmp/swarm-plane-rooms-2/n6/out/01m2qvcsm4d111yjbtfbc62sqh
[2m2026-09-17T14:13:39.216897Z[0m [32m INFO[0m [2mrooms[0m[2m:[0m collected /workspace/out to host [3mout[0m[2m=[0m/tmp/swarm-plane-rooms-2/n6/out/01m2qvcsm4d111yjbtfbc62sqh
[2m2026-09-17T14:13:39.226261Z[0m [33m WARN[0m [2mrooms::firecracker[0m[2m:[0m failed to remove jail instance dir (active mount?) [3mdir[0m[2m=[0m/home/mh.guest/.local/state/rooms/jailer/firecracker/01m2qvcsm4d111yjbtfbc62sqh [3merror[0m[2m=[0mNo such file or directory (os error 2)
[2m2026-09-17T14:13:39.270823Z[0m [32m INFO[0m [2mrooms[0m[2m:[0m collected overlay changeset [3mout[0m[2m=[0m/tmp/swarm-plane-rooms-2/n6/out/01m2qvcsm4jq6jkqrfwkv7fte7
[2m2026-09-17T14:13:39.270833Z[0m [32m INFO[0m [2mrooms[0m[2m:[0m collected /workspace/out to host [3mout[0m[2m=[0m/tmp/swarm-plane-rooms-2/n6/out/01m2qvcsm4jq6jkqrfwkv7fte7
[2m2026-09-17T14:13:39.275865Z[0m [33m WARN[0m [2mrooms::firecracker[0m[2m:[0m failed to remove jail instance dir (active mount?) [3mdir[0m[2m=[0m/home/mh.guest/.local/state/rooms/jailer/firecracker/01m2qvcsm4jq6jkqrfwkv7fte7 [3merror[0m[2m=[0mNo such file or directory (os error 2)
[2m2026-09-17T14:13:39.298106Z[0m [32m INFO[0m [2mrooms[0m[2m:[0m collected overlay changeset [3mout[0m[2m=[0m/tmp/swarm-plane-rooms-2/n6/out/01m2qvcsm4m75m4cdxy35bp2vq
[2m2026-09-17T14:13:39.298112Z[0m [32m INFO[0m [2mrooms[0m[2m:[0m collected /workspace/out to host [3mout[0m[2m=[0m/tmp/swarm-plane-rooms-2/n6/out/01m2qvcsm4m75m4cdxy35bp2vq
[2m2026-09-17T14:13:39.306740Z[0m [33m WARN[0m [2mrooms::firecracker[0m[2m:[0m failed to remove jail instance dir (active mount?) [3mdir[0m[2m=[0m/home/mh.guest/.local/state/rooms/jailer/firecracker/01m2qvcsm4m75m4cdxy35bp2vq [3merror[0m[2m=[0mNo such file or directory (os error 2)
